Archive member included to satisfy reference by file (symbol)

c:/program files (x86)/atmel/studio/7.0/toolchain/arm/arm-gnu-toolchain/bin/../lib/gcc/arm-none-eabi/6.3.1/thumb/v7e-m\libgcc.a(_aeabi_uldivmod.o)
                              src/can_app.o (__aeabi_uldivmod)
c:/program files (x86)/atmel/studio/7.0/toolchain/arm/arm-gnu-toolchain/bin/../lib/gcc/arm-none-eabi/6.3.1/thumb/v7e-m\libgcc.a(_udivmoddi4.o)
                              c:/program files (x86)/atmel/studio/7.0/toolchain/arm/arm-gnu-toolchain/bin/../lib/gcc/arm-none-eabi/6.3.1/thumb/v7e-m\libgcc.a(_aeabi_uldivmod.o) (__udivmoddi4)
c:/program files (x86)/atmel/studio/7.0/toolchain/arm/arm-gnu-toolchain/bin/../lib/gcc/arm-none-eabi/6.3.1/thumb/v7e-m\libgcc.a(_dvmd_tls.o)
                              c:/program files (x86)/atmel/studio/7.0/toolchain/arm/arm-gnu-toolchain/bin/../lib/gcc/arm-none-eabi/6.3.1/thumb/v7e-m\libgcc.a(_aeabi_uldivmod.o) (__aeabi_ldiv0)
c:/program files (x86)/atmel/studio/7.0/toolchain/arm/arm-gnu-toolchain/bin/../lib/gcc/arm-none-eabi/6.3.1/../../../../arm-none-eabi/lib/thumb/v7e-m\libc.a(lib_a-exit.o)
                              c:/program files (x86)/atmel/studio/7.0/toolchain/arm/arm-gnu-toolchain/bin/../lib/gcc/arm-none-eabi/6.3.1/../../../../arm-none-eabi/lib/thumb/v7e-m/crt0.o (exit)
c:/program files (x86)/atmel/studio/7.0/toolchain/arm/arm-gnu-toolchain/bin/../lib/gcc/arm-none-eabi/6.3.1/../../../../arm-none-eabi/lib/thumb/v7e-m\libc.a(lib_a-impure.o)
                              c:/program files (x86)/atmel/studio/7.0/toolchain/arm/arm-gnu-toolchain/bin/../lib/gcc/arm-none-eabi/6.3.1/../../../../arm-none-eabi/lib/thumb/v7e-m\libc.a(lib_a-exit.o) (_global_impure_ptr)
c:/program files (x86)/atmel/studio/7.0/toolchain/arm/arm-gnu-toolchain/bin/../lib/gcc/arm-none-eabi/6.3.1/../../../../arm-none-eabi/lib/thumb/v7e-m\libc.a(lib_a-init.o)
                              c:/program files (x86)/atmel/studio/7.0/toolchain/arm/arm-gnu-toolchain/bin/../lib/gcc/arm-none-eabi/6.3.1/../../../../arm-none-eabi/lib/thumb/v7e-m/crt0.o (__libc_init_array)
c:/program files (x86)/atmel/studio/7.0/toolchain/arm/arm-gnu-toolchain/bin/../lib/gcc/arm-none-eabi/6.3.1/../../../../arm-none-eabi/lib/thumb/v7e-m\libc.a(lib_a-memcpy.o)
                              src/ASF/thirdparty/freertos/freertos-7.3.0/source/queue.o (memcpy)
c:/program files (x86)/atmel/studio/7.0/toolchain/arm/arm-gnu-toolchain/bin/../lib/gcc/arm-none-eabi/6.3.1/../../../../arm-none-eabi/lib/thumb/v7e-m\libc.a(lib_a-memset.o)
                              c:/program files (x86)/atmel/studio/7.0/toolchain/arm/arm-gnu-toolchain/bin/../lib/gcc/arm-none-eabi/6.3.1/../../../../arm-none-eabi/lib/thumb/v7e-m/crt0.o (memset)
c:/program files (x86)/atmel/studio/7.0/toolchain/arm/arm-gnu-toolchain/bin/../lib/gcc/arm-none-eabi/6.3.1/../../../../arm-none-eabi/lib/thumb/v7e-m\libc.a(lib_a-sprintf.o)
                              src/ASF/thirdparty/freertos/freertos-7.3.0/source/tasks.o (sprintf)
c:/program files (x86)/atmel/studio/7.0/toolchain/arm/arm-gnu-toolchain/bin/../lib/gcc/arm-none-eabi/6.3.1/../../../../arm-none-eabi/lib/thumb/v7e-m\libc.a(lib_a-strcat.o)
                              src/ASF/thirdparty/freertos/freertos-7.3.0/source/tasks.o (strcat)
c:/program files (x86)/atmel/studio/7.0/toolchain/arm/arm-gnu-toolchain/bin/../lib/gcc/arm-none-eabi/6.3.1/../../../../arm-none-eabi/lib/thumb/v7e-m\libc.a(lib_a-strcpy.o)
                              c:/program files (x86)/atmel/studio/7.0/toolchain/arm/arm-gnu-toolchain/bin/../lib/gcc/arm-none-eabi/6.3.1/../../../../arm-none-eabi/lib/thumb/v7e-m\libc.a(lib_a-strcat.o) (strcpy)
c:/program files (x86)/atmel/studio/7.0/toolchain/arm/arm-gnu-toolchain/bin/../lib/gcc/arm-none-eabi/6.3.1/../../../../arm-none-eabi/lib/thumb/v7e-m\libc.a(lib_a-strlen.o)
                              src/ASF/thirdparty/freertos/freertos-7.3.0/source/FreeRTOS_CLI.o (strlen)
c:/program files (x86)/atmel/studio/7.0/toolchain/arm/arm-gnu-toolchain/bin/../lib/gcc/arm-none-eabi/6.3.1/../../../../arm-none-eabi/lib/thumb/v7e-m\libc.a(lib_a-strncmp.o)
                              src/ASF/thirdparty/freertos/freertos-7.3.0/source/FreeRTOS_CLI.o (strncmp)
c:/program files (x86)/atmel/studio/7.0/toolchain/arm/arm-gnu-toolchain/bin/../lib/gcc/arm-none-eabi/6.3.1/../../../../arm-none-eabi/lib/thumb/v7e-m\libc.a(lib_a-strncpy.o)
                              src/ASF/thirdparty/freertos/freertos-7.3.0/source/FreeRTOS_CLI.o (strncpy)
c:/program files (x86)/atmel/studio/7.0/toolchain/arm/arm-gnu-toolchain/bin/../lib/gcc/arm-none-eabi/6.3.1/../../../../arm-none-eabi/lib/thumb/v7e-m\libc.a(lib_a-svfprintf.o)
                              c:/program files (x86)/atmel/studio/7.0/toolchain/arm/arm-gnu-toolchain/bin/../lib/gcc/arm-none-eabi/6.3.1/../../../../arm-none-eabi/lib/thumb/v7e-m\libc.a(lib_a-sprintf.o) (_svfprintf_r)
[...]
Memory Configuration

Name             Origin             Length             Attributes
rom              0x00400000         0x00080000         xr
ram              0x20000000         0x00020000         xrw
*default*        0x00000000         0xffffffff

Linker script and memory map

LOAD c:/program files (x86)/atmel/studio/7.0/toolchain/arm/arm-gnu-toolchain/bin/../lib/gcc/arm-none-eabi/6.3.1/thumb/v7e-m/crti.o
LOAD c:/program files (x86)/atmel/studio/7.0/toolchain/arm/arm-gnu-toolchain/bin/../lib/gcc/arm-none-eabi/6.3.1/thumb/v7e-m/crtbegin.o
LOAD c:/program files (x86)/atmel/studio/7.0/toolchain/arm/arm-gnu-toolchain/bin/../lib/gcc/arm-none-eabi/6.3.1/../../../../arm-none-eabi/lib/thumb/v7e-m/crt0.o
LOAD Device_Startup/startup_sam4e.o
LOAD Device_Startup/system_sam4e.o
LOAD main.o
LOAD src/ASF/common/boards/user_board/board_init.o
LOAD src/ASF/common/services/spi/sam_spi/spi_master.o
LOAD src/ASF/sam/drivers/pio/pio_handler.o
LOAD src/ASF/sam/drivers/spi/spi.o
LOAD src/ASF/sam/drivers/twi/twi.o
LOAD src/ASF/thirdparty/freertos/freertos-7.3.0/source/FreeRTOS_CLI.o
LOAD src/ASF/thirdparty/freertos/freertos-7.3.0/source/list.o
LOAD src/ASF/thirdparty/freertos/freertos-7.3.0/source/portable/gcc/sam_cm4f/port.o
LOAD src/ASF/thirdparty/freertos/freertos-7.3.0/source/portable/memmang/heap_4.o
LOAD src/ASF/thirdparty/freertos/freertos-7.3.0/source/queue.o
LOAD src/ASF/thirdparty/freertos/freertos-7.3.0/source/tasks.o
LOAD src/ASF/thirdparty/freertos/freertos-7.3.0/source/timers.o
LOAD src/can_app.o
LOAD src/spi0.o
LOAD src/tasks.o
LOAD src/TIB_Init.o
LOAD src/ASF/common/services/delay/sam/cycle_counter.o
LOAD src/ASF/common/services/clock/sam4e/sysclk.o
LOAD src/ASF/sam/drivers/can/can.o
LOAD src/ASF/sam/drivers/pio/pio.o
LOAD src/ASF/sam/drivers/pmc/pmc.o
LOAD src/ASF/sam/drivers/pmc/sleep.o
LOAD src/ASF/common/utils/interrupt/interrupt_sam_nvic.o
LOAD src/ASF/sam/utils/syscalls/gcc/syscalls.o
START GROUP
LOAD ../src/ASF/thirdparty/CMSIS/Lib/GCC\libarm_cortexM4lf_math_softfp.a
LOAD c:/program files (x86)/atmel/studio/7.0/toolchain/arm/arm-gnu-toolchain/bin/../lib/gcc/arm-none-eabi/6.3.1/../../../../arm-none-eabi/lib/thumb/v7e-m\libm.a
END GROUP
START GROUP
LOAD c:/program files (x86)/atmel/studio/7.0/toolchain/arm/arm-gnu-toolchain/bin/../lib/gcc/arm-none-eabi/6.3.1/thumb/v7e-m\libgcc.a
LOAD c:/program files (x86)/atmel/studio/7.0/toolchain/arm/arm-gnu-toolchain/bin/../lib/gcc/arm-none-eabi/6.3.1/../../../../arm-none-eabi/lib/thumb/v7e-m\libc.a
END GROUP
LOAD c:/program files (x86)/atmel/studio/7.0/toolchain/arm/arm-gnu-toolchain/bin/../lib/gcc/arm-none-eabi/6.3.1/thumb/v7e-m/crtend.o
LOAD c:/program files (x86)/atmel/studio/7.0/toolchain/arm/arm-gnu-toolchain/bin/../lib/gcc/arm-none-eabi/6.3.1/thumb/v7e-m/crtn.o
                0x00003000                __stack_size__ = DEFINED (__stack_size__)?__stack_size__:0x3000
                0x2001fffc                __ram_end__ = ((ORIGIN (ram) + LENGTH (ram)) - 0x4)

.text           0x00400000     0x43d8
                0x00400000                . = ALIGN (0x4)
                0x00400000                _sfixed = .
 *(.vectors .vectors.*)
 .vectors       0x00400000       0xf8 Device_Startup/startup_sam4e.o
                0x00400000                exception_table
 *(.text .text.* .gnu.linkonce.t.*)
 .text          0x004000f8       0x6c c:/program files (x86)/atmel/studio/7.0/toolchain/arm/arm-gnu-toolchain/bin/../lib/gcc/arm-none-eabi/6.3.1/thumb/v7e-m/crtbegin.o
 .text.Reset_Handler
                0x00400164       0x84 Device_Startup/startup_sam4e.o
                0x00400164                Reset_Handler
 .text.Dummy_Handler
                0x004001e8        0x6 Device_Startup/startup_sam4e.o
                0x004001e8                DACC_Handler
                0x004001e8                DebugMon_Handler
                0x004001e8                DMAC_Handler
                0x004001e8                HardFault_Handler
                0x004001e8                TC2_Handler
                0x004001e8                SPI_Handler
                0x004001e8                TWI1_Handler
                0x004001e8                AFEC1_Handler
                0x004001e8                NMI_Handler
                0x004001e8                TC7_Handler
                0x004001e8                USART0_Handler
                0x004001e8                RTT_Handler
                0x004001e8                RTC_Handler
                0x004001e8                UsageFault_Handler
                0x004001e8                TC6_Handler
                0x004001e8                WDT_Handler
                0x004001e8                CAN0_Handler
                0x004001e8                TC4_Handler
                0x004001e8                TC1_Handler
                0x004001e8                HSMCI_Handler
                0x004001e8                UART1_Handler
                0x004001e8                TC3_Handler
                0x004001e8                ARM_Handler
                0x004001e8                Dummy_Handler
                0x004001e8                TWI0_Handler
                0x004001e8                USART1_Handler
                0x004001e8                AFEC0_Handler
                0x004001e8                ACC_Handler
                0x004001e8                PMC_Handler
                0x004001e8                PWM_Handler
                0x004001e8                GMAC_Handler
                0x004001e8                CAN1_Handler
                0x004001e8                MemManage_Handler
                0x004001e8                SUPC_Handler
                0x004001e8                TC8_Handler
                0x004001e8                EFC_Handler
                0x004001e8                UART0_Handler
                0x004001e8                UDP_Handler
                0x004001e8                BusFault_Handler
                0x004001e8                RSTC_Handler
                0x004001e8                TC0_Handler
                0x004001e8                TC5_Handler
                0x004001e8                AES_Handler
 *fill*         0x004001ee        0x2 
 .text.SystemInit
                0x004001f0       0x7c Device_Startup/system_sam4e.o
                0x004001f0                SystemInit
 .text.SystemCoreClockUpdate
                0x0040026c      0x16c Device_Startup/system_sam4e.o
                0x0040026c                SystemCoreClockUpdate
 .text.main     0x004003d8       0x34 main.o
                0x004003d8                main
 .text.board_init
                0x0040040c       0x8c src/ASF/common/boards/user_board/board_init.o
                0x0040040c                board_init
 .text.pio_handler_process
                0x00400498       0xd4 src/ASF/sam/drivers/pio/pio_handler.o
                0x00400498                pio_handler_process
 .text.PIOA_Handler
                0x0040056c       0x18 src/ASF/sam/drivers/pio/pio_handler.o
                0x0040056c                PIOA_Handler
 .text.PIOB_Handler
                0x00400584       0x18 src/ASF/sam/drivers/pio/pio_handler.o
                0x00400584                PIOB_Handler
 .text.PIOC_Handler
                0x0040059c       0x18 src/ASF/sam/drivers/pio/pio_handler.o
                0x0040059c                PIOC_Handler
 .text.PIOD_Handler
                0x004005b4       0x18 src/ASF/sam/drivers/pio/pio_handler.o
                0x004005b4                PIOD_Handler
 .text.PIOE_Handler
                0x004005cc       0x18 src/ASF/sam/drivers/pio/pio_handler.o
                0x004005cc                PIOE_Handler
 .text.vListInitialise
                0x004005e4       0x40 src/ASF/thirdparty/freertos/freertos-7.3.0/source/list.o
                0x004005e4                vListInitialise
 .text.vListInitialiseItem
                0x00400624       0x1a src/ASF/thirdparty/freertos/freertos-7.3.0/source/list.o
                0x00400624                vListInitialiseItem
 .text.vListInsertEnd
                0x0040063e       0x50 src/ASF/thirdparty/freertos/freertos-7.3.0/source/list.o
                0x0040063e                vListInsertEnd
 .text.vListInsert
                0x0040068e       0x72 src/ASF/thirdparty/freertos/freertos-7.3.0/source/list.o
                0x0040068e                vListInsert
 .text.uxListRemove
                0x00400700       0x54 src/ASF/thirdparty/freertos/freertos-7.3.0/source/list.o
                0x00400700                uxListRemove
 .text.osc_get_rate
                0x00400754       0x78 src/ASF/thirdparty/freertos/freertos-7.3.0/source/portable/gcc/sam_cm4f/port.o
 .text.sysclk_get_main_hz
                0x004007cc       0x20 src/ASF/thirdparty/freertos/freertos-7.3.0/source/portable/gcc/sam_cm4f/port.o
 .text.sysclk_get_cpu_hz
                0x004007ec       0x14 src/ASF/thirdparty/freertos/freertos-7.3.0/source/portable/gcc/sam_cm4f/port.o
 .text.pxPortInitialiseStack
                0x00400800       0x60 src/ASF/thirdparty/freertos/freertos-7.3.0/source/portable/gcc/sam_cm4f/port.o
                0x00400800                pxPortInitialiseStack
 .text.SVC_Handler
                0x00400860       0x20 src/ASF/thirdparty/freertos/freertos-7.3.0/source/portable/gcc/sam_cm4f/port.o
                0x00400860                SVC_Handler
 .text.prvPortStartFirstTask
                0x00400880       0x18 src/ASF/thirdparty/freertos/freertos-7.3.0/source/portable/gcc/sam_cm4f/port.o
 .text.xPortStartScheduler
                0x00400898       0x58 src/ASF/thirdparty/freertos/freertos-7.3.0/source/portable/gcc/sam_cm4f/port.o
                0x00400898                xPortStartScheduler
 .text.vPortYieldFromISR
                0x004008f0       0x1c src/ASF/thirdparty/freertos/freertos-7.3.0/source/portable/gcc/sam_cm4f/port.o
                0x004008f0                vPortYieldFromISR
 .text.vPortEnterCritical
                0x0040090c       0x20 src/ASF/thirdparty/freertos/freertos-7.3.0/source/portable/gcc/sam_cm4f/port.o
                0x0040090c                vPortEnterCritical
 .text.vPortExitCritical
                0x0040092c       0x28 src/ASF/thirdparty/freertos/freertos-7.3.0/source/portable/gcc/sam_cm4f/port.o
                0x0040092c                vPortExitCritical
 .text.ulPortSetInterruptMask
                0x00400954       0x12 src/ASF/thirdparty/freertos/freertos-7.3.0/source/portable/gcc/sam_cm4f/port.o
                0x00400954                ulPortSetInterruptMask
 .text.vPortClearInterruptMask
                0x00400966        0x8 src/ASF/thirdparty/freertos/freertos-7.3.0/source/portable/gcc/sam_cm4f/port.o
                0x00400966                vPortClearInterruptMask
 *fill*         0x0040096e        0x2 
 .text.PendSV_Handler
                0x00400970       0x54 src/ASF/thirdparty/freertos/freertos-7.3.0/source/portable/gcc/sam_cm4f/port.o
                0x00400970                PendSV_Handler
 .text.SysTick_Handler
                0x004009c4       0x30 src/ASF/thirdparty/freertos/freertos-7.3.0/source/portable/gcc/sam_cm4f/port.o
                0x004009c4                SysTick_Handler
 .text.vPortSetupTimerInterrupt
                0x004009f4       0x34 src/ASF/thirdparty/freertos/freertos-7.3.0/source/portable/gcc/sam_cm4f/port.o
                0x004009f4                vPortSetupTimerInterrupt
 .text.vPortEnableVFP
                0x00400a28       0x14 src/ASF/thirdparty/freertos/freertos-7.3.0/source/portable/gcc/sam_cm4f/port.o
 .text.pvPortMalloc
                0x00400a3c       0xfc src/ASF/thirdparty/freertos/freertos-7.3.0/source/portable/memmang/heap_4.o
                0x00400a3c                pvPortMalloc
 .text.vPortFree
                0x00400b38       0x54 src/ASF/thirdparty/freertos/freertos-7.3.0/source/portable/memmang/heap_4.o
                0x00400b38                vPortFree
 .text.prvHeapInit
                0x00400b8c       0x90 src/ASF/thirdparty/freertos/freertos-7.3.0/source/portable/memmang/heap_4.o
 .text.prvInsertBlockIntoFreeList
                0x00400c1c       0xb4 src/ASF/thirdparty/freertos/freertos-7.3.0/source/portable/memmang/heap_4.o
 .text.xQueueGenericReset
                0x00400cd0       0xc8 src/ASF/thirdparty/freertos/freertos-7.3.0/source/queue.o
                0x00400cd0                xQueueGenericReset
 .text.xQueueGenericCreate
                0x00400d98       0x98 src/ASF/thirdparty/freertos/freertos-7.3.0/source/queue.o
                0x00400d98                xQueueGenericCreate
 .text.xQueueGenericSend
                0x00400e30      0x168 src/ASF/thirdparty/freertos/freertos-7.3.0/source/queue.o
                0x00400e30                xQueueGenericSend
 .text.xQueueGenericSendFromISR
                0x00400f98       0xbc src/ASF/thirdparty/freertos/freertos-7.3.0/source/queue.o
                0x00400f98                xQueueGenericSendFromISR
 .text.xQueueGenericReceive
                0x00401054      0x1d4 src/ASF/thirdparty/freertos/freertos-7.3.0/source/queue.o
                0x00401054                xQueueGenericReceive
 .text.prvCopyDataToQueue
                0x00401228       0xc0 src/ASF/thirdparty/freertos/freertos-7.3.0/source/queue.o
 .text.prvCopyDataFromQueue
                0x004012e8       0x50 src/ASF/thirdparty/freertos/freertos-7.3.0/source/queue.o
 .text.prvUnlockQueue
                0x00401338       0xa8 src/ASF/thirdparty/freertos/freertos-7.3.0/source/queue.o
 .text.prvIsQueueEmpty
                0x004013e0       0x34 src/ASF/thirdparty/freertos/freertos-7.3.0/source/queue.o
 .text.prvIsQueueFull
                0x00401414       0x38 src/ASF/thirdparty/freertos/freertos-7.3.0/source/queue.o
 .text.vQueueWaitForMessageRestricted
                0x0040144c       0x64 src/ASF/thirdparty/freertos/freertos-7.3.0/source/queue.o
                0x0040144c                vQueueWaitForMessageRestricted
 .text.xTaskGenericCreate
                0x004014b0      0x1a8 src/ASF/thirdparty/freertos/freertos-7.3.0/source/tasks.o
                0x004014b0                xTaskGenericCreate
 .text.vTaskDelay
                0x00401658       0x68 src/ASF/thirdparty/freertos/freertos-7.3.0/source/tasks.o
                0x00401658                vTaskDelay
 .text.vTaskStartScheduler
                0x004016c0       0x80 src/ASF/thirdparty/freertos/freertos-7.3.0/source/tasks.o
                0x004016c0                vTaskStartScheduler
 .text.vTaskSuspendAll
                0x00401740       0x1c src/ASF/thirdparty/freertos/freertos-7.3.0/source/tasks.o
                0x00401740                vTaskSuspendAll
 .text.xTaskResumeAll
                0x0040175c      0x120 src/ASF/thirdparty/freertos/freertos-7.3.0/source/tasks.o
                0x0040175c                xTaskResumeAll
 .text.xTaskGetTickCount
                0x0040187c       0x2c src/ASF/thirdparty/freertos/freertos-7.3.0/source/tasks.o
                0x0040187c                xTaskGetTickCount
 .text.vTaskIncrementTick
                0x004018a8      0x14c src/ASF/thirdparty/freertos/freertos-7.3.0/source/tasks.o
                0x004018a8                vTaskIncrementTick
 .text.vTaskSwitchContext
                0x004019f4       0xa4 src/ASF/thirdparty/freertos/freertos-7.3.0/source/tasks.o
                0x004019f4                vTaskSwitchContext
 .text.vTaskPlaceOnEventList
                0x00401a98       0x84 src/ASF/thirdparty/freertos/freertos-7.3.0/source/tasks.o
                0x00401a98                vTaskPlaceOnEventList
 .text.vTaskPlaceOnEventListRestricted
                0x00401b1c       0x64 src/ASF/thirdparty/freertos/freertos-7.3.0/source/tasks.o
                0x00401b1c                vTaskPlaceOnEventListRestricted
 .text.xTaskRemoveFromEventList
                0x00401b80       0xbc src/ASF/thirdparty/freertos/freertos-7.3.0/source/tasks.o
                0x00401b80                xTaskRemoveFromEventList
 .text.vTaskSetTimeOutState
                0x00401c3c       0x3c src/ASF/thirdparty/freertos/freertos-7.3.0/source/tasks.o
                0x00401c3c                vTaskSetTimeOutState
 .text.xTaskCheckForTimeOut
                0x00401c78       0xb4 src/ASF/thirdparty/freertos/freertos-7.3.0/source/tasks.o
                0x00401c78                xTaskCheckForTimeOut
 .text.vTaskMissedYield
                0x00401d2c       0x18 src/ASF/thirdparty/freertos/freertos-7.3.0/source/tasks.o
                0x00401d2c                vTaskMissedYield
 .text.prvIdleTask
                0x00401d44       0x28 src/ASF/thirdparty/freertos/freertos-7.3.0/source/tasks.o
 .text.prvInitialiseTCBVariables
                0x00401d6c       0x74 src/ASF/thirdparty/freertos/freertos-7.3.0/source/tasks.o
 .text.prvInitialiseTaskLists
                0x00401de0       0x84 src/ASF/thirdparty/freertos/freertos-7.3.0/source/tasks.o
 .text.prvCheckTasksWaitingTermination
                0x00401e64       0x90 src/ASF/thirdparty/freertos/freertos-7.3.0/source/tasks.o
 .text.prvAddCurrentTaskToDelayedList
                0x00401ef4       0x70 src/ASF/thirdparty/freertos/freertos-7.3.0/source/tasks.o
 .text.prvAllocateTCBAndStack
                0x00401f64       0x70 src/ASF/thirdparty/freertos/freertos-7.3.0/source/tasks.o
 .text.prvDeleteTCB
                0x00401fd4       0x24 src/ASF/thirdparty/freertos/freertos-7.3.0/source/tasks.o
 .text.xTaskGetCurrentTaskHandle
                0x00401ff8       0x20 src/ASF/thirdparty/freertos/freertos-7.3.0/source/tasks.o
                0x00401ff8                xTaskGetCurrentTaskHandle
 .text.xTaskGetSchedulerState
                0x00402018       0x3c src/ASF/thirdparty/freertos/freertos-7.3.0/source/tasks.o
                0x00402018                xTaskGetSchedulerState
 .text.vTaskPriorityInherit
                0x00402054       0xb4 src/ASF/thirdparty/freertos/freertos-7.3.0/source/tasks.o
                0x00402054                vTaskPriorityInherit
 .text.vTaskPriorityDisinherit
                0x00402108       0x84 src/ASF/thirdparty/freertos/freertos-7.3.0/source/tasks.o
                0x00402108                vTaskPriorityDisinherit
 .text.xTimerCreateTimerTask
                0x0040218c       0x68 src/ASF/thirdparty/freertos/freertos-7.3.0/source/timers.o
                0x0040218c                xTimerCreateTimerTask
 .text.xTimerGenericCommand
                0x004021f4       0x8c src/ASF/thirdparty/freertos/freertos-7.3.0/source/timers.o
                0x004021f4                xTimerGenericCommand
 .text.prvProcessExpiredTimer
                0x00402280       0x84 src/ASF/thirdparty/freertos/freertos-7.3.0/source/timers.o
 .text.prvTimerTask
                0x00402304       0x30 src/ASF/thirdparty/freertos/freertos-7.3.0/source/timers.o
 .text.prvProcessTimerOrBlockTask
                0x00402334       0x84 src/ASF/thirdparty/freertos/freertos-7.3.0/source/timers.o
 .text.prvGetNextExpireTime
                0x004023b8       0x48 src/ASF/thirdparty/freertos/freertos-7.3.0/source/timers.o
 .text.prvSampleTimeNow
                0x00402400       0x4c src/ASF/thirdparty/freertos/freertos-7.3.0/source/timers.o
 .text.prvInsertTimerInActiveList
                0x0040244c       0x88 src/ASF/thirdparty/freertos/freertos-7.3.0/source/timers.o
 .text.prvProcessReceivedCommands
                0x004024d4      0x10c src/ASF/thirdparty/freertos/freertos-7.3.0/source/timers.o
 .text.prvSwitchTimerLists
                0x004025e0       0xc8 src/ASF/thirdparty/freertos/freertos-7.3.0/source/timers.o
 .text.prvCheckForValidListAndQueue
                0x004026a8       0x64 src/ASF/thirdparty/freertos/freertos-7.3.0/source/timers.o
 .text.osc_get_rate
                0x0040270c       0x78 src/can_app.o
 .text.sysclk_get_main_hz
                0x00402784       0x20 src/can_app.o
 .text.sysclk_get_cpu_hz
                0x004027a4       0x14 src/can_app.o
 .text.sysclk_get_peripheral_hz
                0x004027b8       0x14 src/can_app.o
 .text.can0_configure_pins_local
                0x004027cc       0x38 src/can_app.o
 .text.can_app_init
                0x00402804      0x24c src/can_app.o
                0x00402804                can_app_init
 .text.can_verify_bitrate
                0x00402a50       0xac src/can_app.o
                0x00402a50                can_verify_bitrate
 .text.can_app_tx
                0x00402afc      0x1d4 src/can_app.o
                0x00402afc                can_app_tx
 .text.can_app_reset
                0x00402cd0      0x128 src/can_app.o
                0x00402cd0                can_app_reset
 .text.can_rx_task
                0x00402df8      0x138 src/can_app.o
                0x00402df8                can_rx_task
 .text.can_app_get_status
                0x00402f30       0x68 src/can_app.o
                0x00402f30                can_app_get_status
 .text.can_diagnostic_info
                0x00402f98       0xf8 src/can_app.o
                0x00402f98                can_diagnostic_info
 .text.can_status_task
                0x00403090       0x78 src/can_app.o
                0x00403090                can_status_task
 .text.spi0_config_pins
                0x00403108       0x4c src/spi0.o
 .text.spi0_init
                0x00403154       0x6c src/spi0.o
                0x00403154                spi0_init
 .text.task_test
                0x004031c0       0x38 src/tasks.o
                0x004031c0                task_test
 .text.create_application_tasks
                0x004031f8       0x84 src/tasks.o
                0x004031f8                create_application_tasks
 .text.TIB_Init
                0x0040327c       0x3c src/TIB_Init.o
                0x0040327c                TIB_Init
 .text.can_set_baudrate
                0x004032b8      0x150 src/ASF/sam/drivers/can/can.o
 .text.can_init
                0x00403408       0x88 src/ASF/sam/drivers/can/can.o
                0x00403408                can_init
 .text.can_enable
                0x00403490       0x20 src/ASF/sam/drivers/can/can.o
                0x00403490                can_enable
 .text.can_disable
                0x004034b0       0x20 src/ASF/sam/drivers/can/can.o
                0x004034b0                can_disable
 .text.can_get_status
                0x004034d0       0x18 src/ASF/sam/drivers/can/can.o
                0x004034d0                can_get_status
 .text.can_get_tx_error_cnt
                0x004034e8       0x1c src/ASF/sam/drivers/can/can.o
                0x004034e8                can_get_tx_error_cnt
 .text.can_get_rx_error_cnt
                0x00403504       0x1a src/ASF/sam/drivers/can/can.o
                0x00403504                can_get_rx_error_cnt
 .text.can_global_send_transfer_cmd
                0x0040351e       0x2c src/ASF/sam/drivers/can/can.o
                0x0040351e                can_global_send_transfer_cmd
 .text.can_mailbox_get_status
                0x0040354a       0x26 src/ASF/sam/drivers/can/can.o
                0x0040354a                can_mailbox_get_status
 .text.can_mailbox_send_transfer_cmd
                0x00403570       0x38 src/ASF/sam/drivers/can/can.o
                0x00403570                can_mailbox_send_transfer_cmd
 .text.can_mailbox_init
                0x004035a8      0x124 src/ASF/sam/drivers/can/can.o
                0x004035a8                can_mailbox_init
 .text.can_mailbox_read
                0x004036cc       0xc4 src/ASF/sam/drivers/can/can.o
                0x004036cc                can_mailbox_read
 .text.can_mailbox_write
                0x00403790       0xb8 src/ASF/sam/drivers/can/can.o
                0x00403790                can_mailbox_write
 .text.can_reset_all_mailbox
                0x00403848       0x44 src/ASF/sam/drivers/can/can.o
                0x00403848                can_reset_all_mailbox
 .text.pio_pull_up
                0x0040388c       0x2c src/ASF/sam/drivers/pio/pio.o
                0x0040388c                pio_pull_up
 .text.pio_set_peripheral
                0x004038b8      0x110 src/ASF/sam/drivers/pio/pio.o
                0x004038b8                pio_set_peripheral
 .text.pio_set_input
                0x004039c8       0x80 src/ASF/sam/drivers/pio/pio.o
                0x004039c8                pio_set_input
 .text.pio_set_output
                0x00403a48       0x64 src/ASF/sam/drivers/pio/pio.o
                0x00403a48                pio_set_output
 .text.pio_configure
                0x00403aac       0xcc src/ASF/sam/drivers/pio/pio.o
                0x00403aac                pio_configure
 .text.pio_disable_interrupt
                0x00403b78       0x1c src/ASF/sam/drivers/pio/pio.o
                0x00403b78                pio_disable_interrupt
 .text.pio_get_interrupt_status
                0x00403b94       0x18 src/ASF/sam/drivers/pio/pio.o
                0x00403b94                pio_get_interrupt_status
 .text.pio_get_interrupt_mask
                0x00403bac       0x18 src/ASF/sam/drivers/pio/pio.o
                0x00403bac                pio_get_interrupt_mask
 .text.pmc_enable_periph_clk
                0x00403bc4       0x84 src/ASF/sam/drivers/pmc/pmc.o
                0x00403bc4                pmc_enable_periph_clk
 .text          0x00403c48       0x30 c:/program files (x86)/atmel/studio/7.0/toolchain/arm/arm-gnu-toolchain/bin/../lib/gcc/arm-none-eabi/6.3.1/thumb/v7e-m\libgcc.a(_aeabi_uldivmod.o)
                0x00403c48                __aeabi_uldivmod
 .text          0x00403c78      0x2dc c:/program files (x86)/atmel/studio/7.0/toolchain/arm/arm-gnu-toolchain/bin/../lib/gcc/arm-none-eabi/6.3.1/thumb/v7e-m\libgcc.a(_udivmoddi4.o)
                0x00403c78                __udivmoddi4
 .text          0x00403f54        0x4 c:/program files (x86)/atmel/studio/7.0/toolchain/arm/arm-gnu-toolchain/bin/../lib/gcc/arm-none-eabi/6.3.1/thumb/v7e-m\libgcc.a(_dvmd_tls.o)
                0x00403f54                __aeabi_idiv0
                0x00403f54                __aeabi_ldiv0
 .text.__libc_init_array
                0x00403f58       0x50 c:/program files (x86)/atmel/studio/7.0/toolchain/arm/arm-gnu-toolchain/bin/../lib/gcc/arm-none-eabi/6.3.1/../../../../arm-none-eabi/lib/thumb/v7e-m\libc.a(lib_a-init.o)
                0x00403f58                __libc_init_array
 .text          0x00403fa8      0x134 c:/program files (x86)/atmel/studio/7.0/toolchain/arm/arm-gnu-toolchain/bin/../lib/gcc/arm-none-eabi/6.3.1/../../../../arm-none-eabi/lib/thumb/v7e-m\libc.a(lib_a-memcpy.o)
                0x00403fa8                memcpy
 .text.memset   0x004040dc       0x9c c:/program files (x86)/atmel/studio/7.0/toolchain/arm/arm-gnu-toolchain/bin/../lib/gcc/arm-none-eabi/6.3.1/../../../../arm-none-eabi/lib/thumb/v7e-m\libc.a(lib_a-memset.o)
                0x004040dc                memset
 .text.strncpy  0x00404178       0x64 c:/program files (x86)/atmel/studio/7.0/toolchain/arm/arm-gnu-toolchain/bin/../lib/gcc/arm-none-eabi/6.3.1/../../../../arm-none-eabi/lib/thumb/v7e-m\libc.a(lib_a-strncpy.o)
                0x00404178                strncpy
 .text.startup.register_fini
                0x004041dc       0x14 c:/program files (x86)/atmel/studio/7.0/toolchain/arm/arm-gnu-toolchain/bin/../lib/gcc/arm-none-eabi/6.3.1/../../../../arm-none-eabi/lib/thumb/v7e-m\libc.a(lib_a-__call_atexit.o)
 .text.atexit   0x004041f0        0xc c:/program files (x86)/atmel/studio/7.0/toolchain/arm/arm-gnu-toolchain/bin/../lib/gcc/arm-none-eabi/6.3.1/../../../../arm-none-eabi/lib/thumb/v7e-m\libc.a(lib_a-atexit.o)
                0x004041f0                atexit
 .text.__libc_fini_array
                0x004041fc       0x34 c:/program files (x86)/atmel/studio/7.0/toolchain/arm/arm-gnu-toolchain/bin/../lib/gcc/arm-none-eabi/6.3.1/../../../../arm-none-eabi/lib/thumb/v7e-m\libc.a(lib_a-fini.o)
                0x004041fc                __libc_fini_array
 .text.__retarget_lock_acquire_recursive
                0x00404230        0x4 c:/program files (x86)/atmel/studio/7.0/toolchain/arm/arm-gnu-toolchain/bin/../lib/gcc/arm-none-eabi/6.3.1/../../../../arm-none-eabi/lib/thumb/v7e-m\libc.a(lib_a-lock.o)
                0x00404230                __retarget_lock_acquire_recursive
 .text.__retarget_lock_release_recursive
                0x00404234        0x4 c:/program files (x86)/atmel/studio/7.0/toolchain/arm/arm-gnu-toolchain/bin/../lib/gcc/arm-none-eabi/6.3.1/../../../../arm-none-eabi/lib/thumb/v7e-m\libc.a(lib_a-lock.o)
                0x00404234                __retarget_lock_release_recursive
 .text.__register_exitproc
                0x00404238       0xc4 c:/program files (x86)/atmel/studio/7.0/toolchain/arm/arm-gnu-toolchain/bin/../lib/gcc/arm-none-eabi/6.3.1/../../../../arm-none-eabi/lib/thumb/v7e-m\libc.a(lib_a-__atexit.o)
                0x00404238                __register_exitproc
 *(.glue_7t)
 .glue_7t       0x004042fc        0x0 linker stubs
 *(.glue_7)
 .glue_7        0x004042fc        0x0 linker stubs
 *(.rodata .rodata* .gnu.linkonce.r.*)
 .rodata        0x004042fc       0x1e src/ASF/thirdparty/freertos/freertos-7.3.0/source/tasks.o
 *fill*         0x0040431a        0x2 
 .rodata        0x0040431c        0x8 src/ASF/thirdparty/freertos/freertos-7.3.0/source/timers.o
 .rodata        0x00404324       0x1d src/tasks.o
 *fill*         0x00404341        0x3 
 .rodata.can_bit_time
                0x00404344       0x6c src/ASF/sam/drivers/can/can.o
                0x00404344                can_bit_time
 .rodata._global_impure_ptr
                0x004043b0        0x4 c:/program files (x86)/atmel/studio/7.0/toolchain/arm/arm-gnu-toolchain/bin/../lib/gcc/arm-none-eabi/6.3.1/../../../../arm-none-eabi/lib/thumb/v7e-m\libc.a(lib_a-impure.o)
                0x004043b0                _global_impure_ptr
 *(.ARM.extab* .gnu.linkonce.armextab.*)
                0x004043b4                . = ALIGN (0x4)
 *(.init)
 .init          0x004043b4        0x4 c:/program files (x86)/atmel/studio/7.0/toolchain/arm/arm-gnu-toolchain/bin/../lib/gcc/arm-none-eabi/6.3.1/thumb/v7e-m/crti.o
                0x004043b4                _init
 .init          0x004043b8        0x8 c:/program files (x86)/atmel/studio/7.0/toolchain/arm/arm-gnu-toolchain/bin/../lib/gcc/arm-none-eabi/6.3.1/thumb/v7e-m/crtn.o
                0x004043c0                . = ALIGN (0x4)
                0x004043c0                __preinit_array_start = .
 *(.preinit_array)
                0x004043c0                __preinit_array_end = .
                0x004043c0                . = ALIGN (0x4)
                0x004043c0                __init_array_start = .
 *(SORT(.init_array.*))
 .init_array.00000
                0x004043c0        0x4 c:/program files (x86)/atmel/studio/7.0/toolchain/arm/arm-gnu-toolchain/bin/../lib/gcc/arm-none-eabi/6.3.1/../../../../arm-none-eabi/lib/thumb/v7e-m\libc.a(lib_a-__call_atexit.o)
 *(.init_array)
 .init_array    0x004043c4        0x4 c:/program files (x86)/atmel/studio/7.0/toolchain/arm/arm-gnu-toolchain/bin/../lib/gcc/arm-none-eabi/6.3.1/thumb/v7e-m/crtbegin.o
                0x004043c8                __init_array_end = .
                0x004043c8                . = ALIGN (0x4)
 *crtbegin.o(.ctors)
 *(EXCLUDE_FILE(*crtend.o) .ctors)
 *(SORT(.ctors.*))
 *crtend.o(.ctors)
                0x004043c8                . = ALIGN (0x4)
 *(.fini)
 .fini          0x004043c8        0x4 c:/program files (x86)/atmel/studio/7.0/toolchain/arm/arm-gnu-toolchain/bin/../lib/gcc/arm-none-eabi/6.3.1/thumb/v7e-m/crti.o
                0x004043c8                _fini
 .fini          0x004043cc        0x8 c:/program files (x86)/atmel/studio/7.0/toolchain/arm/arm-gnu-toolchain/bin/../lib/gcc/arm-none-eabi/6.3.1/thumb/v7e-m/crtn.o
                0x004043d4                . = ALIGN (0x4)
                0x004043d4                __fini_array_start = .
 *(.fini_array)
 .fini_array    0x004043d4        0x4 c:/program files (x86)/atmel/studio/7.0/toolchain/arm/arm-gnu-toolchain/bin/../lib/gcc/arm-none-eabi/6.3.1/thumb/v7e-m/crtbegin.o
 *(SORT(.fini_array.*))
                0x004043d8                __fini_array_end = .
 *crtbegin.o(.dtors)
 *(EXCLUDE_FILE(*crtend.o) .dtors)
 *(SORT(.dtors.*))
 *crtend.o(.dtors)
                0x004043d8                . = ALIGN (0x4)
                0x004043d8                _efixed = .
                [!provide]                PROVIDE (__exidx_start, .)

.vfp11_veneer   0x004043d8        0x0
 .vfp11_veneer  0x004043d8        0x0 linker stubs

.v4_bx          0x004043d8        0x0
 .v4_bx         0x004043d8        0x0 linker stubs

.iplt           0x004043d8        0x0
 .iplt          0x004043d8        0x0 c:/program files (x86)/atmel/studio/7.0/toolchain/arm/arm-gnu-toolchain/bin/../lib/gcc/arm-none-eabi/6.3.1/thumb/v7e-m/crtbegin.o

.ARM.exidx      0x004043d8        0x8
 *(.ARM.exidx* .gnu.linkonce.armexidx.*)
 .ARM.exidx     0x004043d8        0x8 c:/program files (x86)/atmel/studio/7.0/toolchain/arm/arm-gnu-toolchain/bin/../lib/gcc/arm-none-eabi/6.3.1/thumb/v7e-m\libgcc.a(_udivmoddi4.o)
                [!provide]                PROVIDE (__exidx_end, .)

.eh_frame       0x004043e0        0x0
 .eh_frame      0x004043e0        0x0 c:/program files (x86)/atmel/studio/7.0/toolchain/arm/arm-gnu-toolchain/bin/../lib/gcc/arm-none-eabi/6.3.1/thumb/v7e-m/crtbegin.o

.rel.dyn        0x004043e0        0x0
 .rel.iplt      0x004043e0        0x0 c:/program files (x86)/atmel/studio/7.0/toolchain/arm/arm-gnu-toolchain/bin/../lib/gcc/arm-none-eabi/6.3.1/thumb/v7e-m/crtbegin.o

.jcr            0x004043e0        0x0
 .jcr           0x004043e0        0x0 c:/program files (x86)/atmel/studio/7.0/toolchain/arm/arm-gnu-toolchain/bin/../lib/gcc/arm-none-eabi/6.3.1/thumb/v7e-m/crtbegin.o

.igot.plt       0x004043e0        0x0
 .igot.plt      0x004043e0        0x0 c:/program files (x86)/atmel/studio/7.0/toolchain/arm/arm-gnu-toolchain/bin/../lib/gcc/arm-none-eabi/6.3.1/thumb/v7e-m/crtbegin.o
                0x004043e0                . = ALIGN (0x4)
                0x004043e0                _etext = .

.relocate       0x20000000      0x44c load address 0x004043e0
                0x20000000                . = ALIGN (0x4)
                0x20000000                _srelocate = .
 *(.ramfunc .ramfunc.*)
 .ramfunc       0x20000000        0xa src/ASF/common/services/delay/sam/cycle_counter.o
                0x20000000                portable_delay_cycles
 *(.data .data.*)
 *fill*         0x2000000a        0x2 
 .data.SystemCoreClock
                0x2000000c        0x4 Device_Startup/system_sam4e.o
                0x2000000c                SystemCoreClock
 .data.uxCriticalNesting
                0x20000010        0x4 src/ASF/thirdparty/freertos/freertos-7.3.0/source/portable/gcc/sam_cm4f/port.o
 .data.xFreeBytesRemaining
                0x20000014        0x4 src/ASF/thirdparty/freertos/freertos-7.3.0/source/portable/memmang/heap_4.o
 .data.xNextTaskUnblockTime
                0x20000018        0x4 src/ASF/thirdparty/freertos/freertos-7.3.0/source/tasks.o
 *fill*         0x2000001c        0x4 
 .data.impure_data
                0x20000020      0x428 c:/program files (x86)/atmel/studio/7.0/toolchain/arm/arm-gnu-toolchain/bin/../lib/gcc/arm-none-eabi/6.3.1/../../../../arm-none-eabi/lib/thumb/v7e-m\libc.a(lib_a-impure.o)
 .data.__atexit_recursive_mutex
                0x20000448        0x4 c:/program files (x86)/atmel/studio/7.0/toolchain/arm/arm-gnu-toolchain/bin/../lib/gcc/arm-none-eabi/6.3.1/../../../../arm-none-eabi/lib/thumb/v7e-m\libc.a(lib_a-__call_atexit.o)
                0x20000448                __atexit_recursive_mutex
                0x2000044c                . = ALIGN (0x4)
                0x2000044c                _erelocate = .

.bss            0x20000450     0xa1fc load address 0x00404830
                0x20000450                . = ALIGN (0x4)
                0x20000450                _sbss = .
                0x20000450                _szero = .
 *(.bss .bss.*)
 .bss           0x20000450       0x1c c:/program files (x86)/atmel/studio/7.0/toolchain/arm/arm-gnu-toolchain/bin/../lib/gcc/arm-none-eabi/6.3.1/thumb/v7e-m/crtbegin.o
 .bss.gs_interrupt_sources
                0x2000046c       0x70 src/ASF/sam/drivers/pio/pio_handler.o
 .bss.pio_capture_handler
                0x200004dc        0x4 src/ASF/sam/drivers/pio/pio_handler.o
 .bss.xHeap     0x200004e0     0xa000 src/ASF/thirdparty/freertos/freertos-7.3.0/source/portable/memmang/heap_4.o
 .bss.xStart    0x2000a4e0        0x8 src/ASF/thirdparty/freertos/freertos-7.3.0/source/portable/memmang/heap_4.o
 .bss.pxEnd     0x2000a4e8        0x4 src/ASF/thirdparty/freertos/freertos-7.3.0/source/portable/memmang/heap_4.o
 .bss.pxCurrentTCB
                0x2000a4ec        0x4 src/ASF/thirdparty/freertos/freertos-7.3.0/source/tasks.o
                0x2000a4ec                pxCurrentTCB
 .bss.pxReadyTasksLists
                0x2000a4f0       0x64 src/ASF/thirdparty/freertos/freertos-7.3.0/source/tasks.o
 .bss.xDelayedTaskList1
                0x2000a554       0x14 src/ASF/thirdparty/freertos/freertos-7.3.0/source/tasks.o
 .bss.xDelayedTaskList2
                0x2000a568       0x14 src/ASF/thirdparty/freertos/freertos-7.3.0/source/tasks.o
 .bss.pxDelayedTaskList
                0x2000a57c        0x4 src/ASF/thirdparty/freertos/freertos-7.3.0/source/tasks.o
 .bss.pxOverflowDelayedTaskList
                0x2000a580        0x4 src/ASF/thirdparty/freertos/freertos-7.3.0/source/tasks.o
 .bss.xPendingReadyList
                0x2000a584       0x14 src/ASF/thirdparty/freertos/freertos-7.3.0/source/tasks.o
 .bss.xTasksWaitingTermination
                0x2000a598       0x14 src/ASF/thirdparty/freertos/freertos-7.3.0/source/tasks.o
 .bss.uxTasksDeleted
                0x2000a5ac        0x4 src/ASF/thirdparty/freertos/freertos-7.3.0/source/tasks.o
 .bss.xSuspendedTaskList
                0x2000a5b0       0x14 src/ASF/thirdparty/freertos/freertos-7.3.0/source/tasks.o
 .bss.uxCurrentNumberOfTasks
                0x2000a5c4        0x4 src/ASF/thirdparty/freertos/freertos-7.3.0/source/tasks.o
 .bss.xTickCount
                0x2000a5c8        0x4 src/ASF/thirdparty/freertos/freertos-7.3.0/source/tasks.o
 .bss.uxTopUsedPriority
                0x2000a5cc        0x4 src/ASF/thirdparty/freertos/freertos-7.3.0/source/tasks.o
 .bss.uxTopReadyPriority
                0x2000a5d0        0x4 src/ASF/thirdparty/freertos/freertos-7.3.0/source/tasks.o
 .bss.xSchedulerRunning
                0x2000a5d4        0x4 src/ASF/thirdparty/freertos/freertos-7.3.0/source/tasks.o
 .bss.uxSchedulerSuspended
                0x2000a5d8        0x4 src/ASF/thirdparty/freertos/freertos-7.3.0/source/tasks.o
 .bss.uxMissedTicks
                0x2000a5dc        0x4 src/ASF/thirdparty/freertos/freertos-7.3.0/source/tasks.o
 .bss.xMissedYield
                0x2000a5e0        0x4 src/ASF/thirdparty/freertos/freertos-7.3.0/source/tasks.o
 .bss.xNumOfOverflows
                0x2000a5e4        0x4 src/ASF/thirdparty/freertos/freertos-7.3.0/source/tasks.o
 .bss.uxTaskNumber
                0x2000a5e8        0x4 src/ASF/thirdparty/freertos/freertos-7.3.0/source/tasks.o
 .bss.xActiveTimerList1
                0x2000a5ec       0x14 src/ASF/thirdparty/freertos/freertos-7.3.0/source/timers.o
 .bss.xActiveTimerList2
                0x2000a600       0x14 src/ASF/thirdparty/freertos/freertos-7.3.0/source/timers.o
 .bss.pxCurrentTimerList
                0x2000a614        0x4 src/ASF/thirdparty/freertos/freertos-7.3.0/source/timers.o
 .bss.pxOverflowTimerList
                0x2000a618        0x4 src/ASF/thirdparty/freertos/freertos-7.3.0/source/timers.o
 .bss.xTimerQueue
                0x2000a61c        0x4 src/ASF/thirdparty/freertos/freertos-7.3.0/source/timers.o
 .bss.xLastTime.5664
                0x2000a620        0x4 src/ASF/thirdparty/freertos/freertos-7.3.0/source/timers.o
 *(COMMON)
 COMMON         0x2000a624        0x4 src/ASF/sam/drivers/pio/pio.o
                0x2000a624                pio_capture_enable_flag
 COMMON         0x2000a628       0x21 c:/program files (x86)/atmel/studio/7.0/toolchain/arm/arm-gnu-toolchain/bin/../lib/gcc/arm-none-eabi/6.3.1/../../../../arm-none-eabi/lib/thumb/v7e-m\libc.a(lib_a-lock.o)
                0x2000a628                __lock___atexit_recursive_mutex
                0x2000a62c                __lock___arc4random_mutex
                0x2000a630                __lock___env_recursive_mutex
                0x2000a634                __lock___sinit_recursive_mutex
                0x2000a638                __lock___malloc_recursive_mutex
                0x2000a63c                __lock___at_quick_exit_mutex
                0x2000a640                __lock___dd_hash_mutex
                0x2000a644                __lock___tz_mutex
                0x2000a648                __lock___sfp_recursive_mutex
                0x2000a64c                . = ALIGN (0x4)
 *fill*         0x2000a649        0x3 
                0x2000a64c                _ebss = .
                0x2000a64c                _ezero = .

.stack          0x2000a64c     0x3004 load address 0x0040ea2c
                0x2000a650                . = ALIGN (0x8)
 *fill*         0x2000a64c        0x4 
                0x2000a650                _sstack = .
                0x2000d650                . = (. + __stack_size__)
 *fill*         0x2000a650     0x3000 
                0x2000d650                . = ALIGN (0x8)
                0x2000d650                _estack = .
                0x2000d650                . = ALIGN (0x4)
                0x2000d650                _end = .
OUTPUT(TorqueInterfaceBoard.elf elf32-littlearm)

.ARM.attributes
                0x00000000       0x2e
 .ARM.attributes
                0x00000000       0x1e c:/program files (x86)/atmel/studio/7.0/toolchain/arm/arm-gnu-toolchain/bin/../lib/gcc/arm-none-eabi/6.3.1/thumb/v7e-m/crti.o
 .ARM.attributes
                0x0000001e       0x2e c:/program files (x86)/atmel/studio/7.0/toolchain/arm/arm-gnu-toolchain/bin/../lib/gcc/arm-none-eabi/6.3.1/thumb/v7e-m/crtbegin.o
 .ARM.attributes
                0x0000004c       0x37 Device_Startup/startup_sam4e.o
 .ARM.attributes
                0x00000083       0x37 Device_Startup/system_sam4e.o
 .ARM.attributes
                0x000000ba       0x37 main.o
 .ARM.attributes
                0x000000f1       0x37 src/ASF/common/boards/user_board/board_init.o
 .ARM.attributes
                0x00000128       0x37 src/ASF/sam/drivers/pio/pio_handler.o
 .ARM.attributes
                0x0000015f       0x37 src/ASF/thirdparty/freertos/freertos-7.3.0/source/list.o
 .ARM.attributes
                0x00000196       0x37 src/ASF/thirdparty/freertos/freertos-7.3.0/source/portable/gcc/sam_cm4f/port.o
 .ARM.attributes
                0x000001cd       0x37 src/ASF/thirdparty/freertos/freertos-7.3.0/source/portable/memmang/heap_4.o
 .ARM.attributes
                0x00000204       0x37 src/ASF/thirdparty/freertos/freertos-7.3.0/source/queue.o
 .ARM.attributes
                0x0000023b       0x37 src/ASF/thirdparty/freertos/freertos-7.3.0/source/tasks.o
 .ARM.attributes
                0x00000272       0x37 src/ASF/thirdparty/freertos/freertos-7.3.0/source/timers.o
 .ARM.attributes
                0x000002a9       0x37 src/can_app.o
 .ARM.attributes
                0x000002e0       0x37 src/spi0.o
 .ARM.attributes
                0x00000317       0x37 src/tasks.o
 .ARM.attributes
                0x0000034e       0x37 src/TIB_Init.o
 .ARM.attributes
                0x00000385       0x37 src/ASF/common/services/delay/sam/cycle_counter.o
 .ARM.attributes
                0x000003bc       0x37 src/ASF/sam/drivers/can/can.o
 .ARM.attributes
                0x000003f3       0x37 src/ASF/sam/drivers/pio/pio.o
 .ARM.attributes
                0x0000042a       0x37 src/ASF/sam/drivers/pmc/pmc.o
 .ARM.attributes
                0x00000461       0x1e c:/program files (x86)/atmel/studio/7.0/toolchain/arm/arm-gnu-toolchain/bin/../lib/gcc/arm-none-eabi/6.3.1/thumb/v7e-m\libgcc.a(_aeabi_uldivmod.o)
 .ARM.attributes
                0x0000047f       0x2e c:/program files (x86)/atmel/studio/7.0/toolchain/arm/arm-gnu-toolchain/bin/../lib/gcc/arm-none-eabi/6.3.1/thumb/v7e-m\libgcc.a(_udivmoddi4.o)
 .ARM.attributes
                0x000004ad       0x1e c:/program files (x86)/atmel/studio/7.0/toolchain/arm/arm-gnu-toolchain/bin/../lib/gcc/arm-none-eabi/6.3.1/thumb/v7e-m\libgcc.a(_dvmd_tls.o)
 .ARM.attributes
                0x000004cb       0x2e c:/program files (x86)/atmel/studio/7.0/toolchain/arm/arm-gnu-toolchain/bin/../lib/gcc/arm-none-eabi/6.3.1/../../../../arm-none-eabi/lib/thumb/v7e-m\libc.a(lib_a-impure.o)
 .ARM.attributes
                0x000004f9       0x2e c:/program files (x86)/atmel/studio/7.0/toolchain/arm/arm-gnu-toolchain/bin/../lib/gcc/arm-none-eabi/6.3.1/../../../../arm-none-eabi/lib/thumb/v7e-m\libc.a(lib_a-init.o)
 .ARM.attributes
                0x00000527       0x1c c:/program files (x86)/atmel/studio/7.0/toolchain/arm/arm-gnu-toolchain/bin/../lib/gcc/arm-none-eabi/6.3.1/../../../../arm-none-eabi/lib/thumb/v7e-m\libc.a(lib_a-memcpy.o)
 .ARM.attributes
                0x00000543       0x2e c:/program files (x86)/atmel/studio/7.0/toolchain/arm/arm-gnu-toolchain/bin/../lib/gcc/arm-none-eabi/6.3.1/../../../../arm-none-eabi/lib/thumb/v7e-m\libc.a(lib_a-memset.o)
 .ARM.attributes
                0x00000571       0x2e c:/program files (x86)/atmel/studio/7.0/toolchain/arm/arm-gnu-toolchain/bin/../lib/gcc/arm-none-eabi/6.3.1/../../../../arm-none-eabi/lib/thumb/v7e-m\libc.a(lib_a-strncpy.o)
 .ARM.attributes
                0x0000059f       0x2e c:/program files (x86)/atmel/studio/7.0/toolchain/arm/arm-gnu-toolchain/bin/../lib/gcc/arm-none-eabi/6.3.1/../../../../arm-none-eabi/lib/thumb/v7e-m\libc.a(lib_a-__call_atexit.o)
 .ARM.attributes
                0x000005cd       0x2e c:/program files (x86)/atmel/studio/7.0/toolchain/arm/arm-gnu-toolchain/bin/../lib/gcc/arm-none-eabi/6.3.1/../../../../arm-none-eabi/lib/thumb/v7e-m\libc.a(lib_a-atexit.o)
 .ARM.attributes
                0x000005fb       0x2e c:/program files (x86)/atmel/studio/7.0/toolchain/arm/arm-gnu-toolchain/bin/../lib/gcc/arm-none-eabi/6.3.1/../../../../arm-none-eabi/lib/thumb/v7e-m\libc.a(lib_a-fini.o)
 .ARM.attributes
                0x00000629       0x2e c:/program files (x86)/atmel/studio/7.0/toolchain/arm/arm-gnu-toolchain/bin/../lib/gcc/arm-none-eabi/6.3.1/../../../../arm-none-eabi/lib/thumb/v7e-m\libc.a(lib_a-lock.o)
 .ARM.attributes
                0x00000657       0x2e c:/program files (x86)/atmel/studio/7.0/toolchain/arm/arm-gnu-toolchain/bin/../lib/gcc/arm-none-eabi/6.3.1/../../../../arm-none-eabi/lib/thumb/v7e-m\libc.a(lib_a-__atexit.o)
 .ARM.attributes
                0x00000685       0x1e c:/program files (x86)/atmel/studio/7.0/toolchain/arm/arm-gnu-toolchain/bin/../lib/gcc/arm-none-eabi/6.3.1/thumb/v7e-m/crtn.o

.comment        0x00000000       0x59
 .comment       0x00000000       0x59 Device_Startup/startup_sam4e.o
                                 0x5a (size before relaxing)
 .comment       0x00000059       0x5a Device_Startup/system_sam4e.o
 .comment       0x00000059       0x5a main.o
 .comment       0x00000059       0x5a src/ASF/common/boards/user_board/board_init.o
 .comment       0x00000059       0x5a src/ASF/sam/drivers/pio/pio_handler.o
 .comment       0x00000059       0x5a src/ASF/thirdparty/freertos/freertos-7.3.0/source/list.o
 .comment       0x00000059       0x5a src/ASF/thirdparty/freertos/freertos-7.3.0/source/portable/gcc/sam_cm4f/port.o
 .comment       0x00000059       0x5a src/ASF/thirdparty/freertos/freertos-7.3.0/source/portable/memmang/heap_4.o
 .comment       0x00000059       0x5a src/ASF/thirdparty/freertos/freertos-7.3.0/source/queue.o
 .comment       0x00000059       0x5a src/ASF/thirdparty/freertos/freertos-7.3.0/source/tasks.o
 .comment       0x00000059       0x5a src/ASF/thirdparty/freertos/freertos-7.3.0/source/timers.o
 .comment       0x00000059       0x5a src/can_app.o
 .comment       0x00000059       0x5a src/spi0.o
 .comment       0x00000059       0x5a src/tasks.o
 .comment       0x00000059       0x5a src/TIB_Init.o
 .comment       0x00000059       0x5a src/ASF/common/services/delay/sam/cycle_counter.o
 .comment       0x00000059       0x5a src/ASF/sam/drivers/can/can.o
 .comment       0x00000059       0x5a src/ASF/sam/drivers/pio/pio.o
 .comment       0x00000059       0x5a src/ASF/sam/drivers/pmc/pmc.o

.debug_info     0x00000000    0x14cd5
 .debug_info    0x00000000      0x75d Device_Startup/startup_sam4e.o
 .debug_info    0x0000075d      0x491 Device_Startup/system_sam4e.o
 .debug_info    0x00000bee      0xa9c main.o
 .debug_info    0x0000168a     0x1075 src/ASF/common/boards/user_board/board_init.o
 .debug_info    0x000026ff     0x1921 src/ASF/sam/drivers/pio/pio_handler.o
 .debug_info    0x00004020      0xbc4 src/ASF/thirdparty/freertos/freertos-7.3.0/source/list.o
 .debug_info    0x00004be4      0xd27 src/ASF/thirdparty/freertos/freertos-7.3.0/source/portable/gcc/sam_cm4f/port.o
 .debug_info    0x0000590b      0xc53 src/ASF/thirdparty/freertos/freertos-7.3.0/source/portable/memmang/heap_4.o
 .debug_info    0x0000655e     0x18cc src/ASF/thirdparty/freertos/freertos-7.3.0/source/queue.o
 .debug_info    0x00007e2a     0x1f85 src/ASF/thirdparty/freertos/freertos-7.3.0/source/tasks.o
 .debug_info    0x00009daf      0xa49 src/ASF/thirdparty/freertos/freertos-7.3.0/source/timers.o
 .debug_info    0x0000a7f8     0x2177 src/can_app.o
 .debug_info    0x0000c96f     0x15f3 src/spi0.o
 .debug_info    0x0000df62      0xb2e src/tasks.o
 .debug_info    0x0000ea90      0xab7 src/TIB_Init.o
 .debug_info    0x0000f547      0xa45 src/ASF/common/services/delay/sam/cycle_counter.o
 .debug_info    0x0000ff8c     0x16aa src/ASF/sam/drivers/can/can.o
 .debug_info    0x00011636     0x1de6 src/ASF/sam/drivers/pio/pio.o
 .debug_info    0x0001341c     0x18b9 src/ASF/sam/drivers/pmc/pmc.o

.debug_abbrev   0x00000000     0x2ac6
 .debug_abbrev  0x00000000      0x153 Device_Startup/startup_sam4e.o
 .debug_abbrev  0x00000153      0x125 Device_Startup/system_sam4e.o
 .debug_abbrev  0x00000278      0x1d7 main.o
 .debug_abbrev  0x0000044f      0x200 src/ASF/common/boards/user_board/board_init.o
 .debug_abbrev  0x0000064f      0x2e7 src/ASF/sam/drivers/pio/pio_handler.o
 .debug_abbrev  0x00000936      0x1e9 src/ASF/thirdparty/freertos/freertos-7.3.0/source/list.o
 .debug_abbrev  0x00000b1f      0x304 src/ASF/thirdparty/freertos/freertos-7.3.0/source/portable/gcc/sam_cm4f/port.o
 .debug_abbrev  0x00000e23      0x2ad src/ASF/thirdparty/freertos/freertos-7.3.0/source/portable/memmang/heap_4.o
 .debug_abbrev  0x000010d0      0x26c src/ASF/thirdparty/freertos/freertos-7.3.0/source/queue.o
 .debug_abbrev  0x0000133c      0x2ad src/ASF/thirdparty/freertos/freertos-7.3.0/source/tasks.o
 .debug_abbrev  0x000015e9      0x175 src/ASF/thirdparty/freertos/freertos-7.3.0/source/timers.o
 .debug_abbrev  0x0000175e      0x356 src/can_app.o
 .debug_abbrev  0x00001ab4      0x288 src/spi0.o
 .debug_abbrev  0x00001d3c      0x1fc src/tasks.o
 .debug_abbrev  0x00001f38      0x1e6 src/TIB_Init.o
 .debug_abbrev  0x0000211e      0x1b3 src/ASF/common/services/delay/sam/cycle_counter.o
 .debug_abbrev  0x000022d1      0x2a7 src/ASF/sam/drivers/can/can.o
 .debug_abbrev  0x00002578      0x296 src/ASF/sam/drivers/pio/pio.o
 .debug_abbrev  0x0000280e      0x2b8 src/ASF/sam/drivers/pmc/pmc.o

.debug_loc      0x00000000     0x5daf
 .debug_loc     0x00000000       0x64 Device_Startup/startup_sam4e.o
 .debug_loc     0x00000064       0xcc Device_Startup/system_sam4e.o
 .debug_loc     0x00000130       0x2c main.o
 .debug_loc     0x0000015c       0x50 src/ASF/common/boards/user_board/board_init.o
 .debug_loc     0x000001ac      0x3e8 src/ASF/sam/drivers/pio/pio_handler.o
 .debug_loc     0x00000594      0x1cc src/ASF/thirdparty/freertos/freertos-7.3.0/source/list.o
 .debug_loc     0x00000760      0x274 src/ASF/thirdparty/freertos/freertos-7.3.0/source/portable/gcc/sam_cm4f/port.o
 .debug_loc     0x000009d4      0x1d4 src/ASF/thirdparty/freertos/freertos-7.3.0/source/portable/memmang/heap_4.o
 .debug_loc     0x00000ba8      0x85c src/ASF/thirdparty/freertos/freertos-7.3.0/source/queue.o
 .debug_loc     0x00001404      0xcad src/ASF/thirdparty/freertos/freertos-7.3.0/source/tasks.o
 .debug_loc     0x000020b1      0x43c src/ASF/thirdparty/freertos/freertos-7.3.0/source/timers.o
 .debug_loc     0x000024ed      0x456 src/can_app.o
 .debug_loc     0x00002943      0x2a0 src/spi0.o
 .debug_loc     0x00002be3       0x88 src/tasks.o
 .debug_loc     0x00002c6b       0x50 src/TIB_Init.o
 .debug_loc     0x00002cbb      0xd04 src/ASF/sam/drivers/can/can.o
 .debug_loc     0x000039bf     0x1174 src/ASF/sam/drivers/pio/pio.o
 .debug_loc     0x00004b33     0x127c src/ASF/sam/drivers/pmc/pmc.o

.debug_aranges  0x00000000      0xb38
 .debug_aranges
                0x00000000       0x28 Device_Startup/startup_sam4e.o
 .debug_aranges
                0x00000028       0x30 Device_Startup/system_sam4e.o
 .debug_aranges
                0x00000058       0x20 main.o
 .debug_aranges
                0x00000078       0x20 src/ASF/common/boards/user_board/board_init.o
 .debug_aranges
                0x00000098       0x88 src/ASF/sam/drivers/pio/pio_handler.o
 .debug_aranges
                0x00000120       0x40 src/ASF/thirdparty/freertos/freertos-7.3.0/source/list.o
 .debug_aranges
                0x00000160       0xa0 src/ASF/thirdparty/freertos/freertos-7.3.0/source/portable/gcc/sam_cm4f/port.o
 .debug_aranges
                0x00000200       0x48 src/ASF/thirdparty/freertos/freertos-7.3.0/source/portable/memmang/heap_4.o
 .debug_aranges
                0x00000248       0xe8 src/ASF/thirdparty/freertos/freertos-7.3.0/source/queue.o
 .debug_aranges
                0x00000330      0x160 src/ASF/thirdparty/freertos/freertos-7.3.0/source/tasks.o
 .debug_aranges
                0x00000490       0x88 src/ASF/thirdparty/freertos/freertos-7.3.0/source/timers.o
 .debug_aranges
                0x00000518       0x98 src/can_app.o
 .debug_aranges
                0x000005b0       0x60 src/spi0.o
 .debug_aranges
                0x00000610       0x28 src/tasks.o
 .debug_aranges
                0x00000638       0x20 src/TIB_Init.o
 .debug_aranges
                0x00000658       0x20 src/ASF/common/services/delay/sam/cycle_counter.o
 .debug_aranges
                0x00000678      0x140 src/ASF/sam/drivers/can/can.o
 .debug_aranges
                0x000007b8      0x1a8 src/ASF/sam/drivers/pio/pio.o
 .debug_aranges
                0x00000960      0x1d8 src/ASF/sam/drivers/pmc/pmc.o

.debug_ranges   0x00000000      0xa08
 .debug_ranges  0x00000000       0x18 Device_Startup/startup_sam4e.o
 .debug_ranges  0x00000018       0x20 Device_Startup/system_sam4e.o
 .debug_ranges  0x00000038       0x10 main.o
 .debug_ranges  0x00000048       0x10 src/ASF/common/boards/user_board/board_init.o
 .debug_ranges  0x00000058       0x78 src/ASF/sam/drivers/pio/pio_handler.o
 .debug_ranges  0x000000d0       0x30 src/ASF/thirdparty/freertos/freertos-7.3.0/source/list.o
 .debug_ranges  0x00000100       0x90 src/ASF/thirdparty/freertos/freertos-7.3.0/source/portable/gcc/sam_cm4f/port.o
 .debug_ranges  0x00000190       0x38 src/ASF/thirdparty/freertos/freertos-7.3.0/source/portable/memmang/heap_4.o
 .debug_ranges  0x000001c8       0xd8 src/ASF/thirdparty/freertos/freertos-7.3.0/source/queue.o
 .debug_ranges  0x000002a0      0x150 src/ASF/thirdparty/freertos/freertos-7.3.0/source/tasks.o
 .debug_ranges  0x000003f0       0x78 src/ASF/thirdparty/freertos/freertos-7.3.0/source/timers.o
 .debug_ranges  0x00000468       0x88 src/can_app.o
 .debug_ranges  0x000004f0       0x50 src/spi0.o
 .debug_ranges  0x00000540       0x18 src/tasks.o
 .debug_ranges  0x00000558       0x10 src/TIB_Init.o
 .debug_ranges  0x00000568       0x10 src/ASF/common/services/delay/sam/cycle_counter.o
 .debug_ranges  0x00000578      0x130 src/ASF/sam/drivers/can/can.o
 .debug_ranges  0x000006a8      0x198 src/ASF/sam/drivers/pio/pio.o
 .debug_ranges  0x00000840      0x1c8 src/ASF/sam/drivers/pmc/pmc.o

.debug_macro    0x00000000    0x17d88
 .debug_macro   0x00000000      0x375 Device_Startup/startup_sam4e.o
 .debug_macro   0x00000375      0x8d4 Device_Startup/startup_sam4e.o
 .debug_macro   0x00000c49       0x22 Device_Startup/startup_sam4e.o
 .debug_macro   0x00000c6b       0x87 Device_Startup/startup_sam4e.o
 .debug_macro   0x00000cf2       0x51 Device_Startup/startup_sam4e.o
 .debug_macro   0x00000d43       0xef Device_Startup/startup_sam4e.o
 .debug_macro   0x00000e32       0x6a Device_Startup/startup_sam4e.o
 .debug_macro   0x00000e9c      0x1df Device_Startup/startup_sam4e.o
 .debug_macro   0x0000107b       0x27 Device_Startup/startup_sam4e.o
 .debug_macro   0x000010a2       0x1c Device_Startup/startup_sam4e.o
 .debug_macro   0x000010be       0x22 Device_Startup/startup_sam4e.o
 .debug_macro   0x000010e0       0xdf Device_Startup/startup_sam4e.o
 .debug_macro   0x000011bf      0xf07 Device_Startup/startup_sam4e.o
 .debug_macro   0x000020c6      0x154 Device_Startup/startup_sam4e.o
 .debug_macro   0x0000221a      0x1f7 Device_Startup/startup_sam4e.o
 .debug_macro   0x00002411      0xdb5 Device_Startup/startup_sam4e.o
 .debug_macro   0x000031c6      0x531 Device_Startup/startup_sam4e.o
 .debug_macro   0x000036f7      0x2bb Device_Startup/startup_sam4e.o
 .debug_macro   0x000039b2      0x11e Device_Startup/startup_sam4e.o
 .debug_macro   0x00003ad0       0xac Device_Startup/startup_sam4e.o
 .debug_macro   0x00003b7c      0x320 Device_Startup/startup_sam4e.o
 .debug_macro   0x00003e9c      0x53c Device_Startup/startup_sam4e.o
 .debug_macro   0x000043d8      0x106 Device_Startup/startup_sam4e.o
 .debug_macro   0x000044de      0xa97 Device_Startup/startup_sam4e.o
 .debug_macro   0x00004f75       0x1c Device_Startup/startup_sam4e.o
 .debug_macro   0x00004f91      0x755 Device_Startup/startup_sam4e.o
 .debug_macro   0x000056e6      0x23c Device_Startup/startup_sam4e.o
 .debug_macro   0x00005922       0xbe Device_Startup/startup_sam4e.o
 .debug_macro   0x000059e0     0x28ac Device_Startup/startup_sam4e.o
 .debug_macro   0x0000828c      0x7af Device_Startup/startup_sam4e.o
 .debug_macro   0x00008a3b      0xb74 Device_Startup/startup_sam4e.o
 .debug_macro   0x000095af       0x7c Device_Startup/startup_sam4e.o
 .debug_macro   0x0000962b      0x3cb Device_Startup/startup_sam4e.o
 .debug_macro   0x000099f6       0x64 Device_Startup/startup_sam4e.o
 .debug_macro   0x00009a5a      0x378 Device_Startup/startup_sam4e.o
 .debug_macro   0x00009dd2      0x6f8 Device_Startup/startup_sam4e.o
 .debug_macro   0x0000a4ca      0x6da Device_Startup/startup_sam4e.o
 .debug_macro   0x0000aba4      0x373 Device_Startup/startup_sam4e.o
 .debug_macro   0x0000af17      0x27e Device_Startup/startup_sam4e.o
 .debug_macro   0x0000b195      0x2c8 Device_Startup/startup_sam4e.o
 .debug_macro   0x0000b45d      0x6ad Device_Startup/startup_sam4e.o
 .debug_macro   0x0000bb0a       0x76 Device_Startup/startup_sam4e.o
 .debug_macro   0x0000bb80      0x336 Device_Startup/startup_sam4e.o
 .debug_macro   0x0000beb6       0x46 Device_Startup/startup_sam4e.o
 .debug_macro   0x0000befc      0x216 Device_Startup/startup_sam4e.o
 .debug_macro   0x0000c112      0x216 Device_Startup/startup_sam4e.o
 .debug_macro   0x0000c328      0x286 Device_Startup/startup_sam4e.o
 .debug_macro   0x0000c5ae       0x64 Device_Startup/startup_sam4e.o
 .debug_macro   0x0000c612       0x7c Device_Startup/startup_sam4e.o
 .debug_macro   0x0000c68e       0xb8 Device_Startup/startup_sam4e.o
 .debug_macro   0x0000c746       0x52 Device_Startup/startup_sam4e.o
 .debug_macro   0x0000c798       0x88 Device_Startup/startup_sam4e.o
 .debug_macro   0x0000c820      0x1b6 Device_Startup/startup_sam4e.o
 .debug_macro   0x0000c9d6      0x1b6 Device_Startup/startup_sam4e.o
 .debug_macro   0x0000cb8c      0x126 Device_Startup/startup_sam4e.o
 .debug_macro   0x0000ccb2       0xac Device_Startup/startup_sam4e.o
 .debug_macro   0x0000cd5e       0xac Device_Startup/startup_sam4e.o
 .debug_macro   0x0000ce0a       0x94 Device_Startup/startup_sam4e.o
 .debug_macro   0x0000ce9e       0x94 Device_Startup/startup_sam4e.o
 .debug_macro   0x0000cf32       0xca Device_Startup/startup_sam4e.o
 .debug_macro   0x0000cffc       0xca Device_Startup/startup_sam4e.o
 .debug_macro   0x0000d0c6       0x7c Device_Startup/startup_sam4e.o
 .debug_macro   0x0000d142       0x40 Device_Startup/startup_sam4e.o
 .debug_macro   0x0000d182       0xee Device_Startup/startup_sam4e.o
 .debug_macro   0x0000d270       0x46 Device_Startup/startup_sam4e.o
 .debug_macro   0x0000d2b6       0xee Device_Startup/startup_sam4e.o
 .debug_macro   0x0000d3a4       0xa0 Device_Startup/startup_sam4e.o
 .debug_macro   0x0000d444       0x7c Device_Startup/startup_sam4e.o
 .debug_macro   0x0000d4c0       0x16 Device_Startup/startup_sam4e.o
 .debug_macro   0x0000d4d6       0x22 Device_Startup/startup_sam4e.o
 .debug_macro   0x0000d4f8      0x18e Device_Startup/startup_sam4e.o
 .debug_macro   0x0000d686      0x15e Device_Startup/startup_sam4e.o
 .debug_macro   0x0000d7e4      0x15e Device_Startup/startup_sam4e.o
 .debug_macro   0x0000d942      0x15e Device_Startup/startup_sam4e.o
 .debug_macro   0x0000daa0      0x15e Device_Startup/startup_sam4e.o
 .debug_macro   0x0000dbfe       0x1c Device_Startup/startup_sam4e.o
 .debug_macro   0x0000dc1a       0x2e Device_Startup/startup_sam4e.o
 .debug_macro   0x0000dc48       0x22 Device_Startup/startup_sam4e.o
 .debug_macro   0x0000dc6a       0x1c Device_Startup/startup_sam4e.o
 .debug_macro   0x0000dc86       0x52 Device_Startup/startup_sam4e.o
 .debug_macro   0x0000dcd8       0x10 Device_Startup/startup_sam4e.o
 .debug_macro   0x0000dce8      0x2a4 Device_Startup/startup_sam4e.o
 .debug_macro   0x0000df8c      0xb43 Device_Startup/startup_sam4e.o
 .debug_macro   0x0000eacf       0xe4 Device_Startup/startup_sam4e.o
 .debug_macro   0x0000ebb3      0x38d Device_Startup/system_sam4e.o
 .debug_macro   0x0000ef40      0x7e9 main.o
 .debug_macro   0x0000f729      0x16d main.o
 .debug_macro   0x0000f896      0x71d main.o
 .debug_macro   0x0000ffb3       0x76 main.o
 .debug_macro   0x00010029       0x16 main.o
 .debug_macro   0x0001003f      0x6da main.o
 .debug_macro   0x00010719       0x58 main.o
 .debug_macro   0x00010771       0x35 main.o
 .debug_macro   0x000107a6       0x9c main.o
 .debug_macro   0x00010842       0x16 main.o
 .debug_macro   0x00010858       0x35 main.o
 .debug_macro   0x0001088d      0x34d main.o
 .debug_macro   0x00010bda       0x10 main.o
 .debug_macro   0x00010bea       0x58 main.o
 .debug_macro   0x00010c42       0x1f main.o
 .debug_macro   0x00010c61       0x43 main.o
 .debug_macro   0x00010ca4       0x20 main.o
 .debug_macro   0x00010cc4      0x187 main.o
 .debug_macro   0x00010e4b       0x10 main.o
 .debug_macro   0x00010e5b       0x1c main.o
 .debug_macro   0x00010e77       0x52 main.o
 .debug_macro   0x00010ec9       0x40 main.o
 .debug_macro   0x00010f09       0x10 main.o
 .debug_macro   0x00010f19       0x40 main.o
 .debug_macro   0x00010f59       0xd7 main.o
 .debug_macro   0x00011030       0x16 main.o
 .debug_macro   0x00011046      0x18b main.o
 .debug_macro   0x000111d1       0x22 main.o
 .debug_macro   0x000111f3       0x16 main.o
 .debug_macro   0x00011209       0x16 main.o
 .debug_macro   0x0001121f       0x29 main.o
 .debug_macro   0x00011248       0x73 main.o
 .debug_macro   0x000112bb       0x3e main.o
 .debug_macro   0x000112f9      0x3ca main.o
 .debug_macro   0x000116c3       0x88 main.o
 .debug_macro   0x0001174b       0x76 main.o
 .debug_macro   0x000117c1       0x28 main.o
 .debug_macro   0x000117e9      0x2df main.o
 .debug_macro   0x00011ac8       0x6b main.o
 .debug_macro   0x00011b33       0x7c main.o
 .debug_macro   0x00011baf       0x40 main.o
 .debug_macro   0x00011bef       0x82 main.o
 .debug_macro   0x00011c71       0x28 main.o
 .debug_macro   0x00011c99       0x22 main.o
 .debug_macro   0x00011cbb       0x46 main.o
 .debug_macro   0x00011d01       0xff main.o
 .debug_macro   0x00011e00       0xab main.o
 .debug_macro   0x00011eab       0x12 main.o
 .debug_macro   0x00011ebd       0x1f main.o
 .debug_macro   0x00011edc      0x1d2 main.o
 .debug_macro   0x000120ae       0x10 main.o
 .debug_macro   0x000120be       0x16 main.o
 .debug_macro   0x000120d4       0x5e main.o
 .debug_macro   0x00012132       0x43 main.o
 .debug_macro   0x00012175       0x96 main.o
 .debug_macro   0x0001220b       0x77 main.o
 .debug_macro   0x00012282       0x5d main.o
 .debug_macro   0x000122df       0x5b main.o
 .debug_macro   0x0001233a       0x94 main.o
 .debug_macro   0x000123ce       0x40 main.o
 .debug_macro   0x0001240e       0x34 main.o
 .debug_macro   0x00012442       0x16 main.o
 .debug_macro   0x00012458       0x16 main.o
 .debug_macro   0x0001246e       0x28 main.o
 .debug_macro   0x00012496       0x2e main.o
 .debug_macro   0x000124c4       0x52 main.o
 .debug_macro   0x00012516       0x10 main.o
 .debug_macro   0x00012526       0x16 main.o
 .debug_macro   0x0001253c       0x2e main.o
 .debug_macro   0x0001256a      0x7ba src/ASF/common/boards/user_board/board_init.o
 .debug_macro   0x00012d24      0x597 src/ASF/sam/drivers/pio/pio_handler.o
 .debug_macro   0x000132bb       0x8e src/ASF/sam/drivers/pio/pio_handler.o
 .debug_macro   0x00013349      0x17f src/ASF/thirdparty/freertos/freertos-7.3.0/source/list.o
 .debug_macro   0x000134c8      0x10e src/ASF/thirdparty/freertos/freertos-7.3.0/source/list.o
 .debug_macro   0x000135d6       0x86 src/ASF/thirdparty/freertos/freertos-7.3.0/source/list.o
 .debug_macro   0x0001365c       0xf9 src/ASF/thirdparty/freertos/freertos-7.3.0/source/list.o
 .debug_macro   0x00013755      0x6df src/ASF/thirdparty/freertos/freertos-7.3.0/source/portable/gcc/sam_cm4f/port.o
 .debug_macro   0x00013e34       0x2d src/ASF/thirdparty/freertos/freertos-7.3.0/source/portable/gcc/sam_cm4f/port.o
 .debug_macro   0x00013e61      0x2d9 src/ASF/thirdparty/freertos/freertos-7.3.0/source/portable/gcc/sam_cm4f/port.o
 .debug_macro   0x0001413a      0x1a0 src/ASF/thirdparty/freertos/freertos-7.3.0/source/portable/memmang/heap_4.o
 .debug_macro   0x000142da      0x228 src/ASF/thirdparty/freertos/freertos-7.3.0/source/queue.o
 .debug_macro   0x00014502       0x16 src/ASF/thirdparty/freertos/freertos-7.3.0/source/queue.o
 .debug_macro   0x00014518      0x2ee src/ASF/thirdparty/freertos/freertos-7.3.0/source/tasks.o
 .debug_macro   0x00014806       0x97 src/ASF/thirdparty/freertos/freertos-7.3.0/source/tasks.o
 .debug_macro   0x0001489d       0xf6 src/ASF/thirdparty/freertos/freertos-7.3.0/source/tasks.o
 .debug_macro   0x00014993      0x102 src/ASF/thirdparty/freertos/freertos-7.3.0/source/timers.o
 .debug_macro   0x00014a95      0x7c9 src/can_app.o
 .debug_macro   0x0001525e      0x615 src/spi0.o
 .debug_macro   0x00015873       0x65 src/spi0.o
 .debug_macro   0x000158d8      0x7ef src/tasks.o
 .debug_macro   0x000160c7      0x631 src/TIB_Init.o
 .debug_macro   0x000166f8      0x587 src/ASF/common/services/delay/sam/cycle_counter.o
 .debug_macro   0x00016c7f       0x22 src/ASF/common/services/delay/sam/cycle_counter.o
 .debug_macro   0x00016ca1      0x5b1 src/ASF/sam/drivers/can/can.o
 .debug_macro   0x00017252      0x593 src/ASF/sam/drivers/pio/pio.o
 .debug_macro   0x000177e5      0x5a3 src/ASF/sam/drivers/pmc/pmc.o

.debug_line     0x00000000     0xd380
 .debug_line    0x00000000      0x753 Device_Startup/startup_sam4e.o
 .debug_line    0x00000753      0x7ce Device_Startup/system_sam4e.o
 .debug_line    0x00000f21      0xefd main.o
 .debug_line    0x00001e1e      0xebc src/ASF/common/boards/user_board/board_init.o
 .debug_line    0x00002cda      0xafb src/ASF/sam/drivers/pio/pio_handler.o
 .debug_line    0x000037d5      0x472 src/ASF/thirdparty/freertos/freertos-7.3.0/source/list.o
 .debug_line    0x00003c47      0xd09 src/ASF/thirdparty/freertos/freertos-7.3.0/source/portable/gcc/sam_cm4f/port.o
 .debug_line    0x00004950      0x4ee src/ASF/thirdparty/freertos/freertos-7.3.0/source/portable/memmang/heap_4.o
 .debug_line    0x00004e3e      0x8a2 src/ASF/thirdparty/freertos/freertos-7.3.0/source/queue.o
 .debug_line    0x000056e0      0xbdf src/ASF/thirdparty/freertos/freertos-7.3.0/source/tasks.o
 .debug_line    0x000062bf      0x572 src/ASF/thirdparty/freertos/freertos-7.3.0/source/timers.o
 .debug_line    0x00006831     0x11ae src/can_app.o
 .debug_line    0x000079df      0xbf4 src/spi0.o
 .debug_line    0x000085d3      0xf11 src/tasks.o
 .debug_line    0x000094e4      0xb2f src/TIB_Init.o
 .debug_line    0x0000a013      0x9ad src/ASF/common/services/delay/sam/cycle_counter.o
 .debug_line    0x0000a9c0      0xcc1 src/ASF/sam/drivers/can/can.o
 .debug_line    0x0000b681      0xdc6 src/ASF/sam/drivers/pio/pio.o
 .debug_line    0x0000c447      0xf39 src/ASF/sam/drivers/pmc/pmc.o

.debug_str      0x00000000    0x61925
 .debug_str     0x00000000    0x46cc9 Device_Startup/startup_sam4e.o
                              0x46eca (size before relaxing)
 .debug_str     0x00046cc9      0x301 Device_Startup/system_sam4e.o
                              0x46c9b (size before relaxing)
 .debug_str     0x00046fca    0x16409 main.o
                              0x5cfa9 (size before relaxing)
 .debug_str     0x0005d3d3      0x35b src/ASF/common/boards/user_board/board_init.o
                              0x5d267 (size before relaxing)
 .debug_str     0x0005d72e      0x49f src/ASF/sam/drivers/pio/pio_handler.o
                              0x57e1b (size before relaxing)
 .debug_str     0x0005dbcd      0x185 src/ASF/thirdparty/freertos/freertos-7.3.0/source/list.o
                               0x80f3 (size before relaxing)
 .debug_str     0x0005dd52      0x61f src/ASF/thirdparty/freertos/freertos-7.3.0/source/portable/gcc/sam_cm4f/port.o
                              0x5a9a1 (size before relaxing)
 .debug_str     0x0005e371      0x25f src/ASF/thirdparty/freertos/freertos-7.3.0/source/portable/memmang/heap_4.o
                               0x853d (size before relaxing)
 .debug_str     0x0005e5d0      0x811 src/ASF/thirdparty/freertos/freertos-7.3.0/source/queue.o
                               0x8d93 (size before relaxing)
 .debug_str     0x0005ede1      0xd9c src/ASF/thirdparty/freertos/freertos-7.3.0/source/tasks.o
                               0xab8e (size before relaxing)
 .debug_str     0x0005fb7d      0x36d src/ASF/thirdparty/freertos/freertos-7.3.0/source/timers.o
                               0x6946 (size before relaxing)
 .debug_str     0x0005feea      0x87c src/can_app.o
                              0x5dce6 (size before relaxing)
 .debug_str     0x00060766      0x1a3 src/spi0.o
                              0x58f3d (size before relaxing)
 .debug_str     0x00060909       0x5d src/tasks.o
                              0x5d042 (size before relaxing)
 .debug_str     0x00060966       0x31 src/TIB_Init.o
                              0x58918 (size before relaxing)
 .debug_str     0x00060997       0x35 src/ASF/common/services/delay/sam/cycle_counter.o
                              0x573a2 (size before relaxing)
 .debug_str     0x000609cc      0x3fe src/ASF/sam/drivers/can/can.o
                              0x57a46 (size before relaxing)
 .debug_str     0x00060dca      0x4ea src/ASF/sam/drivers/pio/pio.o
                              0x57e9a (size before relaxing)
 .debug_str     0x000612b4      0x671 src/ASF/sam/drivers/pmc/pmc.o
                              0x57cda (size before relaxing)

.debug_frame    0x00000000     0x2f10
 .debug_frame   0x00000000       0x48 Device_Startup/startup_sam4e.o
 .debug_frame   0x00000048       0x74 Device_Startup/system_sam4e.o
 .debug_frame   0x000000bc       0x2c main.o
 .debug_frame   0x000000e8       0x38 src/ASF/common/boards/user_board/board_init.o
 .debug_frame   0x00000120      0x1f8 src/ASF/sam/drivers/pio/pio_handler.o
 .debug_frame   0x00000318       0xd8 src/ASF/thirdparty/freertos/freertos-7.3.0/source/list.o
 .debug_frame   0x000003f0      0x1c8 src/ASF/thirdparty/freertos/freertos-7.3.0/source/portable/gcc/sam_cm4f/port.o
 .debug_frame   0x000005b8       0xe4 src/ASF/thirdparty/freertos/freertos-7.3.0/source/portable/memmang/heap_4.o
 .debug_frame   0x0000069c      0x3d8 src/ASF/thirdparty/freertos/freertos-7.3.0/source/queue.o
 .debug_frame   0x00000a74      0x5e0 src/ASF/thirdparty/freertos/freertos-7.3.0/source/tasks.o
 .debug_frame   0x00001054      0x218 src/ASF/thirdparty/freertos/freertos-7.3.0/source/timers.o
 .debug_frame   0x0000126c      0x260 src/can_app.o
 .debug_frame   0x000014cc      0x14c src/spi0.o
 .debug_frame   0x00001618       0x58 src/tasks.o
 .debug_frame   0x00001670       0x34 src/TIB_Init.o
 .debug_frame   0x000016a4       0x20 src/ASF/common/services/delay/sam/cycle_counter.o
 .debug_frame   0x000016c4      0x5c0 src/ASF/sam/drivers/can/can.o
 .debug_frame   0x00001c84      0x7c0 src/ASF/sam/drivers/pio/pio.o
 .debug_frame   0x00002444      0x844 src/ASF/sam/drivers/pmc/pmc.o
 .debug_frame   0x00002c88       0x2c c:/program files (x86)/atmel/studio/7.0/toolchain/arm/arm-gnu-toolchain/bin/../lib/gcc/arm-none-eabi/6.3.1/thumb/v7e-m\libgcc.a(_aeabi_uldivmod.o)
 .debug_frame   0x00002cb4       0x34 c:/program files (x86)/atmel/studio/7.0/toolchain/arm/arm-gnu-toolchain/bin/../lib/gcc/arm-none-eabi/6.3.1/thumb/v7e-m\libgcc.a(_udivmoddi4.o)
 .debug_frame   0x00002ce8       0x2c c:/program files (x86)/atmel/studio/7.0/toolchain/arm/arm-gnu-toolchain/bin/../lib/gcc/arm-none-eabi/6.3.1/../../../../arm-none-eabi/lib/thumb/v7e-m\libc.a(lib_a-init.o)
 .debug_frame   0x00002d14       0x34 c:/program files (x86)/atmel/studio/7.0/toolchain/arm/arm-gnu-toolchain/bin/../lib/gcc/arm-none-eabi/6.3.1/../../../../arm-none-eabi/lib/thumb/v7e-m\libc.a(lib_a-memset.o)
 .debug_frame   0x00002d48       0x34 c:/program files (x86)/atmel/studio/7.0/toolchain/arm/arm-gnu-toolchain/bin/../lib/gcc/arm-none-eabi/6.3.1/../../../../arm-none-eabi/lib/thumb/v7e-m\libc.a(lib_a-strncpy.o)
 .debug_frame   0x00002d7c       0x5c c:/program files (x86)/atmel/studio/7.0/toolchain/arm/arm-gnu-toolchain/bin/../lib/gcc/arm-none-eabi/6.3.1/../../../../arm-none-eabi/lib/thumb/v7e-m\libc.a(lib_a-__call_atexit.o)
 .debug_frame   0x00002dd8       0x20 c:/program files (x86)/atmel/studio/7.0/toolchain/arm/arm-gnu-toolchain/bin/../lib/gcc/arm-none-eabi/6.3.1/../../../../arm-none-eabi/lib/thumb/v7e-m\libc.a(lib_a-atexit.o)
 .debug_frame   0x00002df8       0x34 c:/program files (x86)/atmel/studio/7.0/toolchain/arm/arm-gnu-toolchain/bin/../lib/gcc/arm-none-eabi/6.3.1/../../../../arm-none-eabi/lib/thumb/v7e-m\libc.a(lib_a-fini.o)
 .debug_frame   0x00002e2c       0xb0 c:/program files (x86)/atmel/studio/7.0/toolchain/arm/arm-gnu-toolchain/bin/../lib/gcc/arm-none-eabi/6.3.1/../../../../arm-none-eabi/lib/thumb/v7e-m\libc.a(lib_a-lock.o)
 .debug_frame   0x00002edc       0x34 c:/program files (x86)/atmel/studio/7.0/toolchain/arm/arm-gnu-toolchain/bin/../lib/gcc/arm-none-eabi/6.3.1/../../../../arm-none-eabi/lib/thumb/v7e-m\libc.a(lib_a-__atexit.o)

Cross Reference Table

Symbol                                            File
ACC_Handler                                       Device_Startup/startup_sam4e.o
AES_Handler                                       Device_Startup/startup_sam4e.o
AFEC0_Handler                                     Device_Startup/startup_sam4e.o
AFEC1_Handler                                     Device_Startup/startup_sam4e.o
ARM_Handler                                       Device_Startup/startup_sam4e.o
BusFault_Handler                                  Device_Startup/startup_sam4e.o
CAN0_Handler                                      Device_Startup/startup_sam4e.o
CAN1_Handler                                      Device_Startup/startup_sam4e.o
DACC_Handler                                      Device_Startup/startup_sam4e.o
DMAC_Handler                                      Device_Startup/startup_sam4e.o
DebugMon_Handler                                  Device_Startup/startup_sam4e.o
Dummy_Handler                                     Device_Startup/startup_sam4e.o
EFC_Handler                                       Device_Startup/startup_sam4e.o
FreeRTOS_CLIGetOutputBuffer                       src/ASF/thirdparty/freertos/freertos-7.3.0/source/FreeRTOS_CLI.o
FreeRTOS_CLIGetParameter                          src/ASF/thirdparty/freertos/freertos-7.3.0/source/FreeRTOS_CLI.o
FreeRTOS_CLIProcessCommand                        src/ASF/thirdparty/freertos/freertos-7.3.0/source/FreeRTOS_CLI.o
FreeRTOS_CLIRegisterCommand                       src/ASF/thirdparty/freertos/freertos-7.3.0/source/FreeRTOS_CLI.o
GMAC_Handler                                      Device_Startup/startup_sam4e.o
HSMCI_Handler                                     Device_Startup/startup_sam4e.o
HardFault_Handler                                 Device_Startup/startup_sam4e.o
MemManage_Handler                                 Device_Startup/startup_sam4e.o
NMI_Handler                                       Device_Startup/startup_sam4e.o
PIOA_Handler                                      src/ASF/sam/drivers/pio/pio_handler.o
                                                  Device_Startup/startup_sam4e.o
PIOB_Handler                                      src/ASF/sam/drivers/pio/pio_handler.o
                                                  Device_Startup/startup_sam4e.o
PIOC_Handler                                      src/ASF/sam/drivers/pio/pio_handler.o
                                                  Device_Startup/startup_sam4e.o
PIOD_Handler                                      src/ASF/sam/drivers/pio/pio_handler.o
                                                  Device_Startup/startup_sam4e.o
PIOE_Handler                                      src/ASF/sam/drivers/pio/pio_handler.o
                                                  Device_Startup/startup_sam4e.o
PMC_Handler                                       Device_Startup/startup_sam4e.o
PWM_Handler                                       Device_Startup/startup_sam4e.o
PendSV_Handler                                    src/ASF/thirdparty/freertos/freertos-7.3.0/source/portable/gcc/sam_cm4f/port.o
                                                  Device_Startup/startup_sam4e.o
RSTC_Handler                                      Device_Startup/startup_sam4e.o
RTC_Handler                                       Device_Startup/startup_sam4e.o
RTT_Handler                                       Device_Startup/startup_sam4e.o
Reset_Handler                                     Device_Startup/startup_sam4e.o
SPI_Handler                                       Device_Startup/startup_sam4e.o
SUPC_Handler                                      Device_Startup/startup_sam4e.o
SVC_Handler                                       src/ASF/thirdparty/freertos/freertos-7.3.0/source/portable/gcc/sam_cm4f/port.o
                                                  Device_Startup/startup_sam4e.o
SysTick_Handler                                   src/ASF/thirdparty/freertos/freertos-7.3.0/source/portable/gcc/sam_cm4f/port.o
                                                  Device_Startup/startup_sam4e.o
SystemCoreClock                                   Device_Startup/system_sam4e.o
                                                  src/TIB_Init.o
                                                  src/spi0.o
                                                  src/can_app.o
SystemCoreClockUpdate                             Device_Startup/system_sam4e.o
                                                  src/ASF/common/services/clock/sam4e/sysclk.o
SystemInit                                        Device_Startup/system_sam4e.o
                                                  src/TIB_Init.o
TC0_Handler                                       Device_Startup/startup_sam4e.o
TC1_Handler                                       Device_Startup/startup_sam4e.o
TC2_Handler                                       Device_Startup/startup_sam4e.o
TC3_Handler                                       Device_Startup/startup_sam4e.o
TC4_Handler                                       Device_Startup/startup_sam4e.o
TC5_Handler                                       Device_Startup/startup_sam4e.o
TC6_Handler                                       Device_Startup/startup_sam4e.o
TC7_Handler                                       Device_Startup/startup_sam4e.o
TC8_Handler                                       Device_Startup/startup_sam4e.o
TIB_Init                                          src/TIB_Init.o
                                                  main.o
TWI0_Handler                                      Device_Startup/startup_sam4e.o
TWI1_Handler                                      Device_Startup/startup_sam4e.o
UART0_Handler                                     Device_Startup/startup_sam4e.o
UART1_Handler                                     Device_Startup/startup_sam4e.o
UDP_Handler                                       Device_Startup/startup_sam4e.o
USART0_Handler                                    Device_Startup/startup_sam4e.o
USART1_Handler                                    Device_Startup/startup_sam4e.o
UsageFault_Handler                                Device_Startup/startup_sam4e.o
WDT_Handler                                       Device_Startup/startup_sam4e.o
_Balloc                                           c:/program files (x86)/atmel/studio/7.0/toolchain/arm/arm-gnu-toolchain/bin/../lib/gcc/arm-none-eabi/6.3.1/../../../../arm-none-eabi/lib/thumb/v7e-m\libc.a(lib_a-mprec.o)
                                                  c:/program files (x86)/atmel/studio/7.0/toolchain/arm/arm-gnu-toolchain/bin/../lib/gcc/arm-none-eabi/6.3.1/../../../../arm-none-eabi/lib/thumb/v7e-m\libc.a(lib_a-dtoa.o)
_Bfree                                            c:/program files (x86)/atmel/studio/7.0/toolchain/arm/arm-gnu-toolchain/bin/../lib/gcc/arm-none-eabi/6.3.1/../../../../arm-none-eabi/lib/thumb/v7e-m\libc.a(lib_a-mprec.o)
                                                  c:/program files (x86)/atmel/studio/7.0/toolchain/arm/arm-gnu-toolchain/bin/../lib/gcc/arm-none-eabi/6.3.1/../../../../arm-none-eabi/lib/thumb/v7e-m\libc.a(lib_a-dtoa.o)
_Jv_RegisterClasses                               c:/program files (x86)/atmel/studio/7.0/toolchain/arm/arm-gnu-toolchain/bin/../lib/gcc/arm-none-eabi/6.3.1/thumb/v7e-m/crtbegin.o
_PathLocale                                       c:/program files (x86)/atmel/studio/7.0/toolchain/arm/arm-gnu-toolchain/bin/../lib/gcc/arm-none-eabi/6.3.1/../../../../arm-none-eabi/lib/thumb/v7e-m\libc.a(lib_a-locale.o)
__adddf3                                          c:/program files (x86)/atmel/studio/7.0/toolchain/arm/arm-gnu-toolchain/bin/../lib/gcc/arm-none-eabi/6.3.1/thumb/v7e-m\libgcc.a(_arm_addsubdf3.o)
__aeabi_cdcmpeq                                   c:/program files (x86)/atmel/studio/7.0/toolchain/arm/arm-gnu-toolchain/bin/../lib/gcc/arm-none-eabi/6.3.1/thumb/v7e-m\libgcc.a(_arm_cmpdf2.o)
__aeabi_cdcmple                                   c:/program files (x86)/atmel/studio/7.0/toolchain/arm/arm-gnu-toolchain/bin/../lib/gcc/arm-none-eabi/6.3.1/thumb/v7e-m\libgcc.a(_arm_cmpdf2.o)
__aeabi_cdrcmple                                  c:/program files (x86)/atmel/studio/7.0/toolchain/arm/arm-gnu-toolchain/bin/../lib/gcc/arm-none-eabi/6.3.1/thumb/v7e-m\libgcc.a(_arm_cmpdf2.o)
__aeabi_d2iz                                      c:/program files (x86)/atmel/studio/7.0/toolchain/arm/arm-gnu-toolchain/bin/../lib/gcc/arm-none-eabi/6.3.1/thumb/v7e-m\libgcc.a(_arm_fixdfsi.o)
                                                  c:/program files (x86)/atmel/studio/7.0/toolchain/arm/arm-gnu-toolchain/bin/../lib/gcc/arm-none-eabi/6.3.1/../../../../arm-none-eabi/lib/thumb/v7e-m\libc.a(lib_a-dtoa.o)
__aeabi_dadd                                      c:/program files (x86)/atmel/studio/7.0/toolchain/arm/arm-gnu-toolchain/bin/../lib/gcc/arm-none-eabi/6.3.1/thumb/v7e-m\libgcc.a(_arm_addsubdf3.o)
                                                  c:/program files (x86)/atmel/studio/7.0/toolchain/arm/arm-gnu-toolchain/bin/../lib/gcc/arm-none-eabi/6.3.1/../../../../arm-none-eabi/lib/thumb/v7e-m\libc.a(lib_a-dtoa.o)
__aeabi_dcmpeq                                    c:/program files (x86)/atmel/studio/7.0/toolchain/arm/arm-gnu-toolchain/bin/../lib/gcc/arm-none-eabi/6.3.1/thumb/v7e-m\libgcc.a(_arm_cmpdf2.o)
                                                  c:/program files (x86)/atmel/studio/7.0/toolchain/arm/arm-gnu-toolchain/bin/../lib/gcc/arm-none-eabi/6.3.1/../../../../arm-none-eabi/lib/thumb/v7e-m\libc.a(lib_a-dtoa.o)
                                                  c:/program files (x86)/atmel/studio/7.0/toolchain/arm/arm-gnu-toolchain/bin/../lib/gcc/arm-none-eabi/6.3.1/../../../../arm-none-eabi/lib/thumb/v7e-m\libc.a(lib_a-svfprintf.o)
__aeabi_dcmpge                                    c:/program files (x86)/atmel/studio/7.0/toolchain/arm/arm-gnu-toolchain/bin/../lib/gcc/arm-none-eabi/6.3.1/thumb/v7e-m\libgcc.a(_arm_cmpdf2.o)
                                                  c:/program files (x86)/atmel/studio/7.0/toolchain/arm/arm-gnu-toolchain/bin/../lib/gcc/arm-none-eabi/6.3.1/../../../../arm-none-eabi/lib/thumb/v7e-m\libc.a(lib_a-dtoa.o)
__aeabi_dcmpgt                                    c:/program files (x86)/atmel/studio/7.0/toolchain/arm/arm-gnu-toolchain/bin/../lib/gcc/arm-none-eabi/6.3.1/thumb/v7e-m\libgcc.a(_arm_cmpdf2.o)
                                                  c:/program files (x86)/atmel/studio/7.0/toolchain/arm/arm-gnu-toolchain/bin/../lib/gcc/arm-none-eabi/6.3.1/../../../../arm-none-eabi/lib/thumb/v7e-m\libc.a(lib_a-dtoa.o)
__aeabi_dcmple                                    c:/program files (x86)/atmel/studio/7.0/toolchain/arm/arm-gnu-toolchain/bin/../lib/gcc/arm-none-eabi/6.3.1/thumb/v7e-m\libgcc.a(_arm_cmpdf2.o)
                                                  c:/program files (x86)/atmel/studio/7.0/toolchain/arm/arm-gnu-toolchain/bin/../lib/gcc/arm-none-eabi/6.3.1/../../../../arm-none-eabi/lib/thumb/v7e-m\libc.a(lib_a-svfprintf.o)
__aeabi_dcmplt                                    c:/program files (x86)/atmel/studio/7.0/toolchain/arm/arm-gnu-toolchain/bin/../lib/gcc/arm-none-eabi/6.3.1/thumb/v7e-m\libgcc.a(_arm_cmpdf2.o)
                                                  c:/program files (x86)/atmel/studio/7.0/toolchain/arm/arm-gnu-toolchain/bin/../lib/gcc/arm-none-eabi/6.3.1/../../../../arm-none-eabi/lib/thumb/v7e-m\libc.a(lib_a-dtoa.o)
                                                  c:/program files (x86)/atmel/studio/7.0/toolchain/arm/arm-gnu-toolchain/bin/../lib/gcc/arm-none-eabi/6.3.1/../../../../arm-none-eabi/lib/thumb/v7e-m\libc.a(lib_a-svfprintf.o)
__aeabi_dcmpun                                    c:/program files (x86)/atmel/studio/7.0/toolchain/arm/arm-gnu-toolchain/bin/../lib/gcc/arm-none-eabi/6.3.1/thumb/v7e-m\libgcc.a(_arm_unorddf2.o)
                                                  c:/program files (x86)/atmel/studio/7.0/toolchain/arm/arm-gnu-toolchain/bin/../lib/gcc/arm-none-eabi/6.3.1/../../../../arm-none-eabi/lib/thumb/v7e-m\libc.a(lib_a-svfprintf.o)
__aeabi_ddiv                                      c:/program files (x86)/atmel/studio/7.0/toolchain/arm/arm-gnu-toolchain/bin/../lib/gcc/arm-none-eabi/6.3.1/thumb/v7e-m\libgcc.a(_arm_muldivdf3.o)
                                                  c:/program files (x86)/atmel/studio/7.0/toolchain/arm/arm-gnu-toolchain/bin/../lib/gcc/arm-none-eabi/6.3.1/../../../../arm-none-eabi/lib/thumb/v7e-m\libc.a(lib_a-mprec.o)
                                                  c:/program files (x86)/atmel/studio/7.0/toolchain/arm/arm-gnu-toolchain/bin/../lib/gcc/arm-none-eabi/6.3.1/../../../../arm-none-eabi/lib/thumb/v7e-m\libc.a(lib_a-dtoa.o)
__aeabi_dmul                                      c:/program files (x86)/atmel/studio/7.0/toolchain/arm/arm-gnu-toolchain/bin/../lib/gcc/arm-none-eabi/6.3.1/thumb/v7e-m\libgcc.a(_arm_muldivdf3.o)
                                                  c:/program files (x86)/atmel/studio/7.0/toolchain/arm/arm-gnu-toolchain/bin/../lib/gcc/arm-none-eabi/6.3.1/../../../../arm-none-eabi/lib/thumb/v7e-m\libc.a(lib_a-mprec.o)
                                                  c:/program files (x86)/atmel/studio/7.0/toolchain/arm/arm-gnu-toolchain/bin/../lib/gcc/arm-none-eabi/6.3.1/../../../../arm-none-eabi/lib/thumb/v7e-m\libc.a(lib_a-dtoa.o)
__aeabi_drsub                                     c:/program files (x86)/atmel/studio/7.0/toolchain/arm/arm-gnu-toolchain/bin/../lib/gcc/arm-none-eabi/6.3.1/thumb/v7e-m\libgcc.a(_arm_addsubdf3.o)
__aeabi_dsub                                      c:/program files (x86)/atmel/studio/7.0/toolchain/arm/arm-gnu-toolchain/bin/../lib/gcc/arm-none-eabi/6.3.1/thumb/v7e-m\libgcc.a(_arm_addsubdf3.o)
                                                  c:/program files (x86)/atmel/studio/7.0/toolchain/arm/arm-gnu-toolchain/bin/../lib/gcc/arm-none-eabi/6.3.1/../../../../arm-none-eabi/lib/thumb/v7e-m\libc.a(lib_a-dtoa.o)
__aeabi_f2d                                       c:/program files (x86)/atmel/studio/7.0/toolchain/arm/arm-gnu-toolchain/bin/../lib/gcc/arm-none-eabi/6.3.1/thumb/v7e-m\libgcc.a(_arm_addsubdf3.o)
__aeabi_i2d                                       c:/program files (x86)/atmel/studio/7.0/toolchain/arm/arm-gnu-toolchain/bin/../lib/gcc/arm-none-eabi/6.3.1/thumb/v7e-m\libgcc.a(_arm_addsubdf3.o)
                                                  c:/program files (x86)/atmel/studio/7.0/toolchain/arm/arm-gnu-toolchain/bin/../lib/gcc/arm-none-eabi/6.3.1/../../../../arm-none-eabi/lib/thumb/v7e-m\libc.a(lib_a-dtoa.o)
__aeabi_idiv0                                     c:/program files (x86)/atmel/studio/7.0/toolchain/arm/arm-gnu-toolchain/bin/../lib/gcc/arm-none-eabi/6.3.1/thumb/v7e-m\libgcc.a(_dvmd_tls.o)
__aeabi_l2d                                       c:/program files (x86)/atmel/studio/7.0/toolchain/arm/arm-gnu-toolchain/bin/../lib/gcc/arm-none-eabi/6.3.1/thumb/v7e-m\libgcc.a(_arm_addsubdf3.o)
__aeabi_ldiv0                                     c:/program files (x86)/atmel/studio/7.0/toolchain/arm/arm-gnu-toolchain/bin/../lib/gcc/arm-none-eabi/6.3.1/thumb/v7e-m\libgcc.a(_dvmd_tls.o)
                                                  c:/program files (x86)/atmel/studio/7.0/toolchain/arm/arm-gnu-toolchain/bin/../lib/gcc/arm-none-eabi/6.3.1/thumb/v7e-m\libgcc.a(_aeabi_uldivmod.o)
__aeabi_ui2d                                      c:/program files (x86)/atmel/studio/7.0/toolchain/arm/arm-gnu-toolchain/bin/../lib/gcc/arm-none-eabi/6.3.1/thumb/v7e-m\libgcc.a(_arm_addsubdf3.o)
                                                  c:/program files (x86)/atmel/studio/7.0/toolchain/arm/arm-gnu-toolchain/bin/../lib/gcc/arm-none-eabi/6.3.1/../../../../arm-none-eabi/lib/thumb/v7e-m\libc.a(lib_a-dtoa.o)
__aeabi_ul2d                                      c:/program files (x86)/atmel/studio/7.0/toolchain/arm/arm-gnu-toolchain/bin/../lib/gcc/arm-none-eabi/6.3.1/thumb/v7e-m\libgcc.a(_arm_addsubdf3.o)
__aeabi_uldivmod                                  c:/program files (x86)/atmel/studio/7.0/toolchain/arm/arm-gnu-toolchain/bin/../lib/gcc/arm-none-eabi/6.3.1/thumb/v7e-m\libgcc.a(_aeabi_uldivmod.o)
                                                  c:/program files (x86)/atmel/studio/7.0/toolchain/arm/arm-gnu-toolchain/bin/../lib/gcc/arm-none-eabi/6.3.1/../../../../arm-none-eabi/lib/thumb/v7e-m\libc.a(lib_a-svfiprintf.o)
                                                  c:/program files (x86)/atmel/studio/7.0/toolchain/arm/arm-gnu-toolchain/bin/../lib/gcc/arm-none-eabi/6.3.1/../../../../arm-none-eabi/lib/thumb/v7e-m\libc.a(lib_a-svfprintf.o)
                                                  src/can_app.o
__any_on                                          c:/program files (x86)/atmel/studio/7.0/toolchain/arm/arm-gnu-toolchain/bin/../lib/gcc/arm-none-eabi/6.3.1/../../../../arm-none-eabi/lib/thumb/v7e-m\libc.a(lib_a-mprec.o)
__ascii_mbtowc                                    c:/program files (x86)/atmel/studio/7.0/toolchain/arm/arm-gnu-toolchain/bin/../lib/gcc/arm-none-eabi/6.3.1/../../../../arm-none-eabi/lib/thumb/v7e-m\libc.a(lib_a-mbtowc_r.o)
                                                  c:/program files (x86)/atmel/studio/7.0/toolchain/arm/arm-gnu-toolchain/bin/../lib/gcc/arm-none-eabi/6.3.1/../../../../arm-none-eabi/lib/thumb/v7e-m\libc.a(lib_a-locale.o)
__ascii_wctomb                                    c:/program files (x86)/atmel/studio/7.0/toolchain/arm/arm-gnu-toolchain/bin/../lib/gcc/arm-none-eabi/6.3.1/../../../../arm-none-eabi/lib/thumb/v7e-m\libc.a(lib_a-wctomb_r.o)
                                                  c:/program files (x86)/atmel/studio/7.0/toolchain/arm/arm-gnu-toolchain/bin/../lib/gcc/arm-none-eabi/6.3.1/../../../../arm-none-eabi/lib/thumb/v7e-m\libc.a(lib_a-locale.o)
__atexit_recursive_mutex                          c:/program files (x86)/atmel/studio/7.0/toolchain/arm/arm-gnu-toolchain/bin/../lib/gcc/arm-none-eabi/6.3.1/../../../../arm-none-eabi/lib/thumb/v7e-m\libc.a(lib_a-__call_atexit.o)
                                                  c:/program files (x86)/atmel/studio/7.0/toolchain/arm/arm-gnu-toolchain/bin/../lib/gcc/arm-none-eabi/6.3.1/../../../../arm-none-eabi/lib/thumb/v7e-m\libc.a(lib_a-__atexit.o)
__b2d                                             c:/program files (x86)/atmel/studio/7.0/toolchain/arm/arm-gnu-toolchain/bin/../lib/gcc/arm-none-eabi/6.3.1/../../../../arm-none-eabi/lib/thumb/v7e-m\libc.a(lib_a-mprec.o)
__bss_end__                                       c:/program files (x86)/atmel/studio/7.0/toolchain/arm/arm-gnu-toolchain/bin/../lib/gcc/arm-none-eabi/6.3.1/../../../../arm-none-eabi/lib/thumb/v7e-m/crt0.o
__bss_start__                                     c:/program files (x86)/atmel/studio/7.0/toolchain/arm/arm-gnu-toolchain/bin/../lib/gcc/arm-none-eabi/6.3.1/../../../../arm-none-eabi/lib/thumb/v7e-m/crt0.o
__call_exitprocs                                  c:/program files (x86)/atmel/studio/7.0/toolchain/arm/arm-gnu-toolchain/bin/../lib/gcc/arm-none-eabi/6.3.1/../../../../arm-none-eabi/lib/thumb/v7e-m\libc.a(lib_a-__call_atexit.o)
                                                  c:/program files (x86)/atmel/studio/7.0/toolchain/arm/arm-gnu-toolchain/bin/../lib/gcc/arm-none-eabi/6.3.1/../../../../arm-none-eabi/lib/thumb/v7e-m\libc.a(lib_a-exit.o)
__cmpdf2                                          c:/program files (x86)/atmel/studio/7.0/toolchain/arm/arm-gnu-toolchain/bin/../lib/gcc/arm-none-eabi/6.3.1/thumb/v7e-m\libgcc.a(_arm_cmpdf2.o)
__copybits                                        c:/program files (x86)/atmel/studio/7.0/toolchain/arm/arm-gnu-toolchain/bin/../lib/gcc/arm-none-eabi/6.3.1/../../../../arm-none-eabi/lib/thumb/v7e-m\libc.a(lib_a-mprec.o)
__d2b                                             c:/program files (x86)/atmel/studio/7.0/toolchain/arm/arm-gnu-toolchain/bin/../lib/gcc/arm-none-eabi/6.3.1/../../../../arm-none-eabi/lib/thumb/v7e-m\libc.a(lib_a-mprec.o)