Archive member included to satisfy reference by file (symbol)

c:/program files (x86)/atmel/studio/7.0/toolchain/arm/arm-gnu-toolchain/bin/../lib/gcc/arm-none-eabi/6.3.1/thumb/v7e-m\libgcc.a(_aeabi_uldivmod.o)
                              src/can_app.o (__aeabi_uldivmod)
c:/program files (x86)/atmel/studio/7.0/toolchain/arm/arm-gnu-toolchain/bin/../lib/gcc/arm-none-eabi/6.3.1/thumb/v7e-m\libgcc.a(_udivmoddi4.o)
                              c:/program files (x86)/atmel/studio/7.0/toolchain/arm/arm-gnu-toolchain/bin/../lib/gcc/arm-none-eabi/6.3.1/thumb/v7e-m\libgcc.a(_aeabi_uldivmod.o) (__udivmoddi4)
c:/program files (x86)/atmel/studio/7.0/toolchain/arm/arm-gnu-toolchain/bin/../lib/gcc/arm-none-eabi/6.3.1/thumb/v7e-m\libgcc.a(_dvmd_tls.o)
                              c:/program files (x86)/atmel/studio/7.0/toolchain/arm/arm-gnu-toolchain/bin/../lib/gcc/arm-none-eabi/6.3.1/thumb/v7e-m\libgcc.a(_aeabi_uldivmod.o) (__aeabi_ldiv0)
c:/program files (x86)/atmel/studio/7.0/toolchain/arm/arm-gnu-toolchain/bin/../lib/gcc/arm-none-eabi/6.3.1/../../../../arm-none-eabi/lib/thumb/v7e-m\libc.a(lib_a-exit.o)
                              c:/program files (x86)/atmel/studio/7.0/toolchain/arm/arm-gnu-toolchain/bin/../lib/gcc/arm-none-eabi/6.3.1/../../../../arm-none-eabi/lib/thumb/v7e-m/crt0.o (exit)
c:/program files (x86)/atmel/studio/7.0/toolchain/arm/arm-gnu-toolchain/bin/../lib/gcc/arm-none-eabi/6.3.1/../../../../arm-none-eabi/lib/thumb/v7e-m\libc.a(lib_a-impure.o)
                              c:/program files (x86)/atmel/studio/7.0/toolchain/arm/arm-gnu-toolchain/bin/../lib/gcc/arm-none-eabi/6.3.1/../../../../arm-none-eabi/lib/thumb/v7e-m\libc.a(lib_a-exit.o) (_global_impure_ptr)
c:/program files (x86)/atmel/studio/7.0/toolchain/arm/arm-gnu-toolchain/bin/../lib/gcc/arm-none-eabi/6.3.1/../../../../arm-none-eabi/lib/thumb/v7e-m\libc.a(lib_a-init.o)
                              c:/program files (x86)/atmel/studio/7.0/toolchain/arm/arm-gnu-toolchain/bin/../lib/gcc/arm-none-eabi/6.3.1/../../../../arm-none-eabi/lib/thumb/v7e-m/crt0.o (__libc_init_array)
c:/program files (x86)/atmel/studio/7.0/toolchain/arm/arm-gnu-toolchain/bin/../lib/gcc/arm-none-eabi/6.3.1/../../../../arm-none-eabi/lib/thumb/v7e-m\libc.a(lib_a-memcpy.o)
                              src/ASF/thirdparty/freertos/freertos-7.3.0/source/queue.o (memcpy)
c:/program files (x86)/atmel/studio/7.0/toolchain/arm/arm-gnu-toolchain/bin/../lib/gcc/arm-none-eabi/6.3.1/../../../../arm-none-eabi/lib/thumb/v7e-m\libc.a(lib_a-memset.o)
                              c:/program files (x86)/atmel/studio/7.0/toolchain/arm/arm-gnu-toolchain/bin/../lib/gcc/arm-none-eabi/6.3.1/../../../../arm-none-eabi/lib/thumb/v7e-m/crt0.o (memset)
c:/program files (x86)/atmel/studio/7.0/toolchain/arm/arm-gnu-toolchain/bin/../lib/gcc/arm-none-eabi/6.3.1/../../../../arm-none-eabi/lib/thumb/v7e-m\libc.a(lib_a-sprintf.o)
                              src/ASF/thirdparty/freertos/freertos-7.3.0/source/tasks.o (sprintf)
c:/program files (x86)/atmel/studio/7.0/toolchain/arm/arm-gnu-toolchain/bin/../lib/gcc/arm-none-eabi/6.3.1/../../../../arm-none-eabi/lib/thumb/v7e-m\libc.a(lib_a-strcat.o)
                              src/ASF/thirdparty/freertos/freertos-7.3.0/source/tasks.o (strcat)
c:/program files (x86)/atmel/studio/7.0/toolchain/arm/arm-gnu-toolchain/bin/../lib/gcc/arm-none-eabi/6.3.1/../../../../arm-none-eabi/lib/thumb/v7e-m\libc.a(lib_a-strcpy.o)
                              c:/program files (x86)/atmel/studio/7.0/toolchain/arm/arm-gnu-toolchain/bin/../lib/gcc/arm-none-eabi/6.3.1/../../../../arm-none-eabi/lib/thumb/v7e-m\libc.a(lib_a-strcat.o) (strcpy)
c:/program files (x86)/atmel/studio/7.0/toolchain/arm/arm-gnu-toolchain/bin/../lib/gcc/arm-none-eabi/6.3.1/../../../../arm-none-eabi/lib/thumb/v7e-m\libc.a(lib_a-strlen.o)
                              src/ASF/thirdparty/freertos/freertos-7.3.0/source/FreeRTOS_CLI.o (strlen)
c:/program files (x86)/atmel/studio/7.0/toolchain/arm/arm-gnu-toolchain/bin/../lib/gcc/arm-none-eabi/6.3.1/../../../../arm-none-eabi/lib/thumb/v7e-m\libc.a(lib_a-strncmp.o)
                              src/ASF/thirdparty/freertos/freertos-7.3.0/source/FreeRTOS_CLI.o (strncmp)
c:/program files (x86)/atmel/studio/7.0/toolchain/arm/arm-gnu-toolchain/bin/../lib/gcc/arm-none-eabi/6.3.1/../../../../arm-none-eabi/lib/thumb/v7e-m\libc.a(lib_a-strncpy.o)
                              src/ASF/thirdparty/freertos/freertos-7.3.0/source/FreeRTOS_CLI.o (strncpy)
c:/program files (x86)/atmel/studio/7.0/toolchain/arm/arm-gnu-toolchain/bin/../lib/gcc/arm-none-eabi/6.3.1/../../../../arm-none-eabi/lib/thumb/v7e-m\libc.a(lib_a-svfprintf.o)
                              c:/program files (x86)/atmel/studio/7.0/toolchain/arm/arm-gnu-toolchain/bin/../lib/gcc/arm-none-eabi/6.3.1/../../../../arm-none-eabi/lib/thumb/v7e-m\libc.a(lib_a-sprintf.o) (_svfprintf_r)
[...]
Memory Configuration

Name             Origin             Length             Attributes
rom              0x00400000         0x00080000         xr
ram              0x20000000         0x00020000         xrw
*default*        0x00000000         0xffffffff

Linker script and memory map

LOAD c:/program files (x86)/atmel/studio/7.0/toolchain/arm/arm-gnu-toolchain/bin/../lib/gcc/arm-none-eabi/6.3.1/thumb/v7e-m/crti.o
LOAD c:/program files (x86)/atmel/studio/7.0/toolchain/arm/arm-gnu-toolchain/bin/../lib/gcc/arm-none-eabi/6.3.1/thumb/v7e-m/crtbegin.o
LOAD c:/program files (x86)/atmel/studio/7.0/toolchain/arm/arm-gnu-toolchain/bin/../lib/gcc/arm-none-eabi/6.3.1/../../../../arm-none-eabi/lib/thumb/v7e-m/crt0.o
LOAD Device_Startup/startup_sam4e.o
LOAD Device_Startup/system_sam4e.o
LOAD main.o
LOAD src/ASF/common/boards/user_board/board_init.o
LOAD src/ASF/sam/drivers/pio/pio_handler.o
LOAD src/ASF/sam/drivers/tc/tc.o
LOAD src/ASF/thirdparty/freertos/freertos-7.3.0/source/FreeRTOS_CLI.o
LOAD src/ASF/thirdparty/freertos/freertos-7.3.0/source/list.o
LOAD src/ASF/thirdparty/freertos/freertos-7.3.0/source/portable/gcc/sam_cm4f/port.o
LOAD src/ASF/thirdparty/freertos/freertos-7.3.0/source/portable/memmang/heap_4.o
LOAD src/ASF/thirdparty/freertos/freertos-7.3.0/source/queue.o
LOAD src/ASF/thirdparty/freertos/freertos-7.3.0/source/tasks.o
LOAD src/ASF/thirdparty/freertos/freertos-7.3.0/source/timers.o
LOAD src/can_app.o
LOAD src/encoder.o
LOAD src/tasks.o
LOAD src/WIB_Init.o
LOAD src/ASF/common/services/delay/sam/cycle_counter.o
LOAD src/ASF/common/services/clock/sam4e/sysclk.o
LOAD src/ASF/sam/drivers/can/can.o
LOAD src/ASF/sam/drivers/pio/pio.o
LOAD src/ASF/sam/drivers/pmc/pmc.o
LOAD src/ASF/sam/drivers/pmc/sleep.o
LOAD src/ASF/common/utils/interrupt/interrupt_sam_nvic.o
LOAD src/ASF/sam/utils/syscalls/gcc/syscalls.o
START GROUP
LOAD ../src/ASF/thirdparty/CMSIS/Lib/GCC\libarm_cortexM4lf_math_softfp.a
LOAD c:/program files (x86)/atmel/studio/7.0/toolchain/arm/arm-gnu-toolchain/bin/../lib/gcc/arm-none-eabi/6.3.1/../../../../arm-none-eabi/lib/thumb/v7e-m\libm.a
END GROUP
START GROUP
LOAD c:/program files (x86)/atmel/studio/7.0/toolchain/arm/arm-gnu-toolchain/bin/../lib/gcc/arm-none-eabi/6.3.1/thumb/v7e-m\libgcc.a
LOAD c:/program files (x86)/atmel/studio/7.0/toolchain/arm/arm-gnu-toolchain/bin/../lib/gcc/arm-none-eabi/6.3.1/../../../../arm-none-eabi/lib/thumb/v7e-m\libc.a
END GROUP
LOAD c:/program files (x86)/atmel/studio/7.0/toolchain/arm/arm-gnu-toolchain/bin/../lib/gcc/arm-none-eabi/6.3.1/thumb/v7e-m/crtend.o
LOAD c:/program files (x86)/atmel/studio/7.0/toolchain/arm/arm-gnu-toolchain/bin/../lib/gcc/arm-none-eabi/6.3.1/thumb/v7e-m/crtn.o
                0x00003000                __stack_size__ = DEFINED (__stack_size__)?__stack_size__:0x3000
                0x2001fffc                __ram_end__ = ((ORIGIN (ram) + LENGTH (ram)) - 0x4)

.text           0x00400000     0x461c
                0x00400000                . = ALIGN (0x4)
                0x00400000                _sfixed = .
 *(.vectors .vectors.*)
 .vectors       0x00400000       0xf8 Device_Startup/startup_sam4e.o
                0x00400000                exception_table
 *(.text .text.* .gnu.linkonce.t.*)
 .text          0x004000f8       0x6c c:/program files (x86)/atmel/studio/7.0/toolchain/arm/arm-gnu-toolchain/bin/../lib/gcc/arm-none-eabi/6.3.1/thumb/v7e-m/crtbegin.o
 .text.Reset_Handler
                0x00400164       0x84 Device_Startup/startup_sam4e.o
                0x00400164                Reset_Handler
 .text.Dummy_Handler
                0x004001e8        0x6 Device_Startup/startup_sam4e.o
                0x004001e8                DACC_Handler
                0x004001e8                DebugMon_Handler
                0x004001e8                DMAC_Handler
                0x004001e8                HardFault_Handler
                0x004001e8                TC2_Handler
                0x004001e8                SPI_Handler
                0x004001e8                TWI1_Handler
                0x004001e8                AFEC1_Handler
                0x004001e8                NMI_Handler
                0x004001e8                TC7_Handler
                0x004001e8                USART0_Handler
                0x004001e8                RTT_Handler
                0x004001e8                RTC_Handler
                0x004001e8                UsageFault_Handler
                0x004001e8                TC6_Handler
                0x004001e8                WDT_Handler
                0x004001e8                CAN0_Handler
                0x004001e8                TC4_Handler
                0x004001e8                TC1_Handler
                0x004001e8                HSMCI_Handler
                0x004001e8                UART1_Handler
                0x004001e8                TC3_Handler
                0x004001e8                ARM_Handler
                0x004001e8                Dummy_Handler
                0x004001e8                TWI0_Handler
                0x004001e8                USART1_Handler
                0x004001e8                AFEC0_Handler
                0x004001e8                ACC_Handler
                0x004001e8                PMC_Handler
                0x004001e8                PWM_Handler
                0x004001e8                GMAC_Handler
                0x004001e8                CAN1_Handler
                0x004001e8                MemManage_Handler
                0x004001e8                SUPC_Handler
                0x004001e8                TC8_Handler
                0x004001e8                EFC_Handler
                0x004001e8                UART0_Handler
                0x004001e8                UDP_Handler
                0x004001e8                BusFault_Handler
                0x004001e8                RSTC_Handler
                0x004001e8                TC0_Handler
                0x004001e8                TC5_Handler
                0x004001e8                AES_Handler
 *fill*         0x004001ee        0x2 
 .text.SystemInit
                0x004001f0       0x7c Device_Startup/system_sam4e.o
                0x004001f0                SystemInit
 .text.SystemCoreClockUpdate
                0x0040026c      0x16c Device_Startup/system_sam4e.o
                0x0040026c                SystemCoreClockUpdate
 .text.main     0x004003d8       0x34 main.o
                0x004003d8                main
 .text.board_init
                0x0040040c       0xa8 src/ASF/common/boards/user_board/board_init.o
                0x0040040c                board_init
 .text.pio_handler_process
                0x004004b4       0xd4 src/ASF/sam/drivers/pio/pio_handler.o
                0x004004b4                pio_handler_process
 .text.PIOA_Handler
                0x00400588       0x18 src/ASF/sam/drivers/pio/pio_handler.o
                0x00400588                PIOA_Handler
 .text.PIOB_Handler
                0x004005a0       0x18 src/ASF/sam/drivers/pio/pio_handler.o
                0x004005a0                PIOB_Handler
 .text.PIOC_Handler
                0x004005b8       0x18 src/ASF/sam/drivers/pio/pio_handler.o
                0x004005b8                PIOC_Handler
 .text.PIOD_Handler
                0x004005d0       0x18 src/ASF/sam/drivers/pio/pio_handler.o
                0x004005d0                PIOD_Handler
 .text.PIOE_Handler
                0x004005e8       0x18 src/ASF/sam/drivers/pio/pio_handler.o
                0x004005e8                PIOE_Handler
 .text.vListInitialise
                0x00400600       0x40 src/ASF/thirdparty/freertos/freertos-7.3.0/source/list.o
                0x00400600                vListInitialise
 .text.vListInitialiseItem
                0x00400640       0x1a src/ASF/thirdparty/freertos/freertos-7.3.0/source/list.o
                0x00400640                vListInitialiseItem
 .text.vListInsertEnd
                0x0040065a       0x50 src/ASF/thirdparty/freertos/freertos-7.3.0/source/list.o
                0x0040065a                vListInsertEnd
 .text.vListInsert
                0x004006aa       0x72 src/ASF/thirdparty/freertos/freertos-7.3.0/source/list.o
                0x004006aa                vListInsert
 .text.uxListRemove
                0x0040071c       0x54 src/ASF/thirdparty/freertos/freertos-7.3.0/source/list.o
                0x0040071c                uxListRemove
 .text.osc_get_rate
                0x00400770       0x78 src/ASF/thirdparty/freertos/freertos-7.3.0/source/portable/gcc/sam_cm4f/port.o
 .text.sysclk_get_main_hz
                0x004007e8       0x20 src/ASF/thirdparty/freertos/freertos-7.3.0/source/portable/gcc/sam_cm4f/port.o
 .text.sysclk_get_cpu_hz
                0x00400808       0x14 src/ASF/thirdparty/freertos/freertos-7.3.0/source/portable/gcc/sam_cm4f/port.o
 .text.pxPortInitialiseStack
                0x0040081c       0x60 src/ASF/thirdparty/freertos/freertos-7.3.0/source/portable/gcc/sam_cm4f/port.o
                0x0040081c                pxPortInitialiseStack
 .text.SVC_Handler
                0x0040087c       0x20 src/ASF/thirdparty/freertos/freertos-7.3.0/source/portable/gcc/sam_cm4f/port.o
                0x0040087c                SVC_Handler
 .text.prvPortStartFirstTask
                0x0040089c       0x18 src/ASF/thirdparty/freertos/freertos-7.3.0/source/portable/gcc/sam_cm4f/port.o
 .text.xPortStartScheduler
                0x004008b4       0x58 src/ASF/thirdparty/freertos/freertos-7.3.0/source/portable/gcc/sam_cm4f/port.o
                0x004008b4                xPortStartScheduler
 .text.vPortYieldFromISR
                0x0040090c       0x1c src/ASF/thirdparty/freertos/freertos-7.3.0/source/portable/gcc/sam_cm4f/port.o
                0x0040090c                vPortYieldFromISR
 .text.vPortEnterCritical
                0x00400928       0x20 src/ASF/thirdparty/freertos/freertos-7.3.0/source/portable/gcc/sam_cm4f/port.o
                0x00400928                vPortEnterCritical
 .text.vPortExitCritical
                0x00400948       0x28 src/ASF/thirdparty/freertos/freertos-7.3.0/source/portable/gcc/sam_cm4f/port.o
                0x00400948                vPortExitCritical
 .text.ulPortSetInterruptMask
                0x00400970       0x12 src/ASF/thirdparty/freertos/freertos-7.3.0/source/portable/gcc/sam_cm4f/port.o
                0x00400970                ulPortSetInterruptMask
 .text.vPortClearInterruptMask
                0x00400982        0x8 src/ASF/thirdparty/freertos/freertos-7.3.0/source/portable/gcc/sam_cm4f/port.o
                0x00400982                vPortClearInterruptMask
 *fill*         0x0040098a        0x2 
 .text.PendSV_Handler
                0x0040098c       0x54 src/ASF/thirdparty/freertos/freertos-7.3.0/source/portable/gcc/sam_cm4f/port.o
                0x0040098c                PendSV_Handler
 .text.SysTick_Handler
                0x004009e0       0x30 src/ASF/thirdparty/freertos/freertos-7.3.0/source/portable/gcc/sam_cm4f/port.o
                0x004009e0                SysTick_Handler
 .text.vPortSetupTimerInterrupt
                0x00400a10       0x34 src/ASF/thirdparty/freertos/freertos-7.3.0/source/portable/gcc/sam_cm4f/port.o
                0x00400a10                vPortSetupTimerInterrupt
 .text.vPortEnableVFP
                0x00400a44       0x14 src/ASF/thirdparty/freertos/freertos-7.3.0/source/portable/gcc/sam_cm4f/port.o
 .text.pvPortMalloc
                0x00400a58       0xfc src/ASF/thirdparty/freertos/freertos-7.3.0/source/portable/memmang/heap_4.o
                0x00400a58                pvPortMalloc
 .text.vPortFree
                0x00400b54       0x54 src/ASF/thirdparty/freertos/freertos-7.3.0/source/portable/memmang/heap_4.o
                0x00400b54                vPortFree
 .text.prvHeapInit
                0x00400ba8       0x90 src/ASF/thirdparty/freertos/freertos-7.3.0/source/portable/memmang/heap_4.o
 .text.prvInsertBlockIntoFreeList
                0x00400c38       0xb4 src/ASF/thirdparty/freertos/freertos-7.3.0/source/portable/memmang/heap_4.o
 .text.xQueueGenericReset
                0x00400cec       0xc8 src/ASF/thirdparty/freertos/freertos-7.3.0/source/queue.o
                0x00400cec                xQueueGenericReset
 .text.xQueueGenericCreate
                0x00400db4       0x98 src/ASF/thirdparty/freertos/freertos-7.3.0/source/queue.o
                0x00400db4                xQueueGenericCreate
 .text.xQueueGenericSend
                0x00400e4c      0x168 src/ASF/thirdparty/freertos/freertos-7.3.0/source/queue.o
                0x00400e4c                xQueueGenericSend
 .text.xQueueGenericSendFromISR
                0x00400fb4       0xbc src/ASF/thirdparty/freertos/freertos-7.3.0/source/queue.o
                0x00400fb4                xQueueGenericSendFromISR
 .text.xQueueGenericReceive
                0x00401070      0x1d4 src/ASF/thirdparty/freertos/freertos-7.3.0/source/queue.o
                0x00401070                xQueueGenericReceive
 .text.prvCopyDataToQueue
                0x00401244       0xc0 src/ASF/thirdparty/freertos/freertos-7.3.0/source/queue.o
 .text.prvCopyDataFromQueue
                0x00401304       0x50 src/ASF/thirdparty/freertos/freertos-7.3.0/source/queue.o
 .text.prvUnlockQueue
                0x00401354       0xa8 src/ASF/thirdparty/freertos/freertos-7.3.0/source/queue.o
 .text.prvIsQueueEmpty
                0x004013fc       0x34 src/ASF/thirdparty/freertos/freertos-7.3.0/source/queue.o
 .text.prvIsQueueFull
                0x00401430       0x38 src/ASF/thirdparty/freertos/freertos-7.3.0/source/queue.o
 .text.vQueueWaitForMessageRestricted
                0x00401468       0x64 src/ASF/thirdparty/freertos/freertos-7.3.0/source/queue.o
                0x00401468                vQueueWaitForMessageRestricted
 .text.xTaskGenericCreate
                0x004014cc      0x1a8 src/ASF/thirdparty/freertos/freertos-7.3.0/source/tasks.o
                0x004014cc                xTaskGenericCreate
 .text.vTaskDelay
                0x00401674       0x68 src/ASF/thirdparty/freertos/freertos-7.3.0/source/tasks.o
                0x00401674                vTaskDelay
 .text.vTaskStartScheduler
                0x004016dc       0x80 src/ASF/thirdparty/freertos/freertos-7.3.0/source/tasks.o
                0x004016dc                vTaskStartScheduler
 .text.vTaskSuspendAll
                0x0040175c       0x1c src/ASF/thirdparty/freertos/freertos-7.3.0/source/tasks.o
                0x0040175c                vTaskSuspendAll
 .text.xTaskResumeAll
                0x00401778      0x120 src/ASF/thirdparty/freertos/freertos-7.3.0/source/tasks.o
                0x00401778                xTaskResumeAll
 .text.xTaskGetTickCount
                0x00401898       0x2c src/ASF/thirdparty/freertos/freertos-7.3.0/source/tasks.o
                0x00401898                xTaskGetTickCount
 .text.vTaskIncrementTick
                0x004018c4      0x14c src/ASF/thirdparty/freertos/freertos-7.3.0/source/tasks.o
                0x004018c4                vTaskIncrementTick
 .text.vTaskSwitchContext
                0x00401a10       0xa4 src/ASF/thirdparty/freertos/freertos-7.3.0/source/tasks.o
                0x00401a10                vTaskSwitchContext
 .text.vTaskPlaceOnEventList
                0x00401ab4       0x84 src/ASF/thirdparty/freertos/freertos-7.3.0/source/tasks.o
                0x00401ab4                vTaskPlaceOnEventList
 .text.vTaskPlaceOnEventListRestricted
                0x00401b38       0x64 src/ASF/thirdparty/freertos/freertos-7.3.0/source/tasks.o
                0x00401b38                vTaskPlaceOnEventListRestricted
 .text.xTaskRemoveFromEventList
                0x00401b9c       0xbc src/ASF/thirdparty/freertos/freertos-7.3.0/source/tasks.o
                0x00401b9c                xTaskRemoveFromEventList
 .text.vTaskSetTimeOutState
                0x00401c58       0x3c src/ASF/thirdparty/freertos/freertos-7.3.0/source/tasks.o
                0x00401c58                vTaskSetTimeOutState
 .text.xTaskCheckForTimeOut
                0x00401c94       0xb4 src/ASF/thirdparty/freertos/freertos-7.3.0/source/tasks.o
                0x00401c94                xTaskCheckForTimeOut
 .text.vTaskMissedYield
                0x00401d48       0x18 src/ASF/thirdparty/freertos/freertos-7.3.0/source/tasks.o
                0x00401d48                vTaskMissedYield
 .text.prvIdleTask
                0x00401d60       0x28 src/ASF/thirdparty/freertos/freertos-7.3.0/source/tasks.o
 .text.prvInitialiseTCBVariables
                0x00401d88       0x74 src/ASF/thirdparty/freertos/freertos-7.3.0/source/tasks.o
 .text.prvInitialiseTaskLists
                0x00401dfc       0x84 src/ASF/thirdparty/freertos/freertos-7.3.0/source/tasks.o
 .text.prvCheckTasksWaitingTermination
                0x00401e80       0x90 src/ASF/thirdparty/freertos/freertos-7.3.0/source/tasks.o
 .text.prvAddCurrentTaskToDelayedList
                0x00401f10       0x70 src/ASF/thirdparty/freertos/freertos-7.3.0/source/tasks.o
 .text.prvAllocateTCBAndStack
                0x00401f80       0x70 src/ASF/thirdparty/freertos/freertos-7.3.0/source/tasks.o
 .text.prvDeleteTCB
                0x00401ff0       0x24 src/ASF/thirdparty/freertos/freertos-7.3.0/source/tasks.o
 .text.xTaskGetCurrentTaskHandle
                0x00402014       0x20 src/ASF/thirdparty/freertos/freertos-7.3.0/source/tasks.o
                0x00402014                xTaskGetCurrentTaskHandle
 .text.xTaskGetSchedulerState
                0x00402034       0x3c src/ASF/thirdparty/freertos/freertos-7.3.0/source/tasks.o
                0x00402034                xTaskGetSchedulerState
 .text.vTaskPriorityInherit
                0x00402070       0xb4 src/ASF/thirdparty/freertos/freertos-7.3.0/source/tasks.o
                0x00402070                vTaskPriorityInherit
 .text.vTaskPriorityDisinherit
                0x00402124       0x84 src/ASF/thirdparty/freertos/freertos-7.3.0/source/tasks.o
                0x00402124                vTaskPriorityDisinherit
 .text.xTimerCreateTimerTask
                0x004021a8       0x68 src/ASF/thirdparty/freertos/freertos-7.3.0/source/timers.o
                0x004021a8                xTimerCreateTimerTask
 .text.xTimerGenericCommand
                0x00402210       0x8c src/ASF/thirdparty/freertos/freertos-7.3.0/source/timers.o
                0x00402210                xTimerGenericCommand
 .text.prvProcessExpiredTimer
                0x0040229c       0x84 src/ASF/thirdparty/freertos/freertos-7.3.0/source/timers.o
 .text.prvTimerTask
                0x00402320       0x30 src/ASF/thirdparty/freertos/freertos-7.3.0/source/timers.o
 .text.prvProcessTimerOrBlockTask
                0x00402350       0x84 src/ASF/thirdparty/freertos/freertos-7.3.0/source/timers.o
 .text.prvGetNextExpireTime
                0x004023d4       0x48 src/ASF/thirdparty/freertos/freertos-7.3.0/source/timers.o
 .text.prvSampleTimeNow
                0x0040241c       0x4c src/ASF/thirdparty/freertos/freertos-7.3.0/source/timers.o
 .text.prvInsertTimerInActiveList
                0x00402468       0x88 src/ASF/thirdparty/freertos/freertos-7.3.0/source/timers.o
 .text.prvProcessReceivedCommands
                0x004024f0      0x10c src/ASF/thirdparty/freertos/freertos-7.3.0/source/timers.o
 .text.prvSwitchTimerLists
                0x004025fc       0xc8 src/ASF/thirdparty/freertos/freertos-7.3.0/source/timers.o
 .text.prvCheckForValidListAndQueue
                0x004026c4       0x64 src/ASF/thirdparty/freertos/freertos-7.3.0/source/timers.o
 .text.osc_get_rate
                0x00402728       0x78 src/can_app.o
 .text.sysclk_get_main_hz
                0x004027a0       0x20 src/can_app.o
 .text.sysclk_get_cpu_hz
                0x004027c0       0x14 src/can_app.o
 .text.sysclk_get_peripheral_hz
                0x004027d4       0x14 src/can_app.o
 .text.can0_configure_pins_local
                0x004027e8       0x38 src/can_app.o
 .text.can_app_init
                0x00402820      0x11c src/can_app.o
                0x00402820                can_app_init
 .text.can_app_tx
                0x0040293c      0x1b8 src/can_app.o
                0x0040293c                can_app_tx
 .text.can_app_reset
                0x00402af4      0x128 src/can_app.o
                0x00402af4                can_app_reset
 .text.can_rx_task
                0x00402c1c      0x138 src/can_app.o
                0x00402c1c                can_rx_task
 .text.can_app_get_status
                0x00402d54       0x4c src/can_app.o
                0x00402d54                can_app_get_status
 .text.can_status_task
                0x00402da0       0x58 src/can_app.o
                0x00402da0                can_status_task
 .text.encoder_init
                0x00402df8       0xec src/encoder.o
                0x00402df8                encoder_init
 .text.encoder_tc_init
                0x00402ee4       0x44 src/encoder.o
                0x00402ee4                encoder_tc_init
 .text.encoder_tc_channel_init
                0x00402f28       0xc0 src/encoder.o
                0x00402f28                encoder_tc_channel_init
 .text.encoder_tc_get_position
                0x00402fe8       0x30 src/encoder.o
                0x00402fe8                encoder_tc_get_position
 .text.encoder_poll
                0x00403018       0xe4 src/encoder.o
                0x00403018                encoder_poll
 .text.calculate_velocity
                0x004030fc       0x66 src/encoder.o
                0x004030fc                calculate_velocity
 *fill*         0x00403162        0x2 
 .text.apply_velocity_smoothing
                0x00403164       0x7c src/encoder.o
                0x00403164                apply_velocity_smoothing
 .text.is_direction_change_allowed
                0x004031e0       0x3a src/encoder.o
                0x004031e0                is_direction_change_allowed
 *fill*         0x0040321a        0x2 
 .text.encoder_task
                0x0040321c      0x1f0 src/encoder.o
                0x0040321c                encoder_task
 .text.task_test
                0x0040340c       0x38 src/tasks.o
                0x0040340c                task_test
 .text.create_application_tasks
                0x00403444       0xac src/tasks.o
                0x00403444                create_application_tasks
 .text.WIB_Init
                0x004034f0       0x1c src/WIB_Init.o
                0x004034f0                WIB_Init
 .text.can_set_baudrate
                0x0040350c      0x150 src/ASF/sam/drivers/can/can.o
 .text.can_init
                0x0040365c       0x88 src/ASF/sam/drivers/can/can.o
                0x0040365c                can_init
 .text.can_enable
                0x004036e4       0x20 src/ASF/sam/drivers/can/can.o
                0x004036e4                can_enable
 .text.can_disable
                0x00403704       0x20 src/ASF/sam/drivers/can/can.o
                0x00403704                can_disable
 .text.can_get_status
                0x00403724       0x18 src/ASF/sam/drivers/can/can.o
                0x00403724                can_get_status
 .text.can_global_send_transfer_cmd
                0x0040373c       0x2c src/ASF/sam/drivers/can/can.o
                0x0040373c                can_global_send_transfer_cmd
 .text.can_mailbox_get_status
                0x00403768       0x26 src/ASF/sam/drivers/can/can.o
                0x00403768                can_mailbox_get_status
 .text.can_mailbox_send_transfer_cmd
                0x0040378e       0x38 src/ASF/sam/drivers/can/can.o
                0x0040378e                can_mailbox_send_transfer_cmd
 .text.can_mailbox_init
                0x004037c6      0x124 src/ASF/sam/drivers/can/can.o
                0x004037c6                can_mailbox_init
 *fill*         0x004038ea        0x2 
 .text.can_mailbox_read
                0x004038ec       0xc4 src/ASF/sam/drivers/can/can.o
                0x004038ec                can_mailbox_read
 .text.can_mailbox_write
                0x004039b0       0xb8 src/ASF/sam/drivers/can/can.o
                0x004039b0                can_mailbox_write
 .text.can_reset_all_mailbox
                0x00403a68       0x44 src/ASF/sam/drivers/can/can.o
                0x00403a68                can_reset_all_mailbox
 .text.pio_pull_up
                0x00403aac       0x2c src/ASF/sam/drivers/pio/pio.o
                0x00403aac                pio_pull_up
 .text.pio_clear
                0x00403ad8       0x1c src/ASF/sam/drivers/pio/pio.o
                0x00403ad8                pio_clear
 .text.pio_set_peripheral
                0x00403af4      0x110 src/ASF/sam/drivers/pio/pio.o
                0x00403af4                pio_set_peripheral
 .text.pio_set_input
                0x00403c04       0x80 src/ASF/sam/drivers/pio/pio.o
                0x00403c04                pio_set_input
 .text.pio_set_output
                0x00403c84       0x64 src/ASF/sam/drivers/pio/pio.o
                0x00403c84                pio_set_output
 .text.pio_configure
                0x00403ce8       0xcc src/ASF/sam/drivers/pio/pio.o
                0x00403ce8                pio_configure
 .text.pio_disable_interrupt
                0x00403db4       0x1c src/ASF/sam/drivers/pio/pio.o
                0x00403db4                pio_disable_interrupt
 .text.pio_get_interrupt_status
                0x00403dd0       0x18 src/ASF/sam/drivers/pio/pio.o
                0x00403dd0                pio_get_interrupt_status
 .text.pio_get_interrupt_mask
                0x00403de8       0x18 src/ASF/sam/drivers/pio/pio.o
                0x00403de8                pio_get_interrupt_mask
 .text.pmc_enable_periph_clk
                0x00403e00       0x84 src/ASF/sam/drivers/pmc/pmc.o
                0x00403e00                pmc_enable_periph_clk
 .text          0x00403e84       0x30 c:/program files (x86)/atmel/studio/7.0/toolchain/arm/arm-gnu-toolchain/bin/../lib/gcc/arm-none-eabi/6.3.1/thumb/v7e-m\libgcc.a(_aeabi_uldivmod.o)
                0x00403e84                __aeabi_uldivmod
 .text          0x00403eb4      0x2dc c:/program files (x86)/atmel/studio/7.0/toolchain/arm/arm-gnu-toolchain/bin/../lib/gcc/arm-none-eabi/6.3.1/thumb/v7e-m\libgcc.a(_udivmoddi4.o)
                0x00403eb4                __udivmoddi4
 .text          0x00404190        0x4 c:/program files (x86)/atmel/studio/7.0/toolchain/arm/arm-gnu-toolchain/bin/../lib/gcc/arm-none-eabi/6.3.1/thumb/v7e-m\libgcc.a(_dvmd_tls.o)
                0x00404190                __aeabi_idiv0
                0x00404190                __aeabi_ldiv0
 .text.__libc_init_array
                0x00404194       0x50 c:/program files (x86)/atmel/studio/7.0/toolchain/arm/arm-gnu-toolchain/bin/../lib/gcc/arm-none-eabi/6.3.1/../../../../arm-none-eabi/lib/thumb/v7e-m\libc.a(lib_a-init.o)
                0x00404194                __libc_init_array
 .text          0x004041e4      0x134 c:/program files (x86)/atmel/studio/7.0/toolchain/arm/arm-gnu-toolchain/bin/../lib/gcc/arm-none-eabi/6.3.1/../../../../arm-none-eabi/lib/thumb/v7e-m\libc.a(lib_a-memcpy.o)
                0x004041e4                memcpy
 .text.memset   0x00404318       0x9c c:/program files (x86)/atmel/studio/7.0/toolchain/arm/arm-gnu-toolchain/bin/../lib/gcc/arm-none-eabi/6.3.1/../../../../arm-none-eabi/lib/thumb/v7e-m\libc.a(lib_a-memset.o)
                0x00404318                memset
 .text.strncpy  0x004043b4       0x64 c:/program files (x86)/atmel/studio/7.0/toolchain/arm/arm-gnu-toolchain/bin/../lib/gcc/arm-none-eabi/6.3.1/../../../../arm-none-eabi/lib/thumb/v7e-m\libc.a(lib_a-strncpy.o)
                0x004043b4                strncpy
 .text.startup.register_fini
                0x00404418       0x14 c:/program files (x86)/atmel/studio/7.0/toolchain/arm/arm-gnu-toolchain/bin/../lib/gcc/arm-none-eabi/6.3.1/../../../../arm-none-eabi/lib/thumb/v7e-m\libc.a(lib_a-__call_atexit.o)
 .text.atexit   0x0040442c        0xc c:/program files (x86)/atmel/studio/7.0/toolchain/arm/arm-gnu-toolchain/bin/../lib/gcc/arm-none-eabi/6.3.1/../../../../arm-none-eabi/lib/thumb/v7e-m\libc.a(lib_a-atexit.o)
                0x0040442c                atexit
 .text.__libc_fini_array
                0x00404438       0x34 c:/program files (x86)/atmel/studio/7.0/toolchain/arm/arm-gnu-toolchain/bin/../lib/gcc/arm-none-eabi/6.3.1/../../../../arm-none-eabi/lib/thumb/v7e-m\libc.a(lib_a-fini.o)
                0x00404438                __libc_fini_array
 .text.__retarget_lock_acquire_recursive
                0x0040446c        0x4 c:/program files (x86)/atmel/studio/7.0/toolchain/arm/arm-gnu-toolchain/bin/../lib/gcc/arm-none-eabi/6.3.1/../../../../arm-none-eabi/lib/thumb/v7e-m\libc.a(lib_a-lock.o)
                0x0040446c                __retarget_lock_acquire_recursive
 .text.__retarget_lock_release_recursive
                0x00404470        0x4 c:/program files (x86)/atmel/studio/7.0/toolchain/arm/arm-gnu-toolchain/bin/../lib/gcc/arm-none-eabi/6.3.1/../../../../arm-none-eabi/lib/thumb/v7e-m\libc.a(lib_a-lock.o)
                0x00404470                __retarget_lock_release_recursive
 .text.__register_exitproc
                0x00404474       0xc4 c:/program files (x86)/atmel/studio/7.0/toolchain/arm/arm-gnu-toolchain/bin/../lib/gcc/arm-none-eabi/6.3.1/../../../../arm-none-eabi/lib/thumb/v7e-m\libc.a(lib_a-__atexit.o)
                0x00404474                __register_exitproc
 *(.glue_7t)
 .glue_7t       0x00404538        0x0 linker stubs
 *(.glue_7)
 .glue_7        0x00404538        0x0 linker stubs
 *(.rodata .rodata* .gnu.linkonce.r.*)
 .rodata        0x00404538       0x1e src/ASF/thirdparty/freertos/freertos-7.3.0/source/tasks.o
 *fill*         0x00404556        0x2 
 .rodata        0x00404558        0x8 src/ASF/thirdparty/freertos/freertos-7.3.0/source/timers.o
 .rodata        0x00404560       0x28 src/tasks.o
 .rodata.can_bit_time
                0x00404588       0x6c src/ASF/sam/drivers/can/can.o
                0x00404588                can_bit_time
 .rodata._global_impure_ptr
                0x004045f4        0x4 c:/program files (x86)/atmel/studio/7.0/toolchain/arm/arm-gnu-toolchain/bin/../lib/gcc/arm-none-eabi/6.3.1/../../../../arm-none-eabi/lib/thumb/v7e-m\libc.a(lib_a-impure.o)
                0x004045f4                _global_impure_ptr
 *(.ARM.extab* .gnu.linkonce.armextab.*)
                0x004045f8                . = ALIGN (0x4)
 *(.init)
 .init          0x004045f8        0x4 c:/program files (x86)/atmel/studio/7.0/toolchain/arm/arm-gnu-toolchain/bin/../lib/gcc/arm-none-eabi/6.3.1/thumb/v7e-m/crti.o
                0x004045f8                _init
 .init          0x004045fc        0x8 c:/program files (x86)/atmel/studio/7.0/toolchain/arm/arm-gnu-toolchain/bin/../lib/gcc/arm-none-eabi/6.3.1/thumb/v7e-m/crtn.o
                0x00404604                . = ALIGN (0x4)
                0x00404604                __preinit_array_start = .
 *(.preinit_array)
                0x00404604                __preinit_array_end = .
                0x00404604                . = ALIGN (0x4)
                0x00404604                __init_array_start = .
 *(SORT(.init_array.*))
 .init_array.00000
                0x00404604        0x4 c:/program files (x86)/atmel/studio/7.0/toolchain/arm/arm-gnu-toolchain/bin/../lib/gcc/arm-none-eabi/6.3.1/../../../../arm-none-eabi/lib/thumb/v7e-m\libc.a(lib_a-__call_atexit.o)
 *(.init_array)
 .init_array    0x00404608        0x4 c:/program files (x86)/atmel/studio/7.0/toolchain/arm/arm-gnu-toolchain/bin/../lib/gcc/arm-none-eabi/6.3.1/thumb/v7e-m/crtbegin.o
                0x0040460c                __init_array_end = .
                0x0040460c                . = ALIGN (0x4)
 *crtbegin.o(.ctors)
 *(EXCLUDE_FILE(*crtend.o) .ctors)
 *(SORT(.ctors.*))
 *crtend.o(.ctors)
                0x0040460c                . = ALIGN (0x4)
 *(.fini)
 .fini          0x0040460c        0x4 c:/program files (x86)/atmel/studio/7.0/toolchain/arm/arm-gnu-toolchain/bin/../lib/gcc/arm-none-eabi/6.3.1/thumb/v7e-m/crti.o
                0x0040460c                _fini
 .fini          0x00404610        0x8 c:/program files (x86)/atmel/studio/7.0/toolchain/arm/arm-gnu-toolchain/bin/../lib/gcc/arm-none-eabi/6.3.1/thumb/v7e-m/crtn.o
                0x00404618                . = ALIGN (0x4)
                0x00404618                __fini_array_start = .
 *(.fini_array)
 .fini_array    0x00404618        0x4 c:/program files (x86)/atmel/studio/7.0/toolchain/arm/arm-gnu-toolchain/bin/../lib/gcc/arm-none-eabi/6.3.1/thumb/v7e-m/crtbegin.o
 *(SORT(.fini_array.*))
                0x0040461c                __fini_array_end = .
 *crtbegin.o(.dtors)
 *(EXCLUDE_FILE(*crtend.o) .dtors)
 *(SORT(.dtors.*))
 *crtend.o(.dtors)
                0x0040461c                . = ALIGN (0x4)
                0x0040461c                _efixed = .
                [!provide]                PROVIDE (__exidx_start, .)

.vfp11_veneer   0x0040461c        0x0
 .vfp11_veneer  0x0040461c        0x0 linker stubs

.v4_bx          0x0040461c        0x0
 .v4_bx         0x0040461c        0x0 linker stubs

.iplt           0x0040461c        0x0
 .iplt          0x0040461c        0x0 c:/program files (x86)/atmel/studio/7.0/toolchain/arm/arm-gnu-toolchain/bin/../lib/gcc/arm-none-eabi/6.3.1/thumb/v7e-m/crtbegin.o

.ARM.exidx      0x0040461c        0x8
 *(.ARM.exidx* .gnu.linkonce.armexidx.*)
 .ARM.exidx     0x0040461c        0x8 c:/program files (x86)/atmel/studio/7.0/toolchain/arm/arm-gnu-toolchain/bin/../lib/gcc/arm-none-eabi/6.3.1/thumb/v7e-m\libgcc.a(_udivmoddi4.o)
                [!provide]                PROVIDE (__exidx_end, .)

.eh_frame       0x00404624        0x0
 .eh_frame      0x00404624        0x0 c:/program files (x86)/atmel/studio/7.0/toolchain/arm/arm-gnu-toolchain/bin/../lib/gcc/arm-none-eabi/6.3.1/thumb/v7e-m/crtbegin.o

.rel.dyn        0x00404624        0x0
 .rel.iplt      0x00404624        0x0 c:/program files (x86)/atmel/studio/7.0/toolchain/arm/arm-gnu-toolchain/bin/../lib/gcc/arm-none-eabi/6.3.1/thumb/v7e-m/crtbegin.o

.jcr            0x00404624        0x0
 .jcr           0x00404624        0x0 c:/program files (x86)/atmel/studio/7.0/toolchain/arm/arm-gnu-toolchain/bin/../lib/gcc/arm-none-eabi/6.3.1/thumb/v7e-m/crtbegin.o

.igot.plt       0x00404624        0x0
 .igot.plt      0x00404624        0x0 c:/program files (x86)/atmel/studio/7.0/toolchain/arm/arm-gnu-toolchain/bin/../lib/gcc/arm-none-eabi/6.3.1/thumb/v7e-m/crtbegin.o
                0x00404624                . = ALIGN (0x4)
                0x00404624                _etext = .

.relocate       0x20000000      0x44c load address 0x00404624
                0x20000000                . = ALIGN (0x4)
                0x20000000                _srelocate = .
 *(.ramfunc .ramfunc.*)
 .ramfunc       0x20000000        0xa src/ASF/common/services/delay/sam/cycle_counter.o
                0x20000000                portable_delay_cycles
 *(.data .data.*)
 *fill*         0x2000000a        0x2 
 .data.SystemCoreClock
                0x2000000c        0x4 Device_Startup/system_sam4e.o
                0x2000000c                SystemCoreClock
 .data.uxCriticalNesting
                0x20000010        0x4 src/ASF/thirdparty/freertos/freertos-7.3.0/source/portable/gcc/sam_cm4f/port.o
 .data.xFreeBytesRemaining
                0x20000014        0x4 src/ASF/thirdparty/freertos/freertos-7.3.0/source/portable/memmang/heap_4.o
 .data.xNextTaskUnblockTime
                0x20000018        0x4 src/ASF/thirdparty/freertos/freertos-7.3.0/source/tasks.o
 *fill*         0x2000001c        0x4 
 .data.impure_data
                0x20000020      0x428 c:/program files (x86)/atmel/studio/7.0/toolchain/arm/arm-gnu-toolchain/bin/../lib/gcc/arm-none-eabi/6.3.1/../../../../arm-none-eabi/lib/thumb/v7e-m\libc.a(lib_a-impure.o)
 .data.__atexit_recursive_mutex
                0x20000448        0x4 c:/program files (x86)/atmel/studio/7.0/toolchain/arm/arm-gnu-toolchain/bin/../lib/gcc/arm-none-eabi/6.3.1/../../../../arm-none-eabi/lib/thumb/v7e-m\libc.a(lib_a-__call_atexit.o)
                0x20000448                __atexit_recursive_mutex
                0x2000044c                . = ALIGN (0x4)
                0x2000044c                _erelocate = .

.bss            0x20000450     0xa264 load address 0x00404a78
                0x20000450                . = ALIGN (0x4)
                0x20000450                _sbss = .
                0x20000450                _szero = .
 *(.bss .bss.*)
 .bss           0x20000450       0x1c c:/program files (x86)/atmel/studio/7.0/toolchain/arm/arm-gnu-toolchain/bin/../lib/gcc/arm-none-eabi/6.3.1/thumb/v7e-m/crtbegin.o
 .bss.gs_interrupt_sources
                0x2000046c       0x70 src/ASF/sam/drivers/pio/pio_handler.o
 .bss.pio_capture_handler
                0x200004dc        0x4 src/ASF/sam/drivers/pio/pio_handler.o
 .bss.xHeap     0x200004e0     0xa000 src/ASF/thirdparty/freertos/freertos-7.3.0/source/portable/memmang/heap_4.o
 .bss.xStart    0x2000a4e0        0x8 src/ASF/thirdparty/freertos/freertos-7.3.0/source/portable/memmang/heap_4.o
 .bss.pxEnd     0x2000a4e8        0x4 src/ASF/thirdparty/freertos/freertos-7.3.0/source/portable/memmang/heap_4.o
 .bss.pxCurrentTCB
                0x2000a4ec        0x4 src/ASF/thirdparty/freertos/freertos-7.3.0/source/tasks.o
                0x2000a4ec                pxCurrentTCB
 .bss.pxReadyTasksLists
                0x2000a4f0       0x64 src/ASF/thirdparty/freertos/freertos-7.3.0/source/tasks.o
 .bss.xDelayedTaskList1
                0x2000a554       0x14 src/ASF/thirdparty/freertos/freertos-7.3.0/source/tasks.o
 .bss.xDelayedTaskList2
                0x2000a568       0x14 src/ASF/thirdparty/freertos/freertos-7.3.0/source/tasks.o
 .bss.pxDelayedTaskList
                0x2000a57c        0x4 src/ASF/thirdparty/freertos/freertos-7.3.0/source/tasks.o
 .bss.pxOverflowDelayedTaskList
                0x2000a580        0x4 src/ASF/thirdparty/freertos/freertos-7.3.0/source/tasks.o
 .bss.xPendingReadyList
                0x2000a584       0x14 src/ASF/thirdparty/freertos/freertos-7.3.0/source/tasks.o
 .bss.xTasksWaitingTermination
                0x2000a598       0x14 src/ASF/thirdparty/freertos/freertos-7.3.0/source/tasks.o
 .bss.uxTasksDeleted
                0x2000a5ac        0x4 src/ASF/thirdparty/freertos/freertos-7.3.0/source/tasks.o
 .bss.xSuspendedTaskList
                0x2000a5b0       0x14 src/ASF/thirdparty/freertos/freertos-7.3.0/source/tasks.o
 .bss.uxCurrentNumberOfTasks
                0x2000a5c4        0x4 src/ASF/thirdparty/freertos/freertos-7.3.0/source/tasks.o
 .bss.xTickCount
                0x2000a5c8        0x4 src/ASF/thirdparty/freertos/freertos-7.3.0/source/tasks.o
 .bss.uxTopUsedPriority
                0x2000a5cc        0x4 src/ASF/thirdparty/freertos/freertos-7.3.0/source/tasks.o
 .bss.uxTopReadyPriority
                0x2000a5d0        0x4 src/ASF/thirdparty/freertos/freertos-7.3.0/source/tasks.o
 .bss.xSchedulerRunning
                0x2000a5d4        0x4 src/ASF/thirdparty/freertos/freertos-7.3.0/source/tasks.o
 .bss.uxSchedulerSuspended
                0x2000a5d8        0x4 src/ASF/thirdparty/freertos/freertos-7.3.0/source/tasks.o
 .bss.uxMissedTicks
                0x2000a5dc        0x4 src/ASF/thirdparty/freertos/freertos-7.3.0/source/tasks.o
 .bss.xMissedYield
                0x2000a5e0        0x4 src/ASF/thirdparty/freertos/freertos-7.3.0/source/tasks.o
 .bss.xNumOfOverflows
                0x2000a5e4        0x4 src/ASF/thirdparty/freertos/freertos-7.3.0/source/tasks.o
 .bss.uxTaskNumber
                0x2000a5e8        0x4 src/ASF/thirdparty/freertos/freertos-7.3.0/source/tasks.o
 .bss.xActiveTimerList1
                0x2000a5ec       0x14 src/ASF/thirdparty/freertos/freertos-7.3.0/source/timers.o
 .bss.xActiveTimerList2
                0x2000a600       0x14 src/ASF/thirdparty/freertos/freertos-7.3.0/source/timers.o
 .bss.pxCurrentTimerList
                0x2000a614        0x4 src/ASF/thirdparty/freertos/freertos-7.3.0/source/timers.o
 .bss.pxOverflowTimerList
                0x2000a618        0x4 src/ASF/thirdparty/freertos/freertos-7.3.0/source/timers.o
 .bss.xTimerQueue
                0x2000a61c        0x4 src/ASF/thirdparty/freertos/freertos-7.3.0/source/timers.o
 .bss.xLastTime.5664
                0x2000a620        0x4 src/ASF/thirdparty/freertos/freertos-7.3.0/source/timers.o
 .bss.encoder1_data
                0x2000a624       0x28 src/encoder.o
 .bss.encoder2_data
                0x2000a64c       0x28 src/encoder.o
 .bss.history_index.9722
                0x2000a674        0x1 src/encoder.o
 *fill*         0x2000a675        0x3 
 .bss.velocity_history.9721
                0x2000a678       0x10 src/encoder.o
 .bss.debug_counter.9739
                0x2000a688        0x4 src/encoder.o
 *(COMMON)
 COMMON         0x2000a68c        0x4 src/ASF/sam/drivers/pio/pio.o
                0x2000a68c                pio_capture_enable_flag
 COMMON         0x2000a690       0x21 c:/program files (x86)/atmel/studio/7.0/toolchain/arm/arm-gnu-toolchain/bin/../lib/gcc/arm-none-eabi/6.3.1/../../../../arm-none-eabi/lib/thumb/v7e-m\libc.a(lib_a-lock.o)
                0x2000a690                __lock___atexit_recursive_mutex
                0x2000a694                __lock___arc4random_mutex
                0x2000a698                __lock___env_recursive_mutex
                0x2000a69c                __lock___sinit_recursive_mutex
                0x2000a6a0                __lock___malloc_recursive_mutex
                0x2000a6a4                __lock___at_quick_exit_mutex
                0x2000a6a8                __lock___dd_hash_mutex
                0x2000a6ac                __lock___tz_mutex
                0x2000a6b0                __lock___sfp_recursive_mutex
                0x2000a6b4                . = ALIGN (0x4)
 *fill*         0x2000a6b1        0x3 
                0x2000a6b4                _ebss = .
                0x2000a6b4                _ezero = .

.stack          0x2000a6b4     0x3004 load address 0x0040ecdc
                0x2000a6b8                . = ALIGN (0x8)
 *fill*         0x2000a6b4        0x4 
                0x2000a6b8                _sstack = .
                0x2000d6b8                . = (. + __stack_size__)
 *fill*         0x2000a6b8     0x3000 
                0x2000d6b8                . = ALIGN (0x8)
                0x2000d6b8                _estack = .
                0x2000d6b8                . = ALIGN (0x4)
                0x2000d6b8                _end = .
OUTPUT(WorkInterfaceBoard.elf elf32-littlearm)

.ARM.attributes
                0x00000000       0x2e
 .ARM.attributes
                0x00000000       0x1e c:/program files (x86)/atmel/studio/7.0/toolchain/arm/arm-gnu-toolchain/bin/../lib/gcc/arm-none-eabi/6.3.1/thumb/v7e-m/crti.o
 .ARM.attributes
                0x0000001e       0x2e c:/program files (x86)/atmel/studio/7.0/toolchain/arm/arm-gnu-toolchain/bin/../lib/gcc/arm-none-eabi/6.3.1/thumb/v7e-m/crtbegin.o
 .ARM.attributes
                0x0000004c       0x37 Device_Startup/startup_sam4e.o
 .ARM.attributes
                0x00000083       0x37 Device_Startup/system_sam4e.o
 .ARM.attributes
                0x000000ba       0x37 main.o
 .ARM.attributes
                0x000000f1       0x37 src/ASF/common/boards/user_board/board_init.o
 .ARM.attributes
                0x00000128       0x37 src/ASF/sam/drivers/pio/pio_handler.o
 .ARM.attributes
                0x0000015f       0x37 src/ASF/thirdparty/freertos/freertos-7.3.0/source/list.o
 .ARM.attributes
                0x00000196       0x37 src/ASF/thirdparty/freertos/freertos-7.3.0/source/portable/gcc/sam_cm4f/port.o
 .ARM.attributes
                0x000001cd       0x37 src/ASF/thirdparty/freertos/freertos-7.3.0/source/portable/memmang/heap_4.o
 .ARM.attributes
                0x00000204       0x37 src/ASF/thirdparty/freertos/freertos-7.3.0/source/queue.o
 .ARM.attributes
                0x0000023b       0x37 src/ASF/thirdparty/freertos/freertos-7.3.0/source/tasks.o
 .ARM.attributes
                0x00000272       0x37 src/ASF/thirdparty/freertos/freertos-7.3.0/source/timers.o
 .ARM.attributes
                0x000002a9       0x37 src/can_app.o
 .ARM.attributes
                0x000002e0       0x37 src/encoder.o
 .ARM.attributes
                0x00000317       0x37 src/tasks.o
 .ARM.attributes
                0x0000034e       0x37 src/WIB_Init.o
 .ARM.attributes
                0x00000385       0x37 src/ASF/common/services/delay/sam/cycle_counter.o
 .ARM.attributes
                0x000003bc       0x37 src/ASF/sam/drivers/can/can.o
 .ARM.attributes
                0x000003f3       0x37 src/ASF/sam/drivers/pio/pio.o
 .ARM.attributes
                0x0000042a       0x37 src/ASF/sam/drivers/pmc/pmc.o
 .ARM.attributes
                0x00000461       0x1e c:/program files (x86)/atmel/studio/7.0/toolchain/arm/arm-gnu-toolchain/bin/../lib/gcc/arm-none-eabi/6.3.1/thumb/v7e-m\libgcc.a(_aeabi_uldivmod.o)
 .ARM.attributes
                0x0000047f       0x2e c:/program files (x86)/atmel/studio/7.0/toolchain/arm/arm-gnu-toolchain/bin/../lib/gcc/arm-none-eabi/6.3.1/thumb/v7e-m\libgcc.a(_udivmoddi4.o)
 .ARM.attributes
                0x000004ad       0x1e c:/program files (x86)/atmel/studio/7.0/toolchain/arm/arm-gnu-toolchain/bin/../lib/gcc/arm-none-eabi/6.3.1/thumb/v7e-m\libgcc.a(_dvmd_tls.o)
 .ARM.attributes
                0x000004cb       0x2e c:/program files (x86)/atmel/studio/7.0/toolchain/arm/arm-gnu-toolchain/bin/../lib/gcc/arm-none-eabi/6.3.1/../../../../arm-none-eabi/lib/thumb/v7e-m\libc.a(lib_a-impure.o)
 .ARM.attributes
                0x000004f9       0x2e c:/program files (x86)/atmel/studio/7.0/toolchain/arm/arm-gnu-toolchain/bin/../lib/gcc/arm-none-eabi/6.3.1/../../../../arm-none-eabi/lib/thumb/v7e-m\libc.a(lib_a-init.o)
 .ARM.attributes
                0x00000527       0x1c c:/program files (x86)/atmel/studio/7.0/toolchain/arm/arm-gnu-toolchain/bin/../lib/gcc/arm-none-eabi/6.3.1/../../../../arm-none-eabi/lib/thumb/v7e-m\libc.a(lib_a-memcpy.o)
 .ARM.attributes
                0x00000543       0x2e c:/program files (x86)/atmel/studio/7.0/toolchain/arm/arm-gnu-toolchain/bin/../lib/gcc/arm-none-eabi/6.3.1/../../../../arm-none-eabi/lib/thumb/v7e-m\libc.a(lib_a-memset.o)
 .ARM.attributes
                0x00000571       0x2e c:/program files (x86)/atmel/studio/7.0/toolchain/arm/arm-gnu-toolchain/bin/../lib/gcc/arm-none-eabi/6.3.1/../../../../arm-none-eabi/lib/thumb/v7e-m\libc.a(lib_a-strncpy.o)
 .ARM.attributes
                0x0000059f       0x2e c:/program files (x86)/atmel/studio/7.0/toolchain/arm/arm-gnu-toolchain/bin/../lib/gcc/arm-none-eabi/6.3.1/../../../../arm-none-eabi/lib/thumb/v7e-m\libc.a(lib_a-__call_atexit.o)
 .ARM.attributes
                0x000005cd       0x2e c:/program files (x86)/atmel/studio/7.0/toolchain/arm/arm-gnu-toolchain/bin/../lib/gcc/arm-none-eabi/6.3.1/../../../../arm-none-eabi/lib/thumb/v7e-m\libc.a(lib_a-atexit.o)
 .ARM.attributes
                0x000005fb       0x2e c:/program files (x86)/atmel/studio/7.0/toolchain/arm/arm-gnu-toolchain/bin/../lib/gcc/arm-none-eabi/6.3.1/../../../../arm-none-eabi/lib/thumb/v7e-m\libc.a(lib_a-fini.o)
 .ARM.attributes
                0x00000629       0x2e c:/program files (x86)/atmel/studio/7.0/toolchain/arm/arm-gnu-toolchain/bin/../lib/gcc/arm-none-eabi/6.3.1/../../../../arm-none-eabi/lib/thumb/v7e-m\libc.a(lib_a-lock.o)
 .ARM.attributes
                0x00000657       0x2e c:/program files (x86)/atmel/studio/7.0/toolchain/arm/arm-gnu-toolchain/bin/../lib/gcc/arm-none-eabi/6.3.1/../../../../arm-none-eabi/lib/thumb/v7e-m\libc.a(lib_a-__atexit.o)
 .ARM.attributes
                0x00000685       0x1e c:/program files (x86)/atmel/studio/7.0/toolchain/arm/arm-gnu-toolchain/bin/../lib/gcc/arm-none-eabi/6.3.1/thumb/v7e-m/crtn.o

.comment        0x00000000       0x59
 .comment       0x00000000       0x59 Device_Startup/startup_sam4e.o
                                 0x5a (size before relaxing)
 .comment       0x00000059       0x5a Device_Startup/system_sam4e.o
 .comment       0x00000059       0x5a main.o
 .comment       0x00000059       0x5a src/ASF/common/boards/user_board/board_init.o
 .comment       0x00000059       0x5a src/ASF/sam/drivers/pio/pio_handler.o
 .comment       0x00000059       0x5a src/ASF/thirdparty/freertos/freertos-7.3.0/source/list.o
 .comment       0x00000059       0x5a src/ASF/thirdparty/freertos/freertos-7.3.0/source/portable/gcc/sam_cm4f/port.o
 .comment       0x00000059       0x5a src/ASF/thirdparty/freertos/freertos-7.3.0/source/portable/memmang/heap_4.o
 .comment       0x00000059       0x5a src/ASF/thirdparty/freertos/freertos-7.3.0/source/queue.o
 .comment       0x00000059       0x5a src/ASF/thirdparty/freertos/freertos-7.3.0/source/tasks.o
 .comment       0x00000059       0x5a src/ASF/thirdparty/freertos/freertos-7.3.0/source/timers.o
 .comment       0x00000059       0x5a src/can_app.o
 .comment       0x00000059       0x5a src/encoder.o
 .comment       0x00000059       0x5a src/tasks.o
 .comment       0x00000059       0x5a src/WIB_Init.o
 .comment       0x00000059       0x5a src/ASF/common/services/delay/sam/cycle_counter.o
 .comment       0x00000059       0x5a src/ASF/sam/drivers/can/can.o
 .comment       0x00000059       0x5a src/ASF/sam/drivers/pio/pio.o
 .comment       0x00000059       0x5a src/ASF/sam/drivers/pmc/pmc.o

.debug_info     0x00000000    0x14907
 .debug_info    0x00000000      0x75d Device_Startup/startup_sam4e.o
 .debug_info    0x0000075d      0x491 Device_Startup/system_sam4e.o
 .debug_info    0x00000bee      0xa9c main.o
 .debug_info    0x0000168a     0x1087 src/ASF/common/boards/user_board/board_init.o
 .debug_info    0x00002711     0x1921 src/ASF/sam/drivers/pio/pio_handler.o
 .debug_info    0x00004032      0xbc4 src/ASF/thirdparty/freertos/freertos-7.3.0/source/list.o
 .debug_info    0x00004bf6      0xd27 src/ASF/thirdparty/freertos/freertos-7.3.0/source/portable/gcc/sam_cm4f/port.o
 .debug_info    0x0000591d      0xc53 src/ASF/thirdparty/freertos/freertos-7.3.0/source/portable/memmang/heap_4.o
 .debug_info    0x00006570     0x18cc src/ASF/thirdparty/freertos/freertos-7.3.0/source/queue.o
 .debug_info    0x00007e3c     0x1f85 src/ASF/thirdparty/freertos/freertos-7.3.0/source/tasks.o
 .debug_info    0x00009dc1      0xa49 src/ASF/thirdparty/freertos/freertos-7.3.0/source/timers.o
 .debug_info    0x0000a80a     0x1b9b src/can_app.o
 .debug_info    0x0000c3a5     0x180a src/encoder.o
 .debug_info    0x0000dbaf      0xb37 src/tasks.o
 .debug_info    0x0000e6e6      0xa93 src/WIB_Init.o
 .debug_info    0x0000f179      0xa45 src/ASF/common/services/delay/sam/cycle_counter.o
 .debug_info    0x0000fbbe     0x16aa src/ASF/sam/drivers/can/can.o
 .debug_info    0x00011268     0x1de6 src/ASF/sam/drivers/pio/pio.o
 .debug_info    0x0001304e     0x18b9 src/ASF/sam/drivers/pmc/pmc.o

.debug_abbrev   0x00000000     0x2ae5
 .debug_abbrev  0x00000000      0x153 Device_Startup/startup_sam4e.o
 .debug_abbrev  0x00000153      0x125 Device_Startup/system_sam4e.o
 .debug_abbrev  0x00000278      0x1d7 main.o
 .debug_abbrev  0x0000044f      0x200 src/ASF/common/boards/user_board/board_init.o
 .debug_abbrev  0x0000064f      0x2e7 src/ASF/sam/drivers/pio/pio_handler.o
 .debug_abbrev  0x00000936      0x1e9 src/ASF/thirdparty/freertos/freertos-7.3.0/source/list.o
 .debug_abbrev  0x00000b1f      0x304 src/ASF/thirdparty/freertos/freertos-7.3.0/source/portable/gcc/sam_cm4f/port.o
 .debug_abbrev  0x00000e23      0x2ad src/ASF/thirdparty/freertos/freertos-7.3.0/source/portable/memmang/heap_4.o
 .debug_abbrev  0x000010d0      0x26c src/ASF/thirdparty/freertos/freertos-7.3.0/source/queue.o
 .debug_abbrev  0x0000133c      0x2ad src/ASF/thirdparty/freertos/freertos-7.3.0/source/tasks.o
 .debug_abbrev  0x000015e9      0x175 src/ASF/thirdparty/freertos/freertos-7.3.0/source/timers.o
 .debug_abbrev  0x0000175e      0x33a src/can_app.o
 .debug_abbrev  0x00001a98      0x2c3 src/encoder.o
 .debug_abbrev  0x00001d5b      0x1fc src/tasks.o
 .debug_abbrev  0x00001f57      0x1e6 src/WIB_Init.o
 .debug_abbrev  0x0000213d      0x1b3 src/ASF/common/services/delay/sam/cycle_counter.o
 .debug_abbrev  0x000022f0      0x2a7 src/ASF/sam/drivers/can/can.o
 .debug_abbrev  0x00002597      0x296 src/ASF/sam/drivers/pio/pio.o
 .debug_abbrev  0x0000282d      0x2b8 src/ASF/sam/drivers/pmc/pmc.o

.debug_loc      0x00000000     0x5e0b
 .debug_loc     0x00000000       0x64 Device_Startup/startup_sam4e.o
 .debug_loc     0x00000064       0xcc Device_Startup/system_sam4e.o
 .debug_loc     0x00000130       0x2c main.o
 .debug_loc     0x0000015c       0x50 src/ASF/common/boards/user_board/board_init.o
 .debug_loc     0x000001ac      0x3e8 src/ASF/sam/drivers/pio/pio_handler.o
 .debug_loc     0x00000594      0x1cc src/ASF/thirdparty/freertos/freertos-7.3.0/source/list.o
 .debug_loc     0x00000760      0x274 src/ASF/thirdparty/freertos/freertos-7.3.0/source/portable/gcc/sam_cm4f/port.o
 .debug_loc     0x000009d4      0x1d4 src/ASF/thirdparty/freertos/freertos-7.3.0/source/portable/memmang/heap_4.o
 .debug_loc     0x00000ba8      0x85c src/ASF/thirdparty/freertos/freertos-7.3.0/source/queue.o
 .debug_loc     0x00001404      0xcad src/ASF/thirdparty/freertos/freertos-7.3.0/source/tasks.o
 .debug_loc     0x000020b1      0x43c src/ASF/thirdparty/freertos/freertos-7.3.0/source/timers.o
 .debug_loc     0x000024ed      0x41e src/can_app.o
 .debug_loc     0x0000290b      0x358 src/encoder.o
 .debug_loc     0x00002c63       0x88 src/tasks.o
 .debug_loc     0x00002ceb       0x2c src/WIB_Init.o
 .debug_loc     0x00002d17      0xd04 src/ASF/sam/drivers/can/can.o
 .debug_loc     0x00003a1b     0x1174 src/ASF/sam/drivers/pio/pio.o
 .debug_loc     0x00004b8f     0x127c src/ASF/sam/drivers/pmc/pmc.o

.debug_aranges  0x00000000      0xb40
 .debug_aranges
                0x00000000       0x28 Device_Startup/startup_sam4e.o
 .debug_aranges
                0x00000028       0x30 Device_Startup/system_sam4e.o
 .debug_aranges
                0x00000058       0x20 main.o
 .debug_aranges
                0x00000078       0x20 src/ASF/common/boards/user_board/board_init.o
 .debug_aranges
                0x00000098       0x88 src/ASF/sam/drivers/pio/pio_handler.o
 .debug_aranges
                0x00000120       0x40 src/ASF/thirdparty/freertos/freertos-7.3.0/source/list.o
 .debug_aranges
                0x00000160       0xa0 src/ASF/thirdparty/freertos/freertos-7.3.0/source/portable/gcc/sam_cm4f/port.o
 .debug_aranges
                0x00000200       0x48 src/ASF/thirdparty/freertos/freertos-7.3.0/source/portable/memmang/heap_4.o
 .debug_aranges
                0x00000248       0xe8 src/ASF/thirdparty/freertos/freertos-7.3.0/source/queue.o
 .debug_aranges
                0x00000330      0x160 src/ASF/thirdparty/freertos/freertos-7.3.0/source/tasks.o
 .debug_aranges
                0x00000490       0x88 src/ASF/thirdparty/freertos/freertos-7.3.0/source/timers.o
 .debug_aranges
                0x00000518       0x90 src/can_app.o
 .debug_aranges
                0x000005a8       0x70 src/encoder.o
 .debug_aranges
                0x00000618       0x28 src/tasks.o
 .debug_aranges
                0x00000640       0x20 src/WIB_Init.o
 .debug_aranges
                0x00000660       0x20 src/ASF/common/services/delay/sam/cycle_counter.o
 .debug_aranges
                0x00000680      0x140 src/ASF/sam/drivers/can/can.o
 .debug_aranges
                0x000007c0      0x1a8 src/ASF/sam/drivers/pio/pio.o
 .debug_aranges
                0x00000968      0x1d8 src/ASF/sam/drivers/pmc/pmc.o

.debug_ranges   0x00000000      0xa10
 .debug_ranges  0x00000000       0x18 Device_Startup/startup_sam4e.o
 .debug_ranges  0x00000018       0x20 Device_Startup/system_sam4e.o
 .debug_ranges  0x00000038       0x10 main.o
 .debug_ranges  0x00000048       0x10 src/ASF/common/boards/user_board/board_init.o
 .debug_ranges  0x00000058       0x78 src/ASF/sam/drivers/pio/pio_handler.o
 .debug_ranges  0x000000d0       0x30 src/ASF/thirdparty/freertos/freertos-7.3.0/source/list.o
 .debug_ranges  0x00000100       0x90 src/ASF/thirdparty/freertos/freertos-7.3.0/source/portable/gcc/sam_cm4f/port.o
 .debug_ranges  0x00000190       0x38 src/ASF/thirdparty/freertos/freertos-7.3.0/source/portable/memmang/heap_4.o
 .debug_ranges  0x000001c8       0xd8 src/ASF/thirdparty/freertos/freertos-7.3.0/source/queue.o
 .debug_ranges  0x000002a0      0x150 src/ASF/thirdparty/freertos/freertos-7.3.0/source/tasks.o
 .debug_ranges  0x000003f0       0x78 src/ASF/thirdparty/freertos/freertos-7.3.0/source/timers.o
 .debug_ranges  0x00000468       0x80 src/can_app.o
 .debug_ranges  0x000004e8       0x60 src/encoder.o
 .debug_ranges  0x00000548       0x18 src/tasks.o
 .debug_ranges  0x00000560       0x10 src/WIB_Init.o
 .debug_ranges  0x00000570       0x10 src/ASF/common/services/delay/sam/cycle_counter.o
 .debug_ranges  0x00000580      0x130 src/ASF/sam/drivers/can/can.o
 .debug_ranges  0x000006b0      0x198 src/ASF/sam/drivers/pio/pio.o
 .debug_ranges  0x00000848      0x1c8 src/ASF/sam/drivers/pmc/pmc.o

.debug_macro    0x00000000    0x17d5d
 .debug_macro   0x00000000      0x375 Device_Startup/startup_sam4e.o
 .debug_macro   0x00000375      0x8d4 Device_Startup/startup_sam4e.o
 .debug_macro   0x00000c49       0x22 Device_Startup/startup_sam4e.o
 .debug_macro   0x00000c6b       0x87 Device_Startup/startup_sam4e.o
 .debug_macro   0x00000cf2       0x51 Device_Startup/startup_sam4e.o
 .debug_macro   0x00000d43       0xef Device_Startup/startup_sam4e.o
 .debug_macro   0x00000e32       0x6a Device_Startup/startup_sam4e.o
 .debug_macro   0x00000e9c      0x1df Device_Startup/startup_sam4e.o
 .debug_macro   0x0000107b       0x27 Device_Startup/startup_sam4e.o
 .debug_macro   0x000010a2       0x1c Device_Startup/startup_sam4e.o
 .debug_macro   0x000010be       0x22 Device_Startup/startup_sam4e.o
 .debug_macro   0x000010e0       0xdf Device_Startup/startup_sam4e.o
 .debug_macro   0x000011bf      0xf07 Device_Startup/startup_sam4e.o
 .debug_macro   0x000020c6      0x154 Device_Startup/startup_sam4e.o
 .debug_macro   0x0000221a      0x1f7 Device_Startup/startup_sam4e.o
 .debug_macro   0x00002411      0xdb5 Device_Startup/startup_sam4e.o
 .debug_macro   0x000031c6      0x531 Device_Startup/startup_sam4e.o
 .debug_macro   0x000036f7      0x2bb Device_Startup/startup_sam4e.o
 .debug_macro   0x000039b2      0x11e Device_Startup/startup_sam4e.o
 .debug_macro   0x00003ad0       0xac Device_Startup/startup_sam4e.o
 .debug_macro   0x00003b7c      0x320 Device_Startup/startup_sam4e.o
 .debug_macro   0x00003e9c      0x53c Device_Startup/startup_sam4e.o
 .debug_macro   0x000043d8      0x106 Device_Startup/startup_sam4e.o
 .debug_macro   0x000044de      0xa97 Device_Startup/startup_sam4e.o
 .debug_macro   0x00004f75       0x1c Device_Startup/startup_sam4e.o
 .debug_macro   0x00004f91      0x755 Device_Startup/startup_sam4e.o
 .debug_macro   0x000056e6      0x23c Device_Startup/startup_sam4e.o
 .debug_macro   0x00005922       0xbe Device_Startup/startup_sam4e.o
 .debug_macro   0x000059e0     0x28ac Device_Startup/startup_sam4e.o
 .debug_macro   0x0000828c      0x7af Device_Startup/startup_sam4e.o
 .debug_macro   0x00008a3b      0xb74 Device_Startup/startup_sam4e.o
 .debug_macro   0x000095af       0x7c Device_Startup/startup_sam4e.o
 .debug_macro   0x0000962b      0x3cb Device_Startup/startup_sam4e.o
 .debug_macro   0x000099f6       0x64 Device_Startup/startup_sam4e.o
 .debug_macro   0x00009a5a      0x378 Device_Startup/startup_sam4e.o
 .debug_macro   0x00009dd2      0x6f8 Device_Startup/startup_sam4e.o
 .debug_macro   0x0000a4ca      0x6da Device_Startup/startup_sam4e.o
 .debug_macro   0x0000aba4      0x373 Device_Startup/startup_sam4e.o
 .debug_macro   0x0000af17      0x27e Device_Startup/startup_sam4e.o
 .debug_macro   0x0000b195      0x2c8 Device_Startup/startup_sam4e.o
 .debug_macro   0x0000b45d      0x6ad Device_Startup/startup_sam4e.o
 .debug_macro   0x0000bb0a       0x76 Device_Startup/startup_sam4e.o
 .debug_macro   0x0000bb80      0x336 Device_Startup/startup_sam4e.o
 .debug_macro   0x0000beb6       0x46 Device_Startup/startup_sam4e.o
 .debug_macro   0x0000befc      0x216 Device_Startup/startup_sam4e.o
 .debug_macro   0x0000c112      0x216 Device_Startup/startup_sam4e.o
 .debug_macro   0x0000c328      0x286 Device_Startup/startup_sam4e.o
 .debug_macro   0x0000c5ae       0x64 Device_Startup/startup_sam4e.o
 .debug_macro   0x0000c612       0x7c Device_Startup/startup_sam4e.o
 .debug_macro   0x0000c68e       0xb8 Device_Startup/startup_sam4e.o
 .debug_macro   0x0000c746       0x52 Device_Startup/startup_sam4e.o
 .debug_macro   0x0000c798       0x88 Device_Startup/startup_sam4e.o
 .debug_macro   0x0000c820      0x1b6 Device_Startup/startup_sam4e.o
 .debug_macro   0x0000c9d6      0x1b6 Device_Startup/startup_sam4e.o
 .debug_macro   0x0000cb8c      0x126 Device_Startup/startup_sam4e.o
 .debug_macro   0x0000ccb2       0xac Device_Startup/startup_sam4e.o
 .debug_macro   0x0000cd5e       0xac Device_Startup/startup_sam4e.o
 .debug_macro   0x0000ce0a       0x94 Device_Startup/startup_sam4e.o
 .debug_macro   0x0000ce9e       0x94 Device_Startup/startup_sam4e.o
 .debug_macro   0x0000cf32       0xca Device_Startup/startup_sam4e.o
 .debug_macro   0x0000cffc       0xca Device_Startup/startup_sam4e.o
 .debug_macro   0x0000d0c6       0x7c Device_Startup/startup_sam4e.o
 .debug_macro   0x0000d142       0x40 Device_Startup/startup_sam4e.o
 .debug_macro   0x0000d182       0xee Device_Startup/startup_sam4e.o
 .debug_macro   0x0000d270       0x46 Device_Startup/startup_sam4e.o
 .debug_macro   0x0000d2b6       0xee Device_Startup/startup_sam4e.o
 .debug_macro   0x0000d3a4       0xa0 Device_Startup/startup_sam4e.o
 .debug_macro   0x0000d444       0x7c Device_Startup/startup_sam4e.o
 .debug_macro   0x0000d4c0       0x16 Device_Startup/startup_sam4e.o
 .debug_macro   0x0000d4d6       0x22 Device_Startup/startup_sam4e.o
 .debug_macro   0x0000d4f8      0x18e Device_Startup/startup_sam4e.o
 .debug_macro   0x0000d686      0x15e Device_Startup/startup_sam4e.o
 .debug_macro   0x0000d7e4      0x15e Device_Startup/startup_sam4e.o
 .debug_macro   0x0000d942      0x15e Device_Startup/startup_sam4e.o
 .debug_macro   0x0000daa0      0x15e Device_Startup/startup_sam4e.o
 .debug_macro   0x0000dbfe       0x1c Device_Startup/startup_sam4e.o
 .debug_macro   0x0000dc1a       0x2e Device_Startup/startup_sam4e.o
 .debug_macro   0x0000dc48       0x22 Device_Startup/startup_sam4e.o
 .debug_macro   0x0000dc6a       0x1c Device_Startup/startup_sam4e.o
 .debug_macro   0x0000dc86       0x52 Device_Startup/startup_sam4e.o
 .debug_macro   0x0000dcd8       0x10 Device_Startup/startup_sam4e.o
 .debug_macro   0x0000dce8      0x2a4 Device_Startup/startup_sam4e.o
 .debug_macro   0x0000df8c      0xb43 Device_Startup/startup_sam4e.o
 .debug_macro   0x0000eacf       0xe4 Device_Startup/startup_sam4e.o
 .debug_macro   0x0000ebb3      0x38d Device_Startup/system_sam4e.o
 .debug_macro   0x0000ef40      0x78c main.o
 .debug_macro   0x0000f6cc      0x16d main.o
 .debug_macro   0x0000f839      0x71d main.o
 .debug_macro   0x0000ff56       0x76 main.o
 .debug_macro   0x0000ffcc       0x16 main.o
 .debug_macro   0x0000ffe2      0x6da main.o
 .debug_macro   0x000106bc       0x58 main.o
 .debug_macro   0x00010714       0x35 main.o
 .debug_macro   0x00010749       0x9c main.o
 .debug_macro   0x000107e5       0x16 main.o
 .debug_macro   0x000107fb       0x35 main.o
 .debug_macro   0x00010830      0x34d main.o
 .debug_macro   0x00010b7d       0x10 main.o
 .debug_macro   0x00010b8d       0x58 main.o
 .debug_macro   0x00010be5       0x1f main.o
 .debug_macro   0x00010c04       0x43 main.o
 .debug_macro   0x00010c47       0x20 main.o
 .debug_macro   0x00010c67      0x187 main.o
 .debug_macro   0x00010dee       0x10 main.o
 .debug_macro   0x00010dfe       0x1c main.o
 .debug_macro   0x00010e1a       0x52 main.o
 .debug_macro   0x00010e6c       0x40 main.o
 .debug_macro   0x00010eac       0x10 main.o
 .debug_macro   0x00010ebc       0x40 main.o
 .debug_macro   0x00010efc       0xd7 main.o
 .debug_macro   0x00010fd3       0x16 main.o
 .debug_macro   0x00010fe9      0x18b main.o
 .debug_macro   0x00011174       0x22 main.o
 .debug_macro   0x00011196       0x16 main.o
 .debug_macro   0x000111ac       0x16 main.o
 .debug_macro   0x000111c2       0x29 main.o
 .debug_macro   0x000111eb       0x73 main.o
 .debug_macro   0x0001125e       0x3e main.o
 .debug_macro   0x0001129c      0x3ca main.o
 .debug_macro   0x00011666       0x88 main.o
 .debug_macro   0x000116ee       0x76 main.o
 .debug_macro   0x00011764       0x28 main.o
 .debug_macro   0x0001178c      0x2df main.o
 .debug_macro   0x00011a6b       0x6b main.o
 .debug_macro   0x00011ad6       0x7c main.o
 .debug_macro   0x00011b52       0x40 main.o
 .debug_macro   0x00011b92       0x82 main.o
 .debug_macro   0x00011c14       0x28 main.o
 .debug_macro   0x00011c3c       0x22 main.o
 .debug_macro   0x00011c5e       0x46 main.o
 .debug_macro   0x00011ca4       0xff main.o
 .debug_macro   0x00011da3       0xab main.o
 .debug_macro   0x00011e4e       0x12 main.o
 .debug_macro   0x00011e60       0x1f main.o
 .debug_macro   0x00011e7f      0x1d2 main.o
 .debug_macro   0x00012051       0x10 main.o
 .debug_macro   0x00012061       0x16 main.o
 .debug_macro   0x00012077       0x5e main.o
 .debug_macro   0x000120d5       0x43 main.o
 .debug_macro   0x00012118       0x96 main.o
 .debug_macro   0x000121ae       0x77 main.o
 .debug_macro   0x00012225       0x5d main.o
 .debug_macro   0x00012282       0x5b main.o
 .debug_macro   0x000122dd       0x94 main.o
 .debug_macro   0x00012371       0x40 main.o
 .debug_macro   0x000123b1       0x34 main.o
 .debug_macro   0x000123e5       0x16 main.o
 .debug_macro   0x000123fb       0x3a main.o
 .debug_macro   0x00012435      0x75d src/ASF/common/boards/user_board/board_init.o
 .debug_macro   0x00012b92      0x597 src/ASF/sam/drivers/pio/pio_handler.o
 .debug_macro   0x00013129       0x8e src/ASF/sam/drivers/pio/pio_handler.o
 .debug_macro   0x000131b7      0x17f src/ASF/thirdparty/freertos/freertos-7.3.0/source/list.o
 .debug_macro   0x00013336      0x10e src/ASF/thirdparty/freertos/freertos-7.3.0/source/list.o
 .debug_macro   0x00013444       0x86 src/ASF/thirdparty/freertos/freertos-7.3.0/source/list.o
 .debug_macro   0x000134ca       0xf9 src/ASF/thirdparty/freertos/freertos-7.3.0/source/list.o
 .debug_macro   0x000135c3      0x6df src/ASF/thirdparty/freertos/freertos-7.3.0/source/portable/gcc/sam_cm4f/port.o
 .debug_macro   0x00013ca2       0x2d src/ASF/thirdparty/freertos/freertos-7.3.0/source/portable/gcc/sam_cm4f/port.o
 .debug_macro   0x00013ccf      0x2d9 src/ASF/thirdparty/freertos/freertos-7.3.0/source/portable/gcc/sam_cm4f/port.o
 .debug_macro   0x00013fa8      0x1a0 src/ASF/thirdparty/freertos/freertos-7.3.0/source/portable/memmang/heap_4.o
 .debug_macro   0x00014148      0x228 src/ASF/thirdparty/freertos/freertos-7.3.0/source/queue.o
 .debug_macro   0x00014370       0x16 src/ASF/thirdparty/freertos/freertos-7.3.0/source/queue.o
 .debug_macro   0x00014386      0x2ee src/ASF/thirdparty/freertos/freertos-7.3.0/source/tasks.o
 .debug_macro   0x00014674       0x97 src/ASF/thirdparty/freertos/freertos-7.3.0/source/tasks.o
 .debug_macro   0x0001470b       0xf6 src/ASF/thirdparty/freertos/freertos-7.3.0/source/tasks.o
 .debug_macro   0x00014801      0x102 src/ASF/thirdparty/freertos/freertos-7.3.0/source/timers.o
 .debug_macro   0x00014903      0x76c src/can_app.o
 .debug_macro   0x0001506f      0x78e src/encoder.o
 .debug_macro   0x000157fd       0x4c src/encoder.o
 .debug_macro   0x00015849      0x79c src/tasks.o
 .debug_macro   0x00015fe5       0x52 src/tasks.o
 .debug_macro   0x00016037      0x631 src/WIB_Init.o
 .debug_macro   0x00016668      0x587 src/ASF/common/services/delay/sam/cycle_counter.o
 .debug_macro   0x00016bef       0x22 src/ASF/common/services/delay/sam/cycle_counter.o
 .debug_macro   0x00016c11      0x5b1 src/ASF/sam/drivers/can/can.o
 .debug_macro   0x000171c2      0x593 src/ASF/sam/drivers/pio/pio.o
 .debug_macro   0x00017755      0x5a3 src/ASF/sam/drivers/pmc/pmc.o
 .debug_macro   0x00017cf8       0x65 src/ASF/sam/drivers/pmc/pmc.o

.debug_line     0x00000000     0xd2dc
 .debug_line    0x00000000      0x753 Device_Startup/startup_sam4e.o
 .debug_line    0x00000753      0x7ce Device_Startup/system_sam4e.o
 .debug_line    0x00000f21      0xe05 main.o
 .debug_line    0x00001d26      0xdc9 src/ASF/common/boards/user_board/board_init.o
 .debug_line    0x00002aef      0xafb src/ASF/sam/drivers/pio/pio_handler.o
 .debug_line    0x000035ea      0x472 src/ASF/thirdparty/freertos/freertos-7.3.0/source/list.o
 .debug_line    0x00003a5c      0xd09 src/ASF/thirdparty/freertos/freertos-7.3.0/source/portable/gcc/sam_cm4f/port.o
 .debug_line    0x00004765      0x4ee src/ASF/thirdparty/freertos/freertos-7.3.0/source/portable/memmang/heap_4.o
 .debug_line    0x00004c53      0x8a2 src/ASF/thirdparty/freertos/freertos-7.3.0/source/queue.o
 .debug_line    0x000054f5      0xbdf src/ASF/thirdparty/freertos/freertos-7.3.0/source/tasks.o
 .debug_line    0x000060d4      0x572 src/ASF/thirdparty/freertos/freertos-7.3.0/source/timers.o
 .debug_line    0x00006646     0x1050 src/can_app.o
 .debug_line    0x00007696      0xf81 src/encoder.o
 .debug_line    0x00008617      0xe29 src/tasks.o
 .debug_line    0x00009440      0xb2f src/WIB_Init.o
 .debug_line    0x00009f6f      0x9ad src/ASF/common/services/delay/sam/cycle_counter.o
 .debug_line    0x0000a91c      0xcc1 src/ASF/sam/drivers/can/can.o
 .debug_line    0x0000b5dd      0xdc6 src/ASF/sam/drivers/pio/pio.o
 .debug_line    0x0000c3a3      0xf39 src/ASF/sam/drivers/pmc/pmc.o

.debug_str      0x00000000    0x614cd
 .debug_str     0x00000000    0x46cc3 Device_Startup/startup_sam4e.o
                              0x46ec4 (size before relaxing)
 .debug_str     0x00046cc3      0x301 Device_Startup/system_sam4e.o
                              0x46c95 (size before relaxing)
 .debug_str     0x00046fc4    0x1607d main.o
                              0x5cc17 (size before relaxing)
 .debug_str     0x0005d041      0x357 src/ASF/common/boards/user_board/board_init.o
                              0x5ce93 (size before relaxing)
 .debug_str     0x0005d398      0x49f src/ASF/sam/drivers/pio/pio_handler.o
                              0x57e15 (size before relaxing)
 .debug_str     0x0005d837      0x185 src/ASF/thirdparty/freertos/freertos-7.3.0/source/list.o
                               0x80ed (size before relaxing)
 .debug_str     0x0005d9bc      0x61f src/ASF/thirdparty/freertos/freertos-7.3.0/source/portable/gcc/sam_cm4f/port.o
                              0x5a99b (size before relaxing)
 .debug_str     0x0005dfdb      0x25f src/ASF/thirdparty/freertos/freertos-7.3.0/source/portable/memmang/heap_4.o
                               0x8537 (size before relaxing)
 .debug_str     0x0005e23a      0x811 src/ASF/thirdparty/freertos/freertos-7.3.0/source/queue.o
                               0x8d8d (size before relaxing)
 .debug_str     0x0005ea4b      0xd9c src/ASF/thirdparty/freertos/freertos-7.3.0/source/tasks.o
                               0xab88 (size before relaxing)
 .debug_str     0x0005f7e7      0x36d src/ASF/thirdparty/freertos/freertos-7.3.0/source/timers.o
                               0x6940 (size before relaxing)
 .debug_str     0x0005fb54      0x458 src/can_app.o
                              0x5d4b0 (size before relaxing)
 .debug_str     0x0005ffac      0x4d8 src/encoder.o
                              0x5d4d8 (size before relaxing)
 .debug_str     0x00060484       0x5d src/tasks.o
                              0x5cddd (size before relaxing)
 .debug_str     0x000604e1       0x25 src/WIB_Init.o
                              0x588fc (size before relaxing)
 .debug_str     0x00060506       0x35 src/ASF/common/services/delay/sam/cycle_counter.o
                              0x5739c (size before relaxing)
 .debug_str     0x0006053b      0x433 src/ASF/sam/drivers/can/can.o
                              0x57a40 (size before relaxing)
 .debug_str     0x0006096e      0x4ee src/ASF/sam/drivers/pio/pio.o
                              0x57e94 (size before relaxing)
 .debug_str     0x00060e5c      0x671 src/ASF/sam/drivers/pmc/pmc.o
                              0x57cd4 (size before relaxing)

.debug_frame    0x00000000     0x2f44
 .debug_frame   0x00000000       0x48 Device_Startup/startup_sam4e.o
 .debug_frame   0x00000048       0x74 Device_Startup/system_sam4e.o
 .debug_frame   0x000000bc       0x2c main.o
 .debug_frame   0x000000e8       0x38 src/ASF/common/boards/user_board/board_init.o
 .debug_frame   0x00000120      0x1f8 src/ASF/sam/drivers/pio/pio_handler.o
 .debug_frame   0x00000318       0xd8 src/ASF/thirdparty/freertos/freertos-7.3.0/source/list.o
 .debug_frame   0x000003f0      0x1c8 src/ASF/thirdparty/freertos/freertos-7.3.0/source/portable/gcc/sam_cm4f/port.o
 .debug_frame   0x000005b8       0xe4 src/ASF/thirdparty/freertos/freertos-7.3.0/source/portable/memmang/heap_4.o
 .debug_frame   0x0000069c      0x3d8 src/ASF/thirdparty/freertos/freertos-7.3.0/source/queue.o
 .debug_frame   0x00000a74      0x5e0 src/ASF/thirdparty/freertos/freertos-7.3.0/source/tasks.o
 .debug_frame   0x00001054      0x218 src/ASF/thirdparty/freertos/freertos-7.3.0/source/timers.o
 .debug_frame   0x0000126c      0x240 src/can_app.o
 .debug_frame   0x000014ac      0x1a8 src/encoder.o
 .debug_frame   0x00001654       0x58 src/tasks.o
 .debug_frame   0x000016ac       0x2c src/WIB_Init.o
 .debug_frame   0x000016d8       0x20 src/ASF/common/services/delay/sam/cycle_counter.o
 .debug_frame   0x000016f8      0x5c0 src/ASF/sam/drivers/can/can.o
 .debug_frame   0x00001cb8      0x7c0 src/ASF/sam/drivers/pio/pio.o
 .debug_frame   0x00002478      0x844 src/ASF/sam/drivers/pmc/pmc.o
 .debug_frame   0x00002cbc       0x2c c:/program files (x86)/atmel/studio/7.0/toolchain/arm/arm-gnu-toolchain/bin/../lib/gcc/arm-none-eabi/6.3.1/thumb/v7e-m\libgcc.a(_aeabi_uldivmod.o)
 .debug_frame   0x00002ce8       0x34 c:/program files (x86)/atmel/studio/7.0/toolchain/arm/arm-gnu-toolchain/bin/../lib/gcc/arm-none-eabi/6.3.1/thumb/v7e-m\libgcc.a(_udivmoddi4.o)
 .debug_frame   0x00002d1c       0x2c c:/program files (x86)/atmel/studio/7.0/toolchain/arm/arm-gnu-toolchain/bin/../lib/gcc/arm-none-eabi/6.3.1/../../../../arm-none-eabi/lib/thumb/v7e-m\libc.a(lib_a-init.o)
 .debug_frame   0x00002d48       0x34 c:/program files (x86)/atmel/studio/7.0/toolchain/arm/arm-gnu-toolchain/bin/../lib/gcc/arm-none-eabi/6.3.1/../../../../arm-none-eabi/lib/thumb/v7e-m\libc.a(lib_a-memset.o)
 .debug_frame   0x00002d7c       0x34 c:/program files (x86)/atmel/studio/7.0/toolchain/arm/arm-gnu-toolchain/bin/../lib/gcc/arm-none-eabi/6.3.1/../../../../arm-none-eabi/lib/thumb/v7e-m\libc.a(lib_a-strncpy.o)
 .debug_frame   0x00002db0       0x5c c:/program files (x86)/atmel/studio/7.0/toolchain/arm/arm-gnu-toolchain/bin/../lib/gcc/arm-none-eabi/6.3.1/../../../../arm-none-eabi/lib/thumb/v7e-m\libc.a(lib_a-__call_atexit.o)
 .debug_frame   0x00002e0c       0x20 c:/program files (x86)/atmel/studio/7.0/toolchain/arm/arm-gnu-toolchain/bin/../lib/gcc/arm-none-eabi/6.3.1/../../../../arm-none-eabi/lib/thumb/v7e-m\libc.a(lib_a-atexit.o)
 .debug_frame   0x00002e2c       0x34 c:/program files (x86)/atmel/studio/7.0/toolchain/arm/arm-gnu-toolchain/bin/../lib/gcc/arm-none-eabi/6.3.1/../../../../arm-none-eabi/lib/thumb/v7e-m\libc.a(lib_a-fini.o)
 .debug_frame   0x00002e60       0xb0 c:/program files (x86)/atmel/studio/7.0/toolchain/arm/arm-gnu-toolchain/bin/../lib/gcc/arm-none-eabi/6.3.1/../../../../arm-none-eabi/lib/thumb/v7e-m\libc.a(lib_a-lock.o)
 .debug_frame   0x00002f10       0x34 c:/program files (x86)/atmel/studio/7.0/toolchain/arm/arm-gnu-toolchain/bin/../lib/gcc/arm-none-eabi/6.3.1/../../../../arm-none-eabi/lib/thumb/v7e-m\libc.a(lib_a-__atexit.o)

Cross Reference Table

Symbol                                            File
ACC_Handler                                       Device_Startup/startup_sam4e.o
AES_Handler                                       Device_Startup/startup_sam4e.o
AFEC0_Handler                                     Device_Startup/startup_sam4e.o
AFEC1_Handler                                     Device_Startup/startup_sam4e.o
ARM_Handler                                       Device_Startup/startup_sam4e.o
BusFault_Handler                                  Device_Startup/startup_sam4e.o
CAN0_Handler                                      Device_Startup/startup_sam4e.o
CAN1_Handler                                      Device_Startup/startup_sam4e.o
DACC_Handler                                      Device_Startup/startup_sam4e.o
DMAC_Handler                                      Device_Startup/startup_sam4e.o
DebugMon_Handler                                  Device_Startup/startup_sam4e.o
Dummy_Handler                                     Device_Startup/startup_sam4e.o
EFC_Handler                                       Device_Startup/startup_sam4e.o
FreeRTOS_CLIGetOutputBuffer                       src/ASF/thirdparty/freertos/freertos-7.3.0/source/FreeRTOS_CLI.o
FreeRTOS_CLIGetParameter                          src/ASF/thirdparty/freertos/freertos-7.3.0/source/FreeRTOS_CLI.o
FreeRTOS_CLIProcessCommand                        src/ASF/thirdparty/freertos/freertos-7.3.0/source/FreeRTOS_CLI.o
FreeRTOS_CLIRegisterCommand                       src/ASF/thirdparty/freertos/freertos-7.3.0/source/FreeRTOS_CLI.o
GMAC_Handler                                      Device_Startup/startup_sam4e.o
HSMCI_Handler                                     Device_Startup/startup_sam4e.o
HardFault_Handler                                 Device_Startup/startup_sam4e.o
MemManage_Handler                                 Device_Startup/startup_sam4e.o
NMI_Handler                                       Device_Startup/startup_sam4e.o
PIOA_Handler                                      src/ASF/sam/drivers/pio/pio_handler.o
                                                  Device_Startup/startup_sam4e.o
PIOB_Handler                                      src/ASF/sam/drivers/pio/pio_handler.o
                                                  Device_Startup/startup_sam4e.o
PIOC_Handler                                      src/ASF/sam/drivers/pio/pio_handler.o
                                                  Device_Startup/startup_sam4e.o
PIOD_Handler                                      src/ASF/sam/drivers/pio/pio_handler.o
                                                  Device_Startup/startup_sam4e.o
PIOE_Handler                                      src/ASF/sam/drivers/pio/pio_handler.o
                                                  Device_Startup/startup_sam4e.o
PMC_Handler                                       Device_Startup/startup_sam4e.o
PWM_Handler                                       Device_Startup/startup_sam4e.o
PendSV_Handler                                    src/ASF/thirdparty/freertos/freertos-7.3.0/source/portable/gcc/sam_cm4f/port.o
                                                  Device_Startup/startup_sam4e.o
RSTC_Handler                                      Device_Startup/startup_sam4e.o
RTC_Handler                                       Device_Startup/startup_sam4e.o
RTT_Handler                                       Device_Startup/startup_sam4e.o
Reset_Handler                                     Device_Startup/startup_sam4e.o
SPI_Handler                                       Device_Startup/startup_sam4e.o
SUPC_Handler                                      Device_Startup/startup_sam4e.o
SVC_Handler                                       src/ASF/thirdparty/freertos/freertos-7.3.0/source/portable/gcc/sam_cm4f/port.o
                                                  Device_Startup/startup_sam4e.o
SysTick_Handler                                   src/ASF/thirdparty/freertos/freertos-7.3.0/source/portable/gcc/sam_cm4f/port.o
                                                  Device_Startup/startup_sam4e.o
SystemCoreClock                                   Device_Startup/system_sam4e.o
SystemCoreClockUpdate                             Device_Startup/system_sam4e.o
                                                  src/ASF/common/services/clock/sam4e/sysclk.o
SystemInit                                        Device_Startup/system_sam4e.o
                                                  src/WIB_Init.o
TC0_Handler                                       Device_Startup/startup_sam4e.o
TC1_Handler                                       Device_Startup/startup_sam4e.o
TC2_Handler                                       Device_Startup/startup_sam4e.o
TC3_Handler                                       Device_Startup/startup_sam4e.o
TC4_Handler                                       Device_Startup/startup_sam4e.o
TC5_Handler                                       Device_Startup/startup_sam4e.o
TC6_Handler                                       Device_Startup/startup_sam4e.o
TC7_Handler                                       Device_Startup/startup_sam4e.o
TC8_Handler                                       Device_Startup/startup_sam4e.o
TWI0_Handler                                      Device_Startup/startup_sam4e.o
TWI1_Handler                                      Device_Startup/startup_sam4e.o
UART0_Handler                                     Device_Startup/startup_sam4e.o
UART1_Handler                                     Device_Startup/startup_sam4e.o
UDP_Handler                                       Device_Startup/startup_sam4e.o
USART0_Handler                                    Device_Startup/startup_sam4e.o
USART1_Handler                                    Device_Startup/startup_sam4e.o
UsageFault_Handler                                Device_Startup/startup_sam4e.o
WDT_Handler                                       Device_Startup/startup_sam4e.o
WIB_Init                                          src/WIB_Init.o
                                                  main.o
_Balloc                                           c:/program files (x86)/atmel/studio/7.0/toolchain/arm/arm-gnu-toolchain/bin/../lib/gcc/arm-none-eabi/6.3.1/../../../../arm-none-eabi/lib/thumb/v7e-m\libc.a(lib_a-mprec.o)
                                                  c:/program files (x86)/atmel/studio/7.0/toolchain/arm/arm-gnu-toolchain/bin/../lib/gcc/arm-none-eabi/6.3.1/../../../../arm-none-eabi/lib/thumb/v7e-m\libc.a(lib_a-dtoa.o)
_Bfree                                            c:/program files (x86)/atmel/studio/7.0/toolchain/arm/arm-gnu-toolchain/bin/../lib/gcc/arm-none-eabi/6.3.1/../../../../arm-none-eabi/lib/thumb/v7e-m\libc.a(lib_a-mprec.o)
                                                  c:/program files (x86)/atmel/studio/7.0/toolchain/arm/arm-gnu-toolchain/bin/../lib/gcc/arm-none-eabi/6.3.1/../../../../arm-none-eabi/lib/thumb/v7e-m\libc.a(lib_a-dtoa.o)
_Jv_RegisterClasses                               c:/program files (x86)/atmel/studio/7.0/toolchain/arm/arm-gnu-toolchain/bin/../lib/gcc/arm-none-eabi/6.3.1/thumb/v7e-m/crtbegin.o
_PathLocale                                       c:/program files (x86)/atmel/studio/7.0/toolchain/arm/arm-gnu-toolchain/bin/../lib/gcc/arm-none-eabi/6.3.1/../../../../arm-none-eabi/lib/thumb/v7e-m\libc.a(lib_a-locale.o)
__adddf3                                          c:/program files (x86)/atmel/studio/7.0/toolchain/arm/arm-gnu-toolchain/bin/../lib/gcc/arm-none-eabi/6.3.1/thumb/v7e-m\libgcc.a(_arm_addsubdf3.o)
__aeabi_cdcmpeq                                   c:/program files (x86)/atmel/studio/7.0/toolchain/arm/arm-gnu-toolchain/bin/../lib/gcc/arm-none-eabi/6.3.1/thumb/v7e-m\libgcc.a(_arm_cmpdf2.o)
__aeabi_cdcmple                                   c:/program files (x86)/atmel/studio/7.0/toolchain/arm/arm-gnu-toolchain/bin/../lib/gcc/arm-none-eabi/6.3.1/thumb/v7e-m\libgcc.a(_arm_cmpdf2.o)
__aeabi_cdrcmple                                  c:/program files (x86)/atmel/studio/7.0/toolchain/arm/arm-gnu-toolchain/bin/../lib/gcc/arm-none-eabi/6.3.1/thumb/v7e-m\libgcc.a(_arm_cmpdf2.o)
__aeabi_d2iz                                      c:/program files (x86)/atmel/studio/7.0/toolchain/arm/arm-gnu-toolchain/bin/../lib/gcc/arm-none-eabi/6.3.1/thumb/v7e-m\libgcc.a(_arm_fixdfsi.o)
                                                  c:/program files (x86)/atmel/studio/7.0/toolchain/arm/arm-gnu-toolchain/bin/../lib/gcc/arm-none-eabi/6.3.1/../../../../arm-none-eabi/lib/thumb/v7e-m\libc.a(lib_a-dtoa.o)
__aeabi_dadd                                      c:/program files (x86)/atmel/studio/7.0/toolchain/arm/arm-gnu-toolchain/bin/../lib/gcc/arm-none-eabi/6.3.1/thumb/v7e-m\libgcc.a(_arm_addsubdf3.o)
                                                  c:/program files (x86)/atmel/studio/7.0/toolchain/arm/arm-gnu-toolchain/bin/../lib/gcc/arm-none-eabi/6.3.1/../../../../arm-none-eabi/lib/thumb/v7e-m\libc.a(lib_a-dtoa.o)
__aeabi_dcmpeq                                    c:/program files (x86)/atmel/studio/7.0/toolchain/arm/arm-gnu-toolchain/bin/../lib/gcc/arm-none-eabi/6.3.1/thumb/v7e-m\libgcc.a(_arm_cmpdf2.o)
                                                  c:/program files (x86)/atmel/studio/7.0/toolchain/arm/arm-gnu-toolchain/bin/../lib/gcc/arm-none-eabi/6.3.1/../../../../arm-none-eabi/lib/thumb/v7e-m\libc.a(lib_a-dtoa.o)
                                                  c:/program files (x86)/atmel/studio/7.0/toolchain/arm/arm-gnu-toolchain/bin/../lib/gcc/arm-none-eabi/6.3.1/../../../../arm-none-eabi/lib/thumb/v7e-m\libc.a(lib_a-svfprintf.o)
__aeabi_dcmpge                                    c:/program files (x86)/atmel/studio/7.0/toolchain/arm/arm-gnu-toolchain/bin/../lib/gcc/arm-none-eabi/6.3.1/thumb/v7e-m\libgcc.a(_arm_cmpdf2.o)
                                                  c:/program files (x86)/atmel/studio/7.0/toolchain/arm/arm-gnu-toolchain/bin/../lib/gcc/arm-none-eabi/6.3.1/../../../../arm-none-eabi/lib/thumb/v7e-m\libc.a(lib_a-dtoa.o)
__aeabi_dcmpgt                                    c:/program files (x86)/atmel/studio/7.0/toolchain/arm/arm-gnu-toolchain/bin/../lib/gcc/arm-none-eabi/6.3.1/thumb/v7e-m\libgcc.a(_arm_cmpdf2.o)
                                                  c:/program files (x86)/atmel/studio/7.0/toolchain/arm/arm-gnu-toolchain/bin/../lib/gcc/arm-none-eabi/6.3.1/../../../../arm-none-eabi/lib/thumb/v7e-m\libc.a(lib_a-dtoa.o)
__aeabi_dcmple                                    c:/program files (x86)/atmel/studio/7.0/toolchain/arm/arm-gnu-toolchain/bin/../lib/gcc/arm-none-eabi/6.3.1/thumb/v7e-m\libgcc.a(_arm_cmpdf2.o)
                                                  c:/program files (x86)/atmel/studio/7.0/toolchain/arm/arm-gnu-toolchain/bin/../lib/gcc/arm-none-eabi/6.3.1/../../../../arm-none-eabi/lib/thumb/v7e-m\libc.a(lib_a-svfprintf.o)
__aeabi_dcmplt                                    c:/program files (x86)/atmel/studio/7.0/toolchain/arm/arm-gnu-toolchain/bin/../lib/gcc/arm-none-eabi/6.3.1/thumb/v7e-m\libgcc.a(_arm_cmpdf2.o)
                                                  c:/program files (x86)/atmel/studio/7.0/toolchain/arm/arm-gnu-toolchain/bin/../lib/gcc/arm-none-eabi/6.3.1/../../../../arm-none-eabi/lib/thumb/v7e-m\libc.a(lib_a-dtoa.o)
                                                  c:/program files (x86)/atmel/studio/7.0/toolchain/arm/arm-gnu-toolchain/bin/../lib/gcc/arm-none-eabi/6.3.1/../../../../arm-none-eabi/lib/thumb/v7e-m\libc.a(lib_a-svfprintf.o)
__aeabi_dcmpun                                    c:/program files (x86)/atmel/studio/7.0/toolchain/arm/arm-gnu-toolchain/bin/../lib/gcc/arm-none-eabi/6.3.1/thumb/v7e-m\libgcc.a(_arm_unorddf2.o)
                                                  c:/program files (x86)/atmel/studio/7.0/toolchain/arm/arm-gnu-toolchain/bin/../lib/gcc/arm-none-eabi/6.3.1/../../../../arm-none-eabi/lib/thumb/v7e-m\libc.a(lib_a-svfprintf.o)
__aeabi_ddiv                                      c:/program files (x86)/atmel/studio/7.0/toolchain/arm/arm-gnu-toolchain/bin/../lib/gcc/arm-none-eabi/6.3.1/thumb/v7e-m\libgcc.a(_arm_muldivdf3.o)
                                                  c:/program files (x86)/atmel/studio/7.0/toolchain/arm/arm-gnu-toolchain/bin/../lib/gcc/arm-none-eabi/6.3.1/../../../../arm-none-eabi/lib/thumb/v7e-m\libc.a(lib_a-mprec.o)
                                                  c:/program files (x86)/atmel/studio/7.0/toolchain/arm/arm-gnu-toolchain/bin/../lib/gcc/arm-none-eabi/6.3.1/../../../../arm-none-eabi/lib/thumb/v7e-m\libc.a(lib_a-dtoa.o)
__aeabi_dmul                                      c:/program files (x86)/atmel/studio/7.0/toolchain/arm/arm-gnu-toolchain/bin/../lib/gcc/arm-none-eabi/6.3.1/thumb/v7e-m\libgcc.a(_arm_muldivdf3.o)
                                                  c:/program files (x86)/atmel/studio/7.0/toolchain/arm/arm-gnu-toolchain/bin/../lib/gcc/arm-none-eabi/6.3.1/../../../../arm-none-eabi/lib/thumb/v7e-m\libc.a(lib_a-mprec.o)
                                                  c:/program files (x86)/atmel/studio/7.0/toolchain/arm/arm-gnu-toolchain/bin/../lib/gcc/arm-none-eabi/6.3.1/../../../../arm-none-eabi/lib/thumb/v7e-m\libc.a(lib_a-dtoa.o)
__aeabi_drsub                                     c:/program files (x86)/atmel/studio/7.0/toolchain/arm/arm-gnu-toolchain/bin/../lib/gcc/arm-none-eabi/6.3.1/thumb/v7e-m\libgcc.a(_arm_addsubdf3.o)
__aeabi_dsub                                      c:/program files (x86)/atmel/studio/7.0/toolchain/arm/arm-gnu-toolchain/bin/../lib/gcc/arm-none-eabi/6.3.1/thumb/v7e-m\libgcc.a(_arm_addsubdf3.o)
                                                  c:/program files (x86)/atmel/studio/7.0/toolchain/arm/arm-gnu-toolchain/bin/../lib/gcc/arm-none-eabi/6.3.1/../../../../arm-none-eabi/lib/thumb/v7e-m\libc.a(lib_a-dtoa.o)
__aeabi_f2d                                       c:/program files (x86)/atmel/studio/7.0/toolchain/arm/arm-gnu-toolchain/bin/../lib/gcc/arm-none-eabi/6.3.1/thumb/v7e-m\libgcc.a(_arm_addsubdf3.o)
__aeabi_i2d                                       c:/program files (x86)/atmel/studio/7.0/toolchain/arm/arm-gnu-toolchain/bin/../lib/gcc/arm-none-eabi/6.3.1/thumb/v7e-m\libgcc.a(_arm_addsubdf3.o)
                                                  c:/program files (x86)/atmel/studio/7.0/toolchain/arm/arm-gnu-toolchain/bin/../lib/gcc/arm-none-eabi/6.3.1/../../../../arm-none-eabi/lib/thumb/v7e-m\libc.a(lib_a-dtoa.o)
__aeabi_idiv0                                     c:/program files (x86)/atmel/studio/7.0/toolchain/arm/arm-gnu-toolchain/bin/../lib/gcc/arm-none-eabi/6.3.1/thumb/v7e-m\libgcc.a(_dvmd_tls.o)
__aeabi_l2d                                       c:/program files (x86)/atmel/studio/7.0/toolchain/arm/arm-gnu-toolchain/bin/../lib/gcc/arm-none-eabi/6.3.1/thumb/v7e-m\libgcc.a(_arm_addsubdf3.o)
__aeabi_ldiv0                                     c:/program files (x86)/atmel/studio/7.0/toolchain/arm/arm-gnu-toolchain/bin/../lib/gcc/arm-none-eabi/6.3.1/thumb/v7e-m\libgcc.a(_dvmd_tls.o)
                                                  c:/program files (x86)/atmel/studio/7.0/toolchain/arm/arm-gnu-toolchain/bin/../lib/gcc/arm-none-eabi/6.3.1/thumb/v7e-m\libgcc.a(_aeabi_uldivmod.o)
__aeabi_ui2d                                      c:/program files (x86)/atmel/studio/7.0/toolchain/arm/arm-gnu-toolchain/bin/../lib/gcc/arm-none-eabi/6.3.1/thumb/v7e-m\libgcc.a(_arm_addsubdf3.o)
                                                  c:/program files (x86)/atmel/studio/7.0/toolchain/arm/arm-gnu-toolchain/bin/../lib/gcc/arm-none-eabi/6.3.1/../../../../arm-none-eabi/lib/thumb/v7e-m\libc.a(lib_a-dtoa.o)
__aeabi_ul2d                                      c:/program files (x86)/atmel/studio/7.0/toolchain/arm/arm-gnu-toolchain/bin/../lib/gcc/arm-none-eabi/6.3.1/thumb/v7e-m\libgcc.a(_arm_addsubdf3.o)
__aeabi_uldivmod                                  c:/program files (x86)/atmel/studio/7.0/toolchain/arm/arm-gnu-toolchain/bin/../lib/gcc/arm-none-eabi/6.3.1/thumb/v7e-m\libgcc.a(_aeabi_uldivmod.o)
                                                  c:/program files (x86)/atmel/studio/7.0/toolchain/arm/arm-gnu-toolchain/bin/../lib/gcc/arm-none-eabi/6.3.1/../../../../arm-none-eabi/lib/thumb/v7e-m\libc.a(lib_a-svfiprintf.o)
                                                  c:/program files (x86)/atmel/studio/7.0/toolchain/arm/arm-gnu-toolchain/bin/../lib/gcc/arm-none-eabi/6.3.1/../../../../arm-none-eabi/lib/thumb/v7e-m\libc.a(lib_a-svfprintf.o)
                                                  src/can_app.o
__any_on                                          c:/program files (x86)/atmel/studio/7.0/toolchain/arm/arm-gnu-toolchain/bin/../lib/gcc/arm-none-eabi/6.3.1/../../../../arm-none-eabi/lib/thumb/v7e-m\libc.a(lib_a-mprec.o)
__ascii_mbtowc                                    c:/program files (x86)/atmel/studio/7.0/toolchain/arm/arm-gnu-toolchain/bin/../lib/gcc/arm-none-eabi/6.3.1/../../../../arm-none-eabi/lib/thumb/v7e-m\libc.a(lib_a-mbtowc_r.o)
                                                  c:/program files (x86)/atmel/studio/7.0/toolchain/arm/arm-gnu-toolchain/bin/../lib/gcc/arm-none-eabi/6.3.1/../../../../arm-none-eabi/lib/thumb/v7e-m\libc.a(lib_a-locale.o)
__ascii_wctomb                                    c:/program files (x86)/atmel/studio/7.0/toolchain/arm/arm-gnu-toolchain/bin/../lib/gcc/arm-none-eabi/6.3.1/../../../../arm-none-eabi/lib/thumb/v7e-m\libc.a(lib_a-wctomb_r.o)
                                                  c:/program files (x86)/atmel/studio/7.0/toolchain/arm/arm-gnu-toolchain/bin/../lib/gcc/arm-none-eabi/6.3.1/../../../../arm-none-eabi/lib/thumb/v7e-m\libc.a(lib_a-locale.o)
__atexit_recursive_mutex                          c:/program files (x86)/atmel/studio/7.0/toolchain/arm/arm-gnu-toolchain/bin/../lib/gcc/arm-none-eabi/6.3.1/../../../../arm-none-eabi/lib/thumb/v7e-m\libc.a(lib_a-__call_atexit.o)
                                                  c:/program files (x86)/atmel/studio/7.0/toolchain/arm/arm-gnu-toolchain/bin/../lib/gcc/arm-none-eabi/6.3.1/../../../../arm-none-eabi/lib/thumb/v7e-m\libc.a(lib_a-__atexit.o)
__b2d                                             c:/program files (x86)/atmel/studio/7.0/toolchain/arm/arm-gnu-toolchain/bin/../lib/gcc/arm-none-eabi/6.3.1/../../../../arm-none-eabi/lib/thumb/v7e-m\libc.a(lib_a-mprec.o)
__bss_end__                                       c:/program files (x86)/atmel/studio/7.0/toolchain/arm/arm-gnu-toolchain/bin/../lib/gcc/arm-none-eabi/6.3.1/../../../../arm-none-eabi/lib/thumb/v7e-m/crt0.o
__bss_start__                                     c:/program files (x86)/atmel/studio/7.0/toolchain/arm/arm-gnu-toolchain/bin/../lib/gcc/arm-none-eabi/6.3.1/../../../../arm-none-eabi/lib/thumb/v7e-m/crt0.o
__call_exitprocs                                  c:/program files (x86)/atmel/studio/7.0/toolchain/arm/arm-gnu-toolchain/bin/../lib/gcc/arm-none-eabi/6.3.1/../../../../arm-none-eabi/lib/thumb/v7e-m\libc.a(lib_a-__call_atexit.o)
                                                  c:/program files (x86)/atmel/studio/7.0/toolchain/arm/arm-gnu-toolchain/bin/../lib/gcc/arm-none-eabi/6.3.1/../../../../arm-none-eabi/lib/thumb/v7e-m\libc.a(lib_a-exit.o)